<?xml version="1.0" encoding="utf-8"?>
<TestRun id="ccdd6309-1198-420e-b906-b2efc42e27b1" name="novik@TIM 2026-10-08 18:37:43" runUser="TIM\novik" xmlns="http://microsoft.com/schemas/VisualStudio/TeamTest/2010">
  <Times creation="2026-10-08T18:37:43.6823117+03:00" queuing="2026-10-08T18:37:43.6823122+03:00" start="2026-10-08T18:37:40.7086695+03:00" finish="2026-10-08T18:37:44.2612456+03:00" />
  <TestSettings name="default" id="dfc8719c-960d-45cc-b1a9-c07a4e011aeb">
    <Deployment runDeploymentRoot="novik_TIM_2026-10-08_18_37_43" />
  </TestSettings>
  <Results>
    <UnitTestResult executionId="9b362748-e379-4c87-b10d-41a514ddc400" testId="a05c1258-b2fb-cd24-af1f-681fcbc65ba6" testName="Task.ServiceHosts.Tests.CalendarEventDetailsEndpointsTests.GetEvent_InvalidOrMissing_ReturnsObjectNotVisible(eventId: &quot;00000000-0000-0000-0000-000000000000&quot;)" computerName="TIM" duration="00:00:00.5805756" startTime="2026-10-08T18:37:43.0502996+03:00" endTime="2026-10-08T18:37:43.6148223+03:00" testType="13cdc9d9-ddb5-4fa4-a97d-d965ccfc6d4b" outcome="Passed" testListId="8c84fa94-04c1-424b-9868-57a2d4851a1d" relativeResultsDirectory="9b362748-e379-4c87-b10d-41a514ddc400" />
    <UnitTestResult executionId="bc87f32f-4af9-4674-a65c-4ab62d139a5e" testId="546f82e5-dff7-8393-0fdd-756494ab6855" testName="Task.ServiceHosts.Tests.CalendarScheduleEndpointsTests.GetSchedule_InvalidQuery_ReturnsStableValidationProblem(url: &quot;/api/v1/calendar?from=2026-08-20T00:00:00Z&amp;to=2026&quot;···)" computerName="TIM" duration="00:00:00.5800598" startTime="2026-10-08T18:37:43.0503425+03:00" endTime="2026-10-08T18:37:43.6149627+03:00" testType="13cdc9d9-ddb5-4fa4-a97d-d965ccfc6d4b" outcome="Passed" testListId="8c84fa94-04c1-424b-9868-57a2d4851a1d" relativeResultsDirectory="bc87f32f-4af9-4674-a65c-4ab62d139a5e" />
    <UnitTestResult executionId="2db4f530-3cdc-4f70-b981-abdfdfab4c63" testId="82b5e8c4-5709-e2f6-66e0-d5e3002576a2" testName="Task.ServiceHosts.Tests.CalendarScheduleEndpointsTests.CalendarReads_WithoutToken_Return401(url: &quot;/api/v1/calendar?from=2026-08-20T00:00:00Z&amp;to=2026&quot;···)" computerName="TIM" duration="00:00:00.0244919" startTime="2026-10-08T18:37:43.9527019+03:00" endTime="2026-10-08T18:37:43.9774912+03:00" testType="13cdc9d9-ddb5-4fa4-a97d-d965ccfc6d4b" outcome="Passed" testListId="8c84fa94-04c1-424b-9868-57a2d4851a1d" relativeResultsDirectory="2db4f530-3cdc-4f70-b981-abdfdfab4c63" />
    <UnitTestResult executionId="fb5bbbdc-887d-4708-bd92-4056cb02b816" testId="bde68dce-0246-7e6b-5ca5-7bd0c8434717" testName="Task.ServiceHosts.Tests.CalendarWriteEndpointsTests.Create_RequiresAuthenticationAndCreateCapability" computerName="TIM" duration="00:00:00.0494412" startTime="2026-10-08T18:37:43.9713150+03:00" endTime="2026-10-08T18:37:44.0214931+03:00" testType="13cdc9d9-ddb5-4fa4-a97d-d965ccfc6d4b" outcome="Passed" testListId="8c84fa94-04c1-424b-9868-57a2d4851a1d" relativeResultsDirectory="fb5bbbdc-887d-4708-bd92-4056cb02b816" />
    <UnitTestResult executionId="1059aa39-631e-4404-8b45-c2db90b5133a" testId="23738687-4c40-3d7f-7b8b-ddc026937487" testName="Task.ServiceHosts.Tests.CalendarScheduleEndpointsTests.GetSchedule_RejectsOversizedRangeInsteadOfSilentlyTruncating" computerName="TIM" duration="00:00:00.0303362" startTime="2026-10-08T18:37:44.1335988+03:00" endTime="2026-10-08T18:37:44.1648172+03:00" testType="13cdc9d9-ddb5-4fa4-a97d-d965ccfc6d4b" outcome="Passed" testListId="8c84fa94-04c1-424b-9868-57a2d4851a1d" relativeResultsDirectory="1059aa39-631e-4404-8b45-c2db90b5133a" />
    <UnitTestResult executionId="805f30cf-55ec-4603-a740-afab5cdf1992" testId="89aa11cb-a192-d1b5-fee1-e501ac68e789" testName="Task.ServiceHosts.Tests.CalendarEventDetailsEndpointsTests.GetEvent_ReturnsCanonicalDetailsAttendeesAndEtag" computerName="TIM" duration="00:00:00.0507220" startTime="2026-10-08T18:37:43.7600851+03:00" endTime="2026-10-08T18:37:43.8114833+03:00" testType="13cdc9d9-ddb5-4fa4-a97d-d965ccfc6d4b" outcome="Passed" testListId="8c84fa94-04c1-424b-9868-57a2d4851a1d" relativeResultsDirectory="805f30cf-55ec-4603-a740-afab5cdf1992" />
    <UnitTestResult executionId="6c0bed41-3185-48f0-97f7-8e3f48e071ce" testId="84e29d10-6642-a6aa-466a-170384651364" testName="Task.ServiceHosts.Tests.CalendarScheduleEndpointsTests.GetSchedule_InvalidQuery_ReturnsStableValidationProblem(url: &quot;/api/v1/calendar?from=2026-08-20T00:00:00Z&amp;to=2026&quot;···)" computerName="TIM" duration="00:00:00.0407962" startTime="2026-10-08T18:37:43.8143366+03:00" endTime="2026-10-08T18:37:43.8549946+03:00" testType="13cdc9d9-ddb5-4fa4-a97d-d965ccfc6d4b" outcome="Passed" testListId="8c84fa94-04c1-424b-9868-57a2d4851a1d" relativeResultsDirectory="6c0bed41-3185-48f0-97f7-8e3f48e071ce" />
    <UnitTestResult executionId="02cf052c-a864-4011-a4ee-099d10e79202" testId="80d1aeb1-0606-2fb8-fb94-61617309b7e7" testName="Task.ServiceHosts.Tests.CalendarScheduleEndpointsTests.GetSchedule_InvalidQuery_ReturnsStableValidationProblem(url: &quot;/api/v1/calendar&quot;)" computerName="TIM" duration="00:00:00.0389670" startTime="2026-10-08T18:37:43.6220090+03:00" endTime="2026-10-08T18:37:43.6519490+03:00" testType="13cdc9d9-ddb5-4fa4-a97d-d965ccfc6d4b" outcome="Passed" testListId="8c84fa94-04c1-424b-9868-57a2d4851a1d" relativeResultsDirectory="02cf052c-a864-4011-a4ee-099d10e79202" />
    <UnitTestResult executionId="d4f11021-7791-4ef4-9d0f-f2076e4ec18e" testId="2d93392d-2970-4774-1d88-d2e5b5b003f4" testName="Task.ServiceHosts.Tests.CalendarWriteEndpointsTests.Patch_CannotCrossTenantBoundary" computerName="TIM" duration="00:00:00.0303747" startTime="2026-10-08T18:37:43.9084508+03:00" endTime="2026-10-08T18:37:43.9390455+03:00" testType="13cdc9d9-ddb5-4fa4-a97d-d965ccfc6d4b" outcome="Passed" testListId="8c84fa94-04c1-424b-9868-57a2d4851a1d" relativeResultsDirectory="d4f11021-7791-4ef4-9d0f-f2076e4ec18e" />
    <UnitTestResult executionId="9cd00ea6-ac8c-43ee-90a8-69549fe9dca6" testId="56297fec-dcd7-f78f-dd16-68cfa99830d8" testName="Task.ServiceHosts.Tests.CalendarConflictsEndpointsTests.GetConflicts_ExcludeObjectRemovesEveryPair" computerName="TIM" duration="00:00:00.0673462" startTime="2026-10-08T18:37:43.8445143+03:00" endTime="2026-10-08T18:37:43.9146328+03:00" testType="13cdc9d9-ddb5-4fa4-a97d-d965ccfc6d4b" outcome="Passed" testListId="8c84fa94-04c1-424b-9868-57a2d4851a1d" relativeResultsDirectory="9cd00ea6-ac8c-43ee-90a8-69549fe9dca6" />
    <UnitTestResult executionId="dae157ab-db47-4230-8a71-cece774b9de7" testId="4c3a9537-ad0c-2e20-e9e7-74f559142f86" testName="Task.ServiceHosts.Tests.CalendarWriteEndpointsTests.LifecycleEndpoints_ArchiveUnarchiveTrashAndRestoreWithEtagContract" computerName="TIM" duration="00:00:00.0887372" startTime="2026-10-08T18:37:43.8093979+03:00" endTime="2026-10-08T18:37:43.9081275+03:00" testType="13cdc9d9-ddb5-4fa4-a97d-d965ccfc6d4b" outcome="Passed" testListId="8c84fa94-04c1-424b-9868-57a2d4851a1d" relativeResultsDirectory="dae157ab-db47-4230-8a71-cece774b9de7" />
    <UnitTestResult executionId="1ecd7379-00bc-4dca-a46c-f05fdd371d0e" testId="d1f81720-8e92-a49f-9a05-0599548bdfee" testName="Task.ServiceHosts.Tests.CalendarScheduleEndpointsTests.GetSchedule_InvalidQuery_ReturnsStableValidationProblem(url: &quot;/api/v1/calendar?from=2026-08-20T00:00:00Z&amp;to=2026&quot;···)" computerName="TIM" duration="00:00:00.0455432" startTime="2026-10-08T18:37:43.6640908+03:00" endTime="2026-10-08T18:37:43.6989834+03:00" testType="13cdc9d9-ddb5-4fa4-a97d-d965ccfc6d4b" outcome="Passed" testListId="8c84fa94-04c1-424b-9868-57a2d4851a1d" relativeResultsDirectory="1ecd7379-00bc-4dca-a46c-f05fdd371d0e" />
    <UnitTestResult executionId="6efa5e73-3f51-4f01-85e1-25d087225b3f" testId="ca5b6fcb-c60c-6248-881a-c3eb6cca3403" testName="Task.ServiceHosts.Tests.CalendarScheduleEndpointsTests.GetSchedule_ReturnsCanonicalBoundedPageAndForwardsTenantFilters" computerName="TIM" duration="00:00:00.0386889" startTime="2026-10-08T18:37:44.0249185+03:00" endTime="2026-10-08T18:37:44.0639573+03:00" testType="13cdc9d9-ddb5-4fa4-a97d-d965ccfc6d4b" outcome="Passed" testListId="8c84fa94-04c1-424b-9868-57a2d4851a1d" relativeResultsDirectory="6efa5e73-3f51-4f01-85e1-25d087225b3f" />
    <UnitTestResult executionId="ae27987a-13ec-4d37-b465-1e586cca18e0" testId="7f989a3d-ac7f-cb52-88b7-d3dcb894f855" testName="Task.ServiceHosts.Tests.CalendarWriteEndpointsTests.Patch_AppliesWholeContractAtomicallyAndAdvancesOneVersion" computerName="TIM" duration="00:00:00.0943031" startTime="2026-10-08T18:37:43.7111615+03:00" endTime="2026-10-08T18:37:43.8091068+03:00" testType="13cdc9d9-ddb5-4fa4-a97d-d965ccfc6d4b" outcome="Passed" testListId="8c84fa94-04c1-424b-9868-57a2d4851a1d" relativeResultsDirectory="ae27987a-13ec-4d37-b465-1e586cca18e0" />
    <UnitTestResult executionId="c1b55871-c5a6-4b5f-a9d3-af2299ae6eb1" testId="32420df8-ba05-c922-9905-aaad7e5f5cce" testName="Task.ServiceHosts.Tests.CalendarScheduleEndpointsTests.GetSchedule_InvalidQuery_ReturnsStableValidationProblem(url: &quot;/api/v1/calendar?from=2026-08-20T00:00:00%2B03:00&amp;&quot;···)" computerName="TIM" duration="00:00:00.0600653" startTime="2026-10-08T18:37:43.6991667+03:00" endTime="2026-10-08T18:37:43.7624192+03:00" testType="13cdc9d9-ddb5-4fa4-a97d-d965ccfc6d4b" outcome="Passed" testListId="8c84fa94-04c1-424b-9868-57a2d4851a1d" relativeResultsDirectory="c1b55871-c5a6-4b5f-a9d3-af2299ae6eb1" />
    <UnitTestResult executionId="2ceec9d1-9c25-4cc8-98e1-6eb4ac31e5a8" testId="420c5700-8f66-760f-24ea-c5b900ad256f" testName="Task.ServiceHosts.Tests.CalendarEventDetailsEndpointsTests.GetEvent_InvalidOrMissing_ReturnsObjectNotVisible(eventId: &quot;not-a-uuid&quot;)" computerName="TIM" duration="00:00:00.0392166" startTime="2026-10-08T18:37:43.6218433+03:00" endTime="2026-10-08T18:37:43.6517943+03:00" testType="13cdc9d9-ddb5-4fa4-a97d-d965ccfc6d4b" outcome="Passed" testListId="8c84fa94-04c1-424b-9868-57a2d4851a1d" relativeResultsDirectory="2ceec9d1-9c25-4cc8-98e1-6eb4ac31e5a8" />
    <UnitTestResult executionId="8cd04096-0adb-4e54-8a14-edd3e59e68af" testId="81d6953d-25be-c0eb-5638-f7385e47ef1a" testName="Task.ServiceHosts.Tests.CalendarConflictsEndpointsTests.GetConflicts_InvalidQuery_ReturnsValidationProblem(url: &quot;/api/v1/calendar/conflicts&quot;)" computerName="TIM" duration="00:00:00.0483207" startTime="2026-10-08T18:37:43.6221452+03:00" endTime="2026-10-08T18:37:43.6656309+03:00" testType="13cdc9d9-ddb5-4fa4-a97d-d965ccfc6d4b" outcome="Passed" testListId="8c84fa94-04c1-424b-9868-57a2d4851a1d" relativeResultsDirectory="8cd04096-0adb-4e54-8a14-edd3e59e68af" />
    <UnitTestResult executionId="e648c233-1372-4fde-8a05-e1b5d0019fab" testId="711e3be2-e1c3-badb-f852-62143ab6d4c7" testName="Task.ServiceHosts.Tests.CalendarConflictsEndpointsTests.GetConflicts_InvalidQuery_ReturnsValidationProblem(url: &quot;/api/v1/calendar/conflicts?from=2026-08-20T00:00:0&quot;···)" computerName="TIM" duration="00:00:00.0418577" startTime="2026-10-08T18:37:43.6658191+03:00" endTime="2026-10-08T18:37:43.7116118+03:00" testType="13cdc9d9-ddb5-4fa4-a97d-d965ccfc6d4b" outcome="Passed" testListId="8c84fa94-04c1-424b-9868-57a2d4851a1d" relativeResultsDirectory="e648c233-1372-4fde-8a05-e1b5d0019fab" />
    <UnitTestResult executionId="56fb3563-c1d1-4af9-8e99-491a2ddb2798" testId="963c0145-9952-5cb3-59a0-24453ee9b743" testName="Task.ServiceHosts.Tests.CalendarEventDetailsEndpointsTests.GetEvent_InvalidOrMissing_ReturnsObjectNotVisible(eventId: &quot;cccccccc-cccc-cccc-cccc-cccccccccccc&quot;)" computerName="TIM" duration="00:00:00.0559163" startTime="2026-10-08T18:37:43.6519707+03:00" endTime="2026-10-08T18:37:43.7093179+03:00" testType="13cdc9d9-ddb5-4fa4-a97d-d965ccfc6d4b" outcome="Passed" testListId="8c84fa94-04c1-424b-9868-57a2d4851a1d" relativeResultsDirectory="56fb3563-c1d1-4af9-8e99-491a2ddb2798" />
    <UnitTestResult executionId="827424df-eece-4ad6-a8c3-0d14aea6f576" testId="31c26e95-65b6-aab4-ab4c-fb17af90065e" testName="Task.ServiceHosts.Tests.CalendarConflictsEndpointsTests.GetConflicts_InvalidQuery_ReturnsValidationProblem(url: &quot;/api/v1/calendar/conflicts?from=2026-08-20T00:00:0&quot;···)" computerName="TIM" duration="00:00:00.0469149" startTime="2026-10-08T18:37:43.7137983+03:00" endTime="2026-10-08T18:37:43.7617258+03:00" testType="13cdc9d9-ddb5-4fa4-a97d-d965ccfc6d4b" outcome="Passed" testListId="8c84fa94-04c1-424b-9868-57a2d4851a1d" relativeResultsDirectory="827424df-eece-4ad6-a8c3-0d14aea6f576" />
    <UnitTestResult executionId="685a7189-bb31-443f-8039-c34252e45a3c" testId="cd75421d-1bcd-4b70-f2b3-c84eec34c265" testName="Task.ServiceHosts.Tests.CalendarConflictsEndpointsTests.GetConflicts_InvalidQuery_ReturnsValidationProblem(url: &quot;/api/v1/calendar/conflicts?from=2026-08-20T00:00:0&quot;···)" computerName="TIM" duration="00:00:00.5795903" startTime="2026-10-08T18:37:43.0503636+03:00" endTime="2026-10-08T18:37:43.6108754+03:00" testType="13cdc9d9-ddb5-4fa4-a97d-d965ccfc6d4b" outcome="Passed" testListId="8c84fa94-04c1-424b-9868-57a2d4851a1d" relativeResultsDirectory="685a7189-bb31-443f-8039-c34252e45a3c" />
    <UnitTestResult executionId="5ab0af6f-548d-4f83-876c-dbb8b9f3013a" testId="b6f98665-5bd2-038c-ff1d-854eda1e3b55" testName="Task.ServiceHosts.Tests.CalendarScheduleEndpointsTests.CalendarReads_WithoutToken_Return401(url: &quot;/api/v1/calendar/conflicts?from=2026-08-20T00:00:0&quot;···)" computerName="TIM" duration="00:00:00.0299990" startTime="2026-10-08T18:37:43.9223558+03:00" endTime="2026-10-08T18:37:43.9524956+03:00" testType="13cdc9d9-ddb5-4fa4-a97d-d965ccfc6d4b" outcome="Passed" testListId="8c84fa94-04c1-424b-9868-57a2d4851a1d" relativeResultsDirectory="5ab0af6f-548d-4f83-876c-dbb8b9f3013a" />
    <UnitTestResult executionId="99066ab9-ad60-446e-b65b-c816242b09b4" testId="1c5417e6-fff3-c9bd-3731-5f2302689b9e" testName="Task.ServiceHosts.Tests.CalendarScheduleEndpointsTests.GetSchedule_WhenStoreFails_ReturnsSafeRetryable503" computerName="TIM" duration="00:00:00.0339500" startTime="2026-10-08T18:37:44.0641656+03:00" endTime="2026-10-08T18:37:44.0983927+03:00" testType="13cdc9d9-ddb5-4fa4-a97d-d965ccfc6d4b" outcome="Passed" testListId="8c84fa94-04c1-424b-9868-57a2d4851a1d" relativeResultsDirectory="99066ab9-ad60-446e-b65b-c816242b09b4" />
    <UnitTestResult executionId="e1379186-17e0-4193-b571-31b165fbf120" testId="8167cf32-f54d-e242-18f2-93c7375bcdf1" testName="Task.ServiceHosts.Tests.CalendarScheduleEndpointsTests.CalendarReads_WithoutToken_Return401(url: &quot;/api/v1/calendar-events/aaaaaaaa-aaaa-aaaa-aaaa-aa&quot;···)" computerName="TIM" duration="00:00:00.0467175" startTime="2026-10-08T18:37:43.9782977+03:00" endTime="2026-10-08T18:37:44.0246949+03:00" testType="13cdc9d9-ddb5-4fa4-a97d-d965ccfc6d4b" outcome="Passed" testListId="8c84fa94-04c1-424b-9868-57a2d4851a1d" relativeResultsDirectory="e1379186-17e0-4193-b571-31b165fbf120" />
    <UnitTestResult executionId="069e38c4-512e-4ade-aa1f-4d11027f10f6" testId="9d47d01f-aa2a-f56e-9679-d7979f044e7d" testName="Task.ServiceHosts.Tests.CalendarWriteEndpointsTests.Patch_EnforcesStrongOptimisticConcurrency(ifMatch: &quot;W/\&quot;v1\&quot;&quot;, expectedStatus: BadRequest, expectedCode: &quot;VALIDATION_FAILED&quot;)" computerName="TIM" duration="00:00:00.0409869" startTime="2026-10-08T18:37:43.6219361+03:00" endTime="2026-10-08T18:37:43.6641776+03:00" testType="13cdc9d9-ddb5-4fa4-a97d-d965ccfc6d4b" outcome="Passed" testListId="8c84fa94-04c1-424b-9868-57a2d4851a1d" relativeResultsDirectory="069e38c4-512e-4ade-aa1f-4d11027f10f6" />
    <UnitTestResult executionId="e1f9340a-61df-4635-a6ff-5fe4d0a4e4f3" testId="11121a72-809e-8b4c-728f-ea95187e6340" testName="Task.ServiceHosts.Tests.CalendarScheduleEndpointsTests.GetSchedule_WithoutCalendarRead_Returns403" computerName="TIM" duration="00:00:00.0343153" startTime="2026-10-08T18:37:44.0985490+03:00" endTime="2026-10-08T18:37:44.1332220+03:00" testType="13cdc9d9-ddb5-4fa4-a97d-d965ccfc6d4b" outcome="Passed" testListId="8c84fa94-04c1-424b-9868-57a2d4851a1d" relativeResultsDirectory="e1f9340a-61df-4635-a6ff-5fe4d0a4e4f3" />
    <UnitTestResult executionId="dc1ee73b-1a96-4ce8-abff-9b808bcda8e4" testId="7ad0993f-e114-5637-49de-5b8d495c28f2" testName="Task.ServiceHosts.Tests.CalendarScheduleEndpointsTests.GetSchedule_InvalidQuery_ReturnsStableValidationProblem(url: &quot;/api/v1/calendar?from=2026-08-20T00:00:00Z&amp;to=2026&quot;···)" computerName="TIM" duration="00:00:00.0474039" startTime="2026-10-08T18:37:43.7626317+03:00" endTime="2026-10-08T18:37:43.8141466+03:00" testType="13cdc9d9-ddb5-4fa4-a97d-d965ccfc6d4b" outcome="Passed" testListId="8c84fa94-04c1-424b-9868-57a2d4851a1d" relativeResultsDirectory="dc1ee73b-1a96-4ce8-abff-9b808bcda8e4" />
    <UnitTestResult executionId="8d0b5ac2-2bfc-4e62-bf83-36f8edaf3136" testId="e5ca2ba1-6004-9d01-2059-efa0e20c0cc5" testName="Task.ServiceHosts.Tests.CalendarWriteEndpointsTests.Patch_EnforcesStrongOptimisticConcurrency(ifMatch: &quot;\&quot;v2\&quot;&quot;, expectedStatus: PreconditionFailed, expectedCode: &quot;VERSION_CONFLICT&quot;)" computerName="TIM" duration="00:00:00.5805304" startTime="2026-10-08T18:37:43.0492181+03:00" endTime="2026-10-08T18:37:43.6149320+03:00" testType="13cdc9d9-ddb5-4fa4-a97d-d965ccfc6d4b" outcome="Passed" testListId="8c84fa94-04c1-424b-9868-57a2d4851a1d" relativeResultsDirectory="8d0b5ac2-2bfc-4e62-bf83-36f8edaf3136" />
    <UnitTestResult executionId="82b3328f-71c5-4710-9788-06b5769ab08e" testId="098f3371-4b6f-59f6-8c06-c4712f2f790c" testName="Task.ServiceHosts.Tests.CalendarConflictsEndpointsTests.GetConflicts_ReturnsCanonicalOrderedConflictsAndForwardsFilters" computerName="TIM" duration="00:00:00.0749153" startTime="2026-10-08T18:37:43.7619521+03:00" endTime="2026-10-08T18:37:43.8435496+03:00" testType="13cdc9d9-ddb5-4fa4-a97d-d965ccfc6d4b" outcome="Passed" testListId="8c84fa94-04c1-424b-9868-57a2d4851a1d" relativeResultsDirectory="82b3328f-71c5-4710-9788-06b5769ab08e" />
    <UnitTestResult executionId="9fe4c9ef-c35a-4444-921f-dd689f1c6e2d" testId="162984b2-f6cb-58a8-bae1-4f7e12367994" testName="Task.ServiceHosts.Tests.CalendarEventDetailsEndpointsTests.GetEvent_CannotReadAnotherTenant" computerName="TIM" duration="00:00:00.0484351" startTime="2026-10-08T18:37:43.7111900+03:00" endTime="2026-10-08T18:37:43.7598624+03:00" testType="13cdc9d9-ddb5-4fa4-a97d-d965ccfc6d4b" outcome="Passed" testListId="8c84fa94-04c1-424b-9868-57a2d4851a1d" relativeResultsDirectory="9fe4c9ef-c35a-4444-921f-dd689f1c6e2d" />
    <UnitTestResult executionId="8e79a868-1bb7-4dec-a639-872374aab9d2" testId="3446e4be-e5c9-c349-9d48-16ccfc1447f8" testName="Task.ServiceHosts.Tests.CalendarWriteEndpointsTests.Create_ReturnsTenantScopedEventAndEtag" computerName="TIM" duration="00:00:00.0316764" startTime="2026-10-08T18:37:43.9392568+03:00" endTime="2026-10-08T18:37:43.9711492+03:00" testType="13cdc9d9-ddb5-4fa4-a97d-d965ccfc6d4b" outcome="Passed" testListId="8c84fa94-04c1-424b-9868-57a2d4851a1d" relativeResultsDirectory="8e79a868-1bb7-4dec-a639-872374aab9d2" />
    <UnitTestResult executionId="80db69c1-41b1-4240-84ba-28b88634bbb5" testId="5a6fba5a-5e2b-e22b-22f5-b0b6beb983be" testName="Task.ServiceHosts.Tests.CalendarWriteEndpointsTests.Patch_EnforcesStrongOptimisticConcurrency(ifMatch: null, expectedStatus: PreconditionRequired, expectedCode: &quot;PRECONDITION_REQUIRED&quot;)" computerName="TIM" duration="00:00:00.0539806" startTime="2026-10-08T18:37:43.6644353+03:00" endTime="2026-10-08T18:37:43.7095075+03:00" testType="13cdc9d9-ddb5-4fa4-a97d-d965ccfc6d4b" outcome="Passed" testListId="8c84fa94-04c1-424b-9868-57a2d4851a1d" relativeResultsDirectory="80db69c1-41b1-4240-84ba-28b88634bbb5" />
    <UnitTestResult executionId="e8d3ce46-e06a-4437-be3a-240a49972869" testId="2e346b1d-296a-1e7a-b4ae-70b1b949b847" testName="Task.ServiceHosts.Tests.CalendarScheduleEndpointsTests.GetSchedule_InvalidQuery_ReturnsStableValidationProblem(url: &quot;/api/v1/calendar?from=2026-08-20T00:00:00Z&amp;to=2026&quot;···)" computerName="TIM" duration="00:00:00.0639393" startTime="2026-10-08T18:37:43.8551433+03:00" endTime="2026-10-08T18:37:43.9219866+03:00" testType="13cdc9d9-ddb5-4fa4-a97d-d965ccfc6d4b" outcome="Passed" testListId="8c84fa94-04c1-424b-9868-57a2d4851a1d" relativeResultsDirectory="e8d3ce46-e06a-4437-be3a-240a49972869" />
  </Results>
  <TestDefinitions>
    <UnitTest name="Task.ServiceHosts.Tests.CalendarScheduleEndpointsTests.GetSchedule_InvalidQuery_ReturnsStableValidationProblem(url: &quot;/api/v1/calendar&quot;)" storage="c:\users\novik\таск\work\free_time_1\publish-check\work\production\tests\task.servicehosts.tests\bin\debug\net10.0\task.servicehosts.tests.dll" id="80d1aeb1-0606-2fb8-fb94-61617309b7e7">
      <Execution id="02cf052c-a864-4011-a4ee-099d10e79202" />
      <TestMethod codeBase="C:\Users\novik\Таск\work\free_time_1\publish-check\work\production\tests\Task.ServiceHosts.Tests\bin\Debug\net10.0\Task.ServiceHosts.Tests.dll" adapterTypeName="executor://xunit/VsTestRunner3/netcore/" className="Task.ServiceHosts.Tests.CalendarScheduleEndpointsTests" name="GetSchedule_InvalidQuery_ReturnsStableValidationProblem" />
    </UnitTest>
    <UnitTest name="Task.ServiceHosts.Tests.CalendarWriteEndpointsTests.Patch_EnforcesStrongOptimisticConcurrency(ifMatch: null, expectedStatus: PreconditionRequired, expectedCode: &quot;PRECONDITION_REQUIRED&quot;)" storage="c:\users\novik\таск\work\free_time_1\publish-check\work\production\tests\task.servicehosts.tests\bin\debug\net10.0\task.servicehosts.tests.dll" id="5a6fba5a-5e2b-e22b-22f5-b0b6beb983be">
      <Execution id="80db69c1-41b1-4240-84ba-28b88634bbb5" />
      <TestMethod codeBase="C:\Users\novik\Таск\work\free_time_1\publish-check\work\production\tests\Task.ServiceHosts.Tests\bin\Debug\net10.0\Task.ServiceHosts.Tests.dll" adapterTypeName="executor://xunit/VsTestRunner3/netcore/" className="Task.ServiceHosts.Tests.CalendarWriteEndpointsTests" name="Patch_EnforcesStrongOptimisticConcurrency" />
    </UnitTest>
    <UnitTest name="Task.ServiceHosts.Tests.CalendarConflictsEndpointsTests.GetConflicts_ExcludeObjectRemovesEveryPair" storage="c:\users\novik\таск\work\free_time_1\publish-check\work\production\tests\task.servicehosts.tests\bin\debug\net10.0\task.servicehosts.tests.dll" id="56297fec-dcd7-f78f-dd16-68cfa99830d8">
      <Execution id="9cd00ea6-ac8c-43ee-90a8-69549fe9dca6" />
      <TestMethod codeBase="C:\Users\novik\Таск\work\free_time_1\publish-check\work\production\tests\Task.ServiceHosts.Tests\bin\Debug\net10.0\Task.ServiceHosts.Tests.dll" adapterTypeName="executor://xunit/VsTestRunner3/netcore/" className="Task.ServiceHosts.Tests.CalendarConflictsEndpointsTests" name="GetConflicts_ExcludeObjectRemovesEveryPair" />
    </UnitTest>
    <UnitTest name="Task.ServiceHosts.Tests.CalendarScheduleEndpointsTests.CalendarReads_WithoutToken_Return401(url: &quot;/api/v1/calendar?from=2026-08-20T00:00:00Z&amp;to=2026&quot;···)" storage="c:\users\novik\таск\work\free_time_1\publish-check\work\production\tests\task.servicehosts.tests\bin\debug\net10.0\task.servicehosts.tests.dll" id="82b5e8c4-5709-e2f6-66e0-d5e3002576a2">
      <Execution id="2db4f530-3cdc-4f70-b981-abdfdfab4c63" />
      <TestMethod codeBase="C:\Users\novik\Таск\work\free_time_1\publish-check\work\production\tests\Task.ServiceHosts.Tests\bin\Debug\net10.0\Task.ServiceHosts.Tests.dll" adapterTypeName="executor://xunit/VsTestRunner3/netcore/" className="Task.ServiceHosts.Tests.CalendarScheduleEndpointsTests" name="CalendarReads_WithoutToken_Return401" />
    </UnitTest>
    <UnitTest name="Task.ServiceHosts.Tests.CalendarWriteEndpointsTests.LifecycleEndpoints_ArchiveUnarchiveTrashAndRestoreWithEtagContract" storage="c:\users\novik\таск\work\free_time_1\publish-check\work\production\tests\task.servicehosts.tests\bin\debug\net10.0\task.servicehosts.tests.dll" id="4c3a9537-ad0c-2e20-e9e7-74f559142f86">
      <Execution id="dae157ab-db47-4230-8a71-cece774b9de7" />
      <TestMethod codeBase="C:\Users\novik\Таск\work\free_time_1\publish-check\work\production\tests\Task.ServiceHosts.Tests\bin\Debug\net10.0\Task.ServiceHosts.Tests.dll" adapterTypeName="executor://xunit/VsTestRunner3/netcore/" className="Task.ServiceHosts.Tests.CalendarWriteEndpointsTests" name="LifecycleEndpoints_ArchiveUnarchiveTrashAndRestoreWithEtagContract" />
    </UnitTest>
    <UnitTest name="Task.ServiceHosts.Tests.CalendarWriteEndpointsTests.Patch_AppliesWholeContractAtomicallyAndAdvancesOneVersion" storage="c:\users\novik\таск\work\free_time_1\publish-check\work\production\tests\task.servicehosts.tests\bin\debug\net10.0\task.servicehosts.tests.dll" id="7f989a3d-ac7f-cb52-88b7-d3dcb894f855">
      <Execution id="ae27987a-13ec-4d37-b465-1e586cca18e0" />
      <TestMethod codeBase="C:\Users\novik\Таск\work\free_time_1\publish-check\work\production\tests\Task.ServiceHosts.Tests\bin\Debug\net10.0\Task.ServiceHosts.Tests.dll" adapterTypeName="executor://xunit/VsTestRunner3/netcore/" className="Task.ServiceHosts.Tests.CalendarWriteEndpointsTests" name="Patch_AppliesWholeContractAtomicallyAndAdvancesOneVersion" />
    </UnitTest>
    <UnitTest name="Task.ServiceHosts.Tests.CalendarScheduleEndpointsTests.CalendarReads_WithoutToken_Return401(url: &quot;/api/v1/calendar-events/aaaaaaaa-aaaa-aaaa-aaaa-aa&quot;···)" storage="c:\users\novik\таск\work\free_time_1\publish-check\work\production\tests\task.servicehosts.tests\bin\debug\net10.0\task.servicehosts.tests.dll" id="8167cf32-f54d-e242-18f2-93c7375bcdf1">
      <Execution id="e1379186-17e0-4193-b571-31b165fbf120" />
      <TestMethod codeBase="C:\Users\novik\Таск\work\free_time_1\publish-check\work\production\tests\Task.ServiceHosts.Tests\bin\Debug\net10.0\Task.ServiceHosts.Tests.dll" adapterTypeName="executor://xunit/VsTestRunner3/netcore/" className="Task.ServiceHosts.Tests.CalendarScheduleEndpointsTests" name="CalendarReads_WithoutToken_Return401" />
    </UnitTest>
    <UnitTest name="Task.ServiceHosts.Tests.CalendarScheduleEndpointsTests.GetSchedule_InvalidQuery_ReturnsStableValidationProblem(url: &quot;/api/v1/calendar?from=2026-08-20T00:00:00Z&amp;to=2026&quot;···)" storage="c:\users\novik\таск\work\free_time_1\publish-check\work\production\tests\task.servicehosts.tests\bin\debug\net10.0\task.servicehosts.tests.dll" id="d1f81720-8e92-a49f-9a05-0599548bdfee">
      <Execution id="1ecd7379-00bc-4dca-a46c-f05fdd371d0e" />
      <TestMethod codeBase="C:\Users\novik\Таск\work\free_time_1\publish-check\work\production\tests\Task.ServiceHosts.Tests\bin\Debug\net10.0\Task.ServiceHosts.Tests.dll" adapterTypeName="executor://xunit/VsTestRunner3/netcore/" className="Task.ServiceHosts.Tests.CalendarScheduleEndpointsTests" name="GetSchedule_InvalidQuery_ReturnsStableValidationProblem" />
    </UnitTest>
    <UnitTest name="Task.ServiceHosts.Tests.CalendarConflictsEndpointsTests.GetConflicts_InvalidQuery_ReturnsValidationProblem(url: &quot;/api/v1/calendar/conflicts&quot;)" storage="c:\users\novik\таск\work\free_time_1\publish-check\work\production\tests\task.servicehosts.tests\bin\debug\net10.0\task.servicehosts.tests.dll" id="81d6953d-25be-c0eb-5638-f7385e47ef1a">
      <Execution id="8cd04096-0adb-4e54-8a14-edd3e59e68af" />
      <TestMethod codeBase="C:\Users\novik\Таск\work\free_time_1\publish-check\work\production\tests\Task.ServiceHosts.Tests\bin\Debug\net10.0\Task.ServiceHosts.Tests.dll" adapterTypeName="executor://xunit/VsTestRunner3/netcore/" className="Task.ServiceHosts.Tests.CalendarConflictsEndpointsTests" name="GetConflicts_InvalidQuery_ReturnsValidationProblem" />
    </UnitTest>
    <UnitTest name="Task.ServiceHosts.Tests.CalendarScheduleEndpointsTests.GetSchedule_ReturnsCanonicalBoundedPageAndForwardsTenantFilters" storage="c:\users\novik\таск\work\free_time_1\publish-check\work\production\tests\task.servicehosts.tests\bin\debug\net10.0\task.servicehosts.tests.dll" id="ca5b6fcb-c60c-6248-881a-c3eb6cca3403">
      <Execution id="6efa5e73-3f51-4f01-85e1-25d087225b3f" />
      <TestMethod codeBase="C:\Users\novik\Таск\work\free_time_1\publish-check\work\production\tests\Task.ServiceHosts.Tests\bin\Debug\net10.0\Task.ServiceHosts.Tests.dll" adapterTypeName="executor://xunit/VsTestRunner3/netcore/" className="Task.ServiceHosts.Tests.CalendarScheduleEndpointsTests" name="GetSchedule_ReturnsCanonicalBoundedPageAndForwardsTenantFilters" />
    </UnitTest>
    <UnitTest name="Task.ServiceHosts.Tests.CalendarWriteEndpointsTests.Create_RequiresAuthenticationAndCreateCapability" storage="c:\users\novik\таск\work\free_time_1\publish-check\work\production\tests\task.servicehosts.tests\bin\debug\net10.0\task.servicehosts.tests.dll" id="bde68dce-0246-7e6b-5ca5-7bd0c8434717">
      <Execution id="fb5bbbdc-887d-4708-bd92-4056cb02b816" />
      <TestMethod codeBase="C:\Users\novik\Таск\work\free_time_1\publish-check\work\production\tests\Task.ServiceHosts.Tests\bin\Debug\net10.0\Task.ServiceHosts.Tests.dll" adapterTypeName="executor://xunit/VsTestRunner3/netcore/" className="Task.ServiceHosts.Tests.CalendarWriteEndpointsTests" name="Create_RequiresAuthenticationAndCreateCapability" />
    </UnitTest>
    <UnitTest name="Task.ServiceHosts.Tests.CalendarScheduleEndpointsTests.GetSchedule_InvalidQuery_ReturnsStableValidationProblem(url: &quot;/api/v1/calendar?from=2026-08-20T00:00:00Z&amp;to=2026&quot;···)" storage="c:\users\novik\таск\work\free_time_1\publish-check\work\production\tests\task.servicehosts.tests\bin\debug\net10.0\task.servicehosts.tests.dll" id="2e346b1d-296a-1e7a-b4ae-70b1b949b847">
      <Execution id="e8d3ce46-e06a-4437-be3a-240a49972869" />
      <TestMethod codeBase="C:\Users\novik\Таск\work\free_time_1\publish-check\work\production\tests\Task.ServiceHosts.Tests\bin\Debug\net10.0\Task.ServiceHosts.Tests.dll" adapterTypeName="executor://xunit/VsTestRunner3/netcore/" className="Task.ServiceHosts.Tests.CalendarScheduleEndpointsTests" name="GetSchedule_InvalidQuery_ReturnsStableValidationProblem" />
    </UnitTest>
    <UnitTest name="Task.ServiceHosts.Tests.CalendarEventDetailsEndpointsTests.GetEvent_ReturnsCanonicalDetailsAttendeesAndEtag" storage="c:\users\novik\таск\work\free_time_1\publish-check\work\production\tests\task.servicehosts.tests\bin\debug\net10.0\task.servicehosts.tests.dll" id="89aa11cb-a192-d1b5-fee1-e501ac68e789">
      <Execution id="805f30cf-55ec-4603-a740-afab5cdf1992" />
      <TestMethod codeBase="C:\Users\novik\Таск\work\free_time_1\publish-check\work\production\tests\Task.ServiceHosts.Tests\bin\Debug\net10.0\Task.ServiceHosts.Tests.dll" adapterTypeName="executor://xunit/VsTestRunner3/netcore/" className="Task.ServiceHosts.Tests.CalendarEventDetailsEndpointsTests" name="GetEvent_ReturnsCanonicalDetailsAttendeesAndEtag" />
    </UnitTest>
    <UnitTest name="Task.ServiceHosts.Tests.CalendarEventDetailsEndpointsTests.GetEvent_InvalidOrMissing_ReturnsObjectNotVisible(eventId: &quot;00000000-0000-0000-0000-000000000000&quot;)" storage="c:\users\novik\таск\work\free_time_1\publish-check\work\production\tests\task.servicehosts.tests\bin\debug\net10.0\task.servicehosts.tests.dll" id="a05c1258-b2fb-cd24-af1f-681fcbc65ba6">
      <Execution id="9b362748-e379-4c87-b10d-41a514ddc400" />
      <TestMethod codeBase="C:\Users\novik\Таск\work\free_time_1\publish-check\work\production\tests\Task.ServiceHosts.Tests\bin\Debug\net10.0\Task.ServiceHosts.Tests.dll" adapterTypeName="executor://xunit/VsTestRunner3/netcore/" className="Task.ServiceHosts.Tests.CalendarEventDetailsEndpointsTests" name="GetEvent_InvalidOrMissing_ReturnsObjectNotVisible" />
    </UnitTest>
    <UnitTest name="Task.ServiceHosts.Tests.CalendarScheduleEndpointsTests.GetSchedule_InvalidQuery_ReturnsStableValidationProblem(url: &quot;/api/v1/calendar?from=2026-08-20T00:00:00Z&amp;to=2026&quot;···)" storage="c:\users\novik\таск\work\free_time_1\publish-check\work\production\tests\task.servicehosts.tests\bin\debug\net10.0\task.servicehosts.tests.dll" id="7ad0993f-e114-5637-49de-5b8d495c28f2">
      <Execution id="dc1ee73b-1a96-4ce8-abff-9b808bcda8e4" />
      <TestMethod codeBase="C:\Users\novik\Таск\work\free_time_1\publish-check\work\production\tests\Task.ServiceHosts.Tests\bin\Debug\net10.0\Task.ServiceHosts.Tests.dll" adapterTypeName="executor://xunit/VsTestRunner3/netcore/" className="Task.ServiceHosts.Tests.CalendarScheduleEndpointsTests" name="GetSchedule_InvalidQuery_ReturnsStableValidationProblem" />
    </UnitTest>
    <UnitTest name="Task.ServiceHosts.Tests.CalendarScheduleEndpointsTests.GetSchedule_InvalidQuery_ReturnsStableValidationProblem(url: &quot;/api/v1/calendar?from=2026-08-20T00:00:00Z&amp;to=2026&quot;···)" storage="c:\users\novik\таск\work\free_time_1\publish-check\work\production\tests\task.servicehosts.tests\bin\debug\net10.0\task.servicehosts.tests.dll" id="84e29d10-6642-a6aa-466a-170384651364">
      <Execution id="6c0bed41-3185-48f0-97f7-8e3f48e071ce" />
      <TestMethod codeBase="C:\Users\novik\Таск\work\free_time_1\publish-check\work\production\tests\Task.ServiceHosts.Tests\bin\Debug\net10.0\Task.ServiceHosts.Tests.dll" adapterTypeName="executor://xunit/VsTestRunner3/netcore/" className="Task.ServiceHosts.Tests.CalendarScheduleEndpointsTests" name="GetSchedule_InvalidQuery_ReturnsStableValidationProblem" />
    </UnitTest>
    <UnitTest name="Task.ServiceHosts.Tests.CalendarEventDetailsEndpointsTests.GetEvent_CannotReadAnotherTenant" storage="c:\users\novik\таск\work\free_time_1\publish-check\work\production\tests\task.servicehosts.tests\bin\debug\net10.0\task.servicehosts.tests.dll" id="162984b2-f6cb-58a8-bae1-4f7e12367994">
      <Execution id="9fe4c9ef-c35a-4444-921f-dd689f1c6e2d" />
      <TestMethod codeBase="C:\Users\novik\Таск\work\free_time_1\publish-check\work\production\tests\Task.ServiceHosts.Tests\bin\Debug\net10.0\Task.ServiceHosts.Tests.dll" adapterTypeName="executor://xunit/VsTestRunner3/netcore/" className="Task.ServiceHosts.Tests.CalendarEventDetailsEndpointsTests" name="GetEvent_CannotReadAnotherTenant" />
    </UnitTest>
    <UnitTest name="Task.ServiceHosts.Tests.CalendarEventDetailsEndpointsTests.GetEvent_InvalidOrMissing_ReturnsObjectNotVisible(eventId: &quot;not-a-uuid&quot;)" storage="c:\users\novik\таск\work\free_time_1\publish-check\work\production\tests\task.servicehosts.tests\bin\debug\net10.0\task.servicehosts.tests.dll" id="420c5700-8f66-760f-24ea-c5b900ad256f">
      <Execution id="2ceec9d1-9c25-4cc8-98e1-6eb4ac31e5a8" />
      <TestMethod codeBase="C:\Users\novik\Таск\work\free_time_1\publish-check\work\production\tests\Task.ServiceHosts.Tests\bin\Debug\net10.0\Task.ServiceHosts.Tests.dll" adapterTypeName="executor://xunit/VsTestRunner3/netcore/" className="Task.ServiceHosts.Tests.CalendarEventDetailsEndpointsTests" name="GetEvent_InvalidOrMissing_ReturnsObjectNotVisible" />
    </UnitTest>
    <UnitTest name="Task.ServiceHosts.Tests.CalendarConflictsEndpointsTests.GetConflicts_ReturnsCanonicalOrderedConflictsAndForwardsFilters" storage="c:\users\novik\таск\work\free_time_1\publish-check\work\production\tests\task.servicehosts.tests\bin\debug\net10.0\task.servicehosts.tests.dll" id="098f3371-4b6f-59f6-8c06-c4712f2f790c">
      <Execution id="82b3328f-71c5-4710-9788-06b5769ab08e" />
      <TestMethod codeBase="C:\Users\novik\Таск\work\free_time_1\publish-check\work\production\tests\Task.ServiceHosts.Tests\bin\Debug\net10.0\Task.ServiceHosts.Tests.dll" adapterTypeName="executor://xunit/VsTestRunner3/netcore/" className="Task.ServiceHosts.Tests.CalendarConflictsEndpointsTests" name="GetConflicts_ReturnsCanonicalOrderedConflictsAndForwardsFilters" />
    </UnitTest>
    <UnitTest name="Task.ServiceHosts.Tests.CalendarConflictsEndpointsTests.GetConflicts_InvalidQuery_ReturnsValidationProblem(url: &quot;/api/v1/calendar/conflicts?from=2026-08-20T00:00:0&quot;···)" storage="c:\users\novik\таск\work\free_time_1\publish-check\work\production\tests\task.servicehosts.tests\bin\debug\net10.0\task.servicehosts.tests.dll" id="711e3be2-e1c3-badb-f852-62143ab6d4c7">
      <Execution id="e648c233-1372-4fde-8a05-e1b5d0019fab" />
      <TestMethod codeBase="C:\Users\novik\Таск\work\free_time_1\publish-check\work\production\tests\Task.ServiceHosts.Tests\bin\Debug\net10.0\Task.ServiceHosts.Tests.dll" adapterTypeName="executor://xunit/VsTestRunner3/netcore/" className="Task.ServiceHosts.Tests.CalendarConflictsEndpointsTests" name="GetConflicts_InvalidQuery_ReturnsValidationProblem" />
    </UnitTest>
    <UnitTest name="Task.ServiceHosts.Tests.CalendarWriteEndpointsTests.Patch_EnforcesStrongOptimisticConcurrency(ifMatch: &quot;W/\&quot;v1\&quot;&quot;, expectedStatus: BadRequest, expectedCode: &quot;VALIDATION_FAILED&quot;)" storage="c:\users\novik\таск\work\free_time_1\publish-check\work\production\tests\task.servicehosts.tests\bin\debug\net10.0\task.servicehosts.tests.dll" id="9d47d01f-aa2a-f56e-9679-d7979f044e7d">
      <Execution id="069e38c4-512e-4ade-aa1f-4d11027f10f6" />
      <TestMethod codeBase="C:\Users\novik\Таск\work\free_time_1\publish-check\work\production\tests\Task.ServiceHosts.Tests\bin\Debug\net10.0\Task.ServiceHosts.Tests.dll" adapterTypeName="executor://xunit/VsTestRunner3/netcore/" className="Task.ServiceHosts.Tests.CalendarWriteEndpointsTests" name="Patch_EnforcesStrongOptimisticConcurrency" />
    </UnitTest>
    <UnitTest name="Task.ServiceHosts.Tests.CalendarScheduleEndpointsTests.GetSchedule_InvalidQuery_ReturnsStableValidationProblem(url: &quot;/api/v1/calendar?from=2026-08-20T00:00:00%2B03:00&amp;&quot;···)" storage="c:\users\novik\таск\work\free_time_1\publish-check\work\production\tests\task.servicehosts.tests\bin\debug\net10.0\task.servicehosts.tests.dll" id="32420df8-ba05-c922-9905-aaad7e5f5cce">
      <Execution id="c1b55871-c5a6-4b5f-a9d3-af2299ae6eb1" />
      <TestMethod codeBase="C:\Users\novik\Таск\work\free_time_1\publish-check\work\production\tests\Task.ServiceHosts.Tests\bin\Debug\net10.0\Task.ServiceHosts.Tests.dll" adapterTypeName="executor://xunit/VsTestRunner3/netcore/" className="Task.ServiceHosts.Tests.CalendarScheduleEndpointsTests" name="GetSchedule_InvalidQuery_ReturnsStableValidationProblem" />
    </UnitTest>
    <UnitTest name="Task.ServiceHosts.Tests.CalendarEventDetailsEndpointsTests.GetEvent_InvalidOrMissing_ReturnsObjectNotVisible(eventId: &quot;cccccccc-cccc-cccc-cccc-cccccccccccc&quot;)" storage="c:\users\novik\таск\work\free_time_1\publish-check\work\production\tests\task.servicehosts.tests\bin\debug\net10.0\task.servicehosts.tests.dll" id="963c0145-9952-5cb3-59a0-24453ee9b743">
      <Execution id="56fb3563-c1d1-4af9-8e99-491a2ddb2798" />
      <TestMethod codeBase="C:\Users\novik\Таск\work\free_time_1\publish-check\work\production\tests\Task.ServiceHosts.Tests\bin\Debug\net10.0\Task.ServiceHosts.Tests.dll" adapterTypeName="executor://xunit/VsTestRunner3/netcore/" className="Task.ServiceHosts.Tests.CalendarEventDetailsEndpointsTests" name="GetEvent_InvalidOrMissing_ReturnsObjectNotVisible" />
    </UnitTest>
    <UnitTest name="Task.ServiceHosts.Tests.CalendarConflictsEndpointsTests.GetConflicts_InvalidQuery_ReturnsValidationProblem(url: &quot;/api/v1/calendar/conflicts?from=2026-08-20T00:00:0&quot;···)" storage="c:\users\novik\таск\work\free_time_1\publish-check\work\production\tests\task.servicehosts.tests\bin\debug\net10.0\task.servicehosts.tests.dll" id="31c26e95-65b6-aab4-ab4c-fb17af90065e">
      <Execution id="827424df-eece-4ad6-a8c3-0d14aea6f576" />
      <TestMethod codeBase="C:\Users\novik\Таск\work\free_time_1\publish-check\work\production\tests\Task.ServiceHosts.Tests\bin\Debug\net10.0\Task.ServiceHosts.Tests.dll" adapterTypeName="executor://xunit/VsTestRunner3/netcore/" className="Task.ServiceHosts.Tests.CalendarConflictsEndpointsTests" name="GetConflicts_InvalidQuery_ReturnsValidationProblem" />
    </UnitTest>
    <UnitTest name="Task.ServiceHosts.Tests.CalendarScheduleEndpointsTests.GetSchedule_RejectsOversizedRangeInsteadOfSilentlyTruncating" storage="c:\users\novik\таск\work\free_time_1\publish-check\work\production\tests\task.servicehosts.tests\bin\debug\net10.0\task.servicehosts.tests.dll" id="23738687-4c40-3d7f-7b8b-ddc026937487">
      <Execution id="1059aa39-631e-4404-8b45-c2db90b5133a" />
      <TestMethod codeBase="C:\Users\novik\Таск\work\free_time_1\publish-check\work\production\tests\Task.ServiceHosts.Tests\bin\Debug\net10.0\Task.ServiceHosts.Tests.dll" adapterTypeName="executor://xunit/VsTestRunner3/netcore/" className="Task.ServiceHosts.Tests.CalendarScheduleEndpointsTests" name="GetSchedule_RejectsOversizedRangeInsteadOfSilentlyTruncating" />
    </UnitTest>
    <UnitTest name="Task.ServiceHosts.Tests.CalendarScheduleEndpointsTests.GetSchedule_WhenStoreFails_ReturnsSafeRetryable503" storage="c:\users\novik\таск\work\free_time_1\publish-check\work\production\tests\task.servicehosts.tests\bin\debug\net10.0\task.servicehosts.tests.dll" id="1c5417e6-fff3-c9bd-3731-5f2302689b9e">
      <Execution id="99066ab9-ad60-446e-b65b-c816242b09b4" />
      <TestMethod codeBase="C:\Users\novik\Таск\work\free_time_1\publish-check\work\production\tests\Task.ServiceHosts.Tests\bin\Debug\net10.0\Task.ServiceHosts.Tests.dll" adapterTypeName="executor://xunit/VsTestRunner3/netcore/" className="Task.ServiceHosts.Tests.CalendarScheduleEndpointsTests" name="GetSchedule_WhenStoreFails_ReturnsSafeRetryable503" />
    </UnitTest>
    <UnitTest name="Task.ServiceHosts.Tests.CalendarWriteEndpointsTests.Patch_EnforcesStrongOptimisticConcurrency(ifMatch: &quot;\&quot;v2\&quot;&quot;, expectedStatus: PreconditionFailed, expectedCode: &quot;VERSION_CONFLICT&quot;)" storage="c:\users\novik\таск\work\free_time_1\publish-check\work\production\tests\task.servicehosts.tests\bin\debug\net10.0\task.servicehosts.tests.dll" id="e5ca2ba1-6004-9d01-2059-efa0e20c0cc5">
      <Execution id="8d0b5ac2-2bfc-4e62-bf83-36f8edaf3136" />
      <TestMethod codeBase="C:\Users\novik\Таск\work\free_time_1\publish-check\work\production\tests\Task.ServiceHosts.Tests\bin\Debug\net10.0\Task.ServiceHosts.Tests.dll" adapterTypeName="executor://xunit/VsTestRunner3/netcore/" className="Task.ServiceHosts.Tests.CalendarWriteEndpointsTests" name="Patch_EnforcesStrongOptimisticConcurrency" />
    </UnitTest>
    <UnitTest name="Task.ServiceHosts.Tests.CalendarConflictsEndpointsTests.GetConflicts_InvalidQuery_ReturnsValidationProblem(url: &quot;/api/v1/calendar/conflicts?from=2026-08-20T00:00:0&quot;···)" storage="c:\users\novik\таск\work\free_time_1\publish-check\work\production\tests\task.servicehosts.tests\bin\debug\net10.0\task.servicehosts.tests.dll" id="cd75421d-1bcd-4b70-f2b3-c84eec34c265">
      <Execution id="685a7189-bb31-443f-8039-c34252e45a3c" />
      <TestMethod codeBase="C:\Users\novik\Таск\work\free_time_1\publish-check\work\production\tests\Task.ServiceHosts.Tests\bin\Debug\net10.0\Task.ServiceHosts.Tests.dll" adapterTypeName="executor://xunit/VsTestRunner3/netcore/" className="Task.ServiceHosts.Tests.CalendarConflictsEndpointsTests" name="GetConflicts_InvalidQuery_ReturnsValidationProblem" />
    </UnitTest>
    <UnitTest name="Task.ServiceHosts.Tests.CalendarWriteEndpointsTests.Create_ReturnsTenantScopedEventAndEtag" storage="c:\users\novik\таск\work\free_time_1\publish-check\work\production\tests\task.servicehosts.tests\bin\debug\net10.0\task.servicehosts.tests.dll" id="3446e4be-e5c9-c349-9d48-16ccfc1447f8">
      <Execution id="8e79a868-1bb7-4dec-a639-872374aab9d2" />
      <TestMethod codeBase="C:\Users\novik\Таск\work\free_time_1\publish-check\work\production\tests\Task.ServiceHosts.Tests\bin\Debug\net10.0\Task.ServiceHosts.Tests.dll" adapterTypeName="executor://xunit/VsTestRunner3/netcore/" className="Task.ServiceHosts.Tests.CalendarWriteEndpointsTests" name="Create_ReturnsTenantScopedEventAndEtag" />
    </UnitTest>
    <UnitTest name="Task.ServiceHosts.Tests.CalendarScheduleEndpointsTests.GetSchedule_WithoutCalendarRead_Returns403" storage="c:\users\novik\таск\work\free_time_1\publish-check\work\production\tests\task.servicehosts.tests\bin\debug\net10.0\task.servicehosts.tests.dll" id="11121a72-809e-8b4c-728f-ea95187e6340">
      <Execution id="e1f9340a-61df-4635-a6ff-5fe4d0a4e4f3" />
      <TestMethod codeBase="C:\Users\novik\Таск\work\free_time_1\publish-check\work\production\tests\Task.ServiceHosts.Tests\bin\Debug\net10.0\Task.ServiceHosts.Tests.dll" adapterTypeName="executor://xunit/VsTestRunner3/netcore/" className="Task.ServiceHosts.Tests.CalendarScheduleEndpointsTests" name="GetSchedule_WithoutCalendarRead_Returns403" />
    </UnitTest>
    <UnitTest name="Task.ServiceHosts.Tests.CalendarScheduleEndpointsTests.GetSchedule_InvalidQuery_ReturnsStableValidationProblem(url: &quot;/api/v1/calendar?from=2026-08-20T00:00:00Z&amp;to=2026&quot;···)" storage="c:\users\novik\таск\work\free_time_1\publish-check\work\production\tests\task.servicehosts.tests\bin\debug\net10.0\task.servicehosts.tests.dll" id="546f82e5-dff7-8393-0fdd-756494ab6855">
      <Execution id="bc87f32f-4af9-4674-a65c-4ab62d139a5e" />
      <TestMethod codeBase="C:\Users\novik\Таск\work\free_time_1\publish-check\work\production\tests\Task.ServiceHosts.Tests\bin\Debug\net10.0\Task.ServiceHosts.Tests.dll" adapterTypeName="executor://xunit/VsTestRunner3/netcore/" className="Task.ServiceHosts.Tests.CalendarScheduleEndpointsTests" name="GetSchedule_InvalidQuery_ReturnsStableValidationProblem" />
    </UnitTest>
    <UnitTest name="Task.ServiceHosts.Tests.CalendarWriteEndpointsTests.Patch_CannotCrossTenantBoundary" storage="c:\users\novik\таск\work\free_time_1\publish-check\work\production\tests\task.servicehosts.tests\bin\debug\net10.0\task.servicehosts.tests.dll" id="2d93392d-2970-4774-1d88-d2e5b5b003f4">
      <Execution id="d4f11021-7791-4ef4-9d0f-f2076e4ec18e" />
      <TestMethod codeBase="C:\Users\novik\Таск\work\free_time_1\publish-check\work\production\tests\Task.ServiceHosts.Tests\bin\Debug\net10.0\Task.ServiceHosts.Tests.dll" adapterTypeName="executor://xunit/VsTestRunner3/netcore/" className="Task.ServiceHosts.Tests.CalendarWriteEndpointsTests" name="Patch_CannotCrossTenantBoundary" />
    </UnitTest>
    <UnitTest name="Task.ServiceHosts.Tests.CalendarScheduleEndpointsTests.CalendarReads_WithoutToken_Return401(url: &quot;/api/v1/calendar/conflicts?from=2026-08-20T00:00:0&quot;···)" storage="c:\users\novik\таск\work\free_time_1\publish-check\work\production\tests\task.servicehosts.tests\bin\debug\net10.0\task.servicehosts.tests.dll" id="b6f98665-5bd2-038c-ff1d-854eda1e3b55">
      <Execution id="5ab0af6f-548d-4f83-876c-dbb8b9f3013a" />
      <TestMethod codeBase="C:\Users\novik\Таск\work\free_time_1\publish-check\work\production\tests\Task.ServiceHosts.Tests\bin\Debug\net10.0\Task.ServiceHosts.Tests.dll" adapterTypeName="executor://xunit/VsTestRunner3/netcore/" className="Task.ServiceHosts.Tests.CalendarScheduleEndpointsTests" name="CalendarReads_WithoutToken_Return401" />
    </UnitTest>
  </TestDefinitions>
  <TestEntries>
    <TestEntry testId="a05c1258-b2fb-cd24-af1f-681fcbc65ba6" executionId="9b362748-e379-4c87-b10d-41a514ddc400" testListId="8c84fa94-04c1-424b-9868-57a2d4851a1d" />
    <TestEntry testId="546f82e5-dff7-8393-0fdd-756494ab6855" executionId="bc87f32f-4af9-4674-a65c-4ab62d139a5e" testListId="8c84fa94-04c1-424b-9868-57a2d4851a1d" />
    <TestEntry testId="82b5e8c4-5709-e2f6-66e0-d5e3002576a2" executionId="2db4f530-3cdc-4f70-b981-abdfdfab4c63" testListId="8c84fa94-04c1-424b-9868-57a2d4851a1d" />
    <TestEntry testId="bde68dce-0246-7e6b-5ca5-7bd0c8434717" executionId="fb5bbbdc-887d-4708-bd92-4056cb02b816" testListId="8c84fa94-04c1-424b-9868-57a2d4851a1d" />
    <TestEntry testId="23738687-4c40-3d7f-7b8b-ddc026937487" executionId="1059aa39-631e-4404-8b45-c2db90b5133a" testListId="8c84fa94-04c1-424b-9868-57a2d4851a1d" />
    <TestEntry testId="89aa11cb-a192-d1b5-fee1-e501ac68e789" executionId="805f30cf-55ec-4603-a740-afab5cdf1992" testListId="8c84fa94-04c1-424b-9868-57a2d4851a1d" />
    <TestEntry testId="84e29d10-6642-a6aa-466a-170384651364" executionId="6c0bed41-3185-48f0-97f7-8e3f48e071ce" testListId="8c84fa94-04c1-424b-9868-57a2d4851a1d" />
    <TestEntry testId="80d1aeb1-0606-2fb8-fb94-61617309b7e7" executionId="02cf052c-a864-4011-a4ee-099d10e79202" testListId="8c84fa94-04c1-424b-9868-57a2d4851a1d" />
    <TestEntry testId="2d93392d-2970-4774-1d88-d2e5b5b003f4" executionId="d4f11021-7791-4ef4-9d0f-f2076e4ec18e" testListId="8c84fa94-04c1-424b-9868-57a2d4851a1d" />
    <TestEntry testId="56297fec-dcd7-f78f-dd16-68cfa99830d8" executionId="9cd00ea6-ac8c-43ee-90a8-69549fe9dca6" testListId="8c84fa94-04c1-424b-9868-57a2d4851a1d" />
    <TestEntry testId="4c3a9537-ad0c-2e20-e9e7-74f559142f86" executionId="dae157ab-db47-4230-8a71-cece774b9de7" testListId="8c84fa94-04c1-424b-9868-57a2d4851a1d" />
    <TestEntry testId="d1f81720-8e92-a49f-9a05-0599548bdfee" executionId="1ecd7379-00bc-4dca-a46c-f05fdd371d0e" testListId="8c84fa94-04c1-424b-9868-57a2d4851a1d" />
    <TestEntry testId="ca5b6fcb-c60c-6248-881a-c3eb6cca3403" executionId="6efa5e73-3f51-4f01-85e1-25d087225b3f" testListId="8c84fa94-04c1-424b-9868-57a2d4851a1d" />
    <TestEntry testId="7f989a3d-ac7f-cb52-88b7-d3dcb894f855" executionId="ae27987a-13ec-4d37-b465-1e586cca18e0" testListId="8c84fa94-04c1-424b-9868-57a2d4851a1d" />
    <TestEntry testId="32420df8-ba05-c922-9905-aaad7e5f5cce" executionId="c1b55871-c5a6-4b5f-a9d3-af2299ae6eb1" testListId="8c84fa94-04c1-424b-9868-57a2d4851a1d" />
    <TestEntry testId="420c5700-8f66-760f-24ea-c5b900ad256f" executionId="2ceec9d1-9c25-4cc8-98e1-6eb4ac31e5a8" testListId="8c84fa94-04c1-424b-9868-57a2d4851a1d" />
    <TestEntry testId="81d6953d-25be-c0eb-5638-f7385e47ef1a" executionId="8cd04096-0adb-4e54-8a14-edd3e59e68af" testListId="8c84fa94-04c1-424b-9868-57a2d4851a1d" />
    <TestEntry testId="711e3be2-e1c3-badb-f852-62143ab6d4c7" executionId="e648c233-1372-4fde-8a05-e1b5d0019fab" testListId="8c84fa94-04c1-424b-9868-57a2d4851a1d" />
    <TestEntry testId="963c0145-9952-5cb3-59a0-24453ee9b743" executionId="56fb3563-c1d1-4af9-8e99-491a2ddb2798" testListId="8c84fa94-04c1-424b-9868-57a2d4851a1d" />
    <TestEntry testId="31c26e95-65b6-aab4-ab4c-fb17af90065e" executionId="827424df-eece-4ad6-a8c3-0d14aea6f576" testListId="8c84fa94-04c1-424b-9868-57a2d4851a1d" />
    <TestEntry testId="cd75421d-1bcd-4b70-f2b3-c84eec34c265" executionId="685a7189-bb31-443f-8039-c34252e45a3c" testListId="8c84fa94-04c1-424b-9868-57a2d4851a1d" />
    <TestEntry testId="b6f98665-5bd2-038c-ff1d-854eda1e3b55" executionId="5ab0af6f-548d-4f83-876c-dbb8b9f3013a" testListId="8c84fa94-04c1-424b-9868-57a2d4851a1d" />
    <TestEntry testId="1c5417e6-fff3-c9bd-3731-5f2302689b9e" executionId="99066ab9-ad60-446e-b65b-c816242b09b4" testListId="8c84fa94-04c1-424b-9868-57a2d4851a1d" />
    <TestEntry testId="8167cf32-f54d-e242-18f2-93c7375bcdf1" executionId="e1379186-17e0-4193-b571-31b165fbf120" testListId="8c84fa94-04c1-424b-9868-57a2d4851a1d" />
    <TestEntry testId="9d47d01f-aa2a-f56e-9679-d7979f044e7d" executionId="069e38c4-512e-4ade-aa1f-4d11027f10f6" testListId="8c84fa94-04c1-424b-9868-57a2d4851a1d" />
    <TestEntry testId="11121a72-809e-8b4c-728f-ea95187e6340" executionId="e1f9340a-61df-4635-a6ff-5fe4d0a4e4f3" testListId="8c84fa94-04c1-424b-9868-57a2d4851a1d" />
    <TestEntry testId="7ad0993f-e114-5637-49de-5b8d495c28f2" executionId="dc1ee73b-1a96-4ce8-abff-9b808bcda8e4" testListId="8c84fa94-04c1-424b-9868-57a2d4851a1d" />
    <TestEntry testId="e5ca2ba1-6004-9d01-2059-efa0e20c0cc5" executionId="8d0b5ac2-2bfc-4e62-bf83-36f8edaf3136" testListId="8c84fa94-04c1-424b-9868-57a2d4851a1d" />
    <TestEntry testId="098f3371-4b6f-59f6-8c06-c4712f2f790c" executionId="82b3328f-71c5-4710-9788-06b5769ab08e" testListId="8c84fa94-04c1-424b-9868-57a2d4851a1d" />
    <TestEntry testId="162984b2-f6cb-58a8-bae1-4f7e12367994" executionId="9fe4c9ef-c35a-4444-921f-dd689f1c6e2d" testListId="8c84fa94-04c1-424b-9868-57a2d4851a1d" />
    <TestEntry testId="3446e4be-e5c9-c349-9d48-16ccfc1447f8" executionId="8e79a868-1bb7-4dec-a639-872374aab9d2" testListId="8c84fa94-04c1-424b-9868-57a2d4851a1d" />
    <TestEntry testId="5a6fba5a-5e2b-e22b-22f5-b0b6beb983be" executionId="80db69c1-41b1-4240-84ba-28b88634bbb5" testListId="8c84fa94-04c1-424b-9868-57a2d4851a1d" />
    <TestEntry testId="2e346b1d-296a-1e7a-b4ae-70b1b949b847" executionId="e8d3ce46-e06a-4437-be3a-240a49972869" testListId="8c84fa94-04c1-424b-9868-57a2d4851a1d" />
  </TestEntries>
  <TestLists>
    <TestList name="Список результатов" id="8c84fa94-04c1-424b-9868-57a2d4851a1d" />
    <TestList name="Все загруженные результаты" id="19431567-8539-422a-85d7-44ee4e166bda" />
  </TestLists>
  <ResultSummary outcome="Completed">
    <Counters total="33" executed="33" passed="33" failed="0" error="0" timeout="0" aborted="0" inconclusive="0" passedButRunAborted="0" notRunnable="0" notExecuted="0" disconnected="0" warning="0" completed="0" inProgress="0" pending="0" />
    <Output>
      <StdOut>[xUnit.net 00:00:00.00] xUnit.net VSTest Adapter v3.1.4+50e68bbb8b (64-bit .NET 10.0.11)&#xD;
[xUnit.net 00:00:01.39]   Discovering: Task.ServiceHosts.Tests&#xD;
[xUnit.net 00:00:01.51]   Discovered:  Task.ServiceHosts.Tests&#xD;
[xUnit.net 00:00:01.54]   Starting:    Task.ServiceHosts.Tests&#xD;
[xUnit.net 00:00:02.72]   Finished:    Task.ServiceHosts.Tests&#xD;
</StdOut>
    </Output>
  </ResultSummary>
</TestRun>