<?xml version="1.0" encoding="utf-8"?>
<TestRun id="6b82f88f-a54a-422c-b14b-36140eb47f55" name="novik@TIM 2026-09-09 22:27:55" runUser="Tim\CodexSandboxOffline" xmlns="http://microsoft.com/schemas/VisualStudio/TeamTest/2010">
  <Times creation="2026-09-09T22:27:55.8175361+03:00" queuing="2026-09-09T22:27:55.8175363+03:00" start="2026-09-09T22:27:55.0707614+03:00" finish="2026-09-09T22:27:55.8447355+03:00" />
  <TestSettings name="default" id="8c19010a-b0bd-4790-a41c-2b86a9ec8c59">
    <Deployment runDeploymentRoot="novik_TIM_2026-09-09_22_27_55" />
  </TestSettings>
  <Results>
    <UnitTestResult executionId="33a1f4fc-5299-4cba-8829-223025d6efe1" testId="1d5eb056-13fe-0157-8c15-87f4d9c520a0" testName="Task.Tests.PostgresProductApiTests.Authorization_RevokedCapabilityCannotUseAnOldRequestSnapshot" computerName="TIM" duration="00:00:00.0003130" startTime="2026-09-09T22:27:55.7761337+03:00" endTime="2026-09-09T22:27:55.7761493+03:00" testType="13cdc9d9-ddb5-4fa4-a97d-d965ccfc6d4b" outcome="Passed" testListId="8c84fa94-04c1-424b-9868-57a2d4851a1d" relativeResultsDirectory="33a1f4fc-5299-4cba-8829-223025d6efe1" />
    <UnitTestResult executionId="06821099-1f47-4080-940e-1333e551c316" testId="20fc59eb-08a4-24f4-6e43-578a2dbc1632" testName="Task.Tests.PostgresProductApiTests.TaskCard_RealPostgres_VisibilityAndOptionsArePermissionBound" computerName="TIM" duration="00:00:00.0008476" startTime="2026-09-09T22:27:55.7952127+03:00" endTime="2026-09-09T22:27:55.7952560+03:00" testType="13cdc9d9-ddb5-4fa4-a97d-d965ccfc6d4b" outcome="Passed" testListId="8c84fa94-04c1-424b-9868-57a2d4851a1d" relativeResultsDirectory="06821099-1f47-4080-940e-1333e551c316" />
    <UnitTestResult executionId="2ed26185-f3ad-422a-b675-90d2fd55d537" testId="cf513b2c-a5e6-2683-35f2-c1b2b9aaf381" testName="Task.Tests.PostgresProductApiTests.Authorization_PrivateObjectsStayHiddenAcrossEveryProjection" computerName="TIM" duration="00:00:00.0010627" startTime="2026-09-09T22:27:55.7757576+03:00" endTime="2026-09-09T22:27:55.7757847+03:00" testType="13cdc9d9-ddb5-4fa4-a97d-d965ccfc6d4b" outcome="Passed" testListId="8c84fa94-04c1-424b-9868-57a2d4851a1d" relativeResultsDirectory="2ed26185-f3ad-422a-b675-90d2fd55d537" />
    <UnitTestResult executionId="2b5b2640-6f5d-43a9-be27-d8f3820e95a9" testId="d83e3605-8b06-549b-a34b-18bb39ba21aa" testName="Task.Tests.PostgresProductApiTests.Authorization_RoleAssignmentIsVersionedAuditedAndCannotRemoveLastAdmin" computerName="TIM" duration="00:00:00.0008986" startTime="2026-09-09T22:27:55.7759712+03:00" endTime="2026-09-09T22:27:55.7759880+03:00" testType="13cdc9d9-ddb5-4fa4-a97d-d965ccfc6d4b" outcome="Passed" testListId="8c84fa94-04c1-424b-9868-57a2d4851a1d" relativeResultsDirectory="2b5b2640-6f5d-43a9-be27-d8f3820e95a9" />
    <UnitTestResult executionId="e2b05c2f-e35a-4c20-9900-d5a59c48d520" testId="d84143cf-a248-362e-63dd-7a03f3265d98" testName="Task.Tests.PostgresProductApiTests.Authorization_DepartmentAndExpiryDoNotBecomeGlobalPermanentGrants" computerName="TIM" duration="00:00:00.0006838" startTime="2026-09-09T22:27:55.7760261+03:00" endTime="2026-09-09T22:27:55.7760418+03:00" testType="13cdc9d9-ddb5-4fa4-a97d-d965ccfc6d4b" outcome="Passed" testListId="8c84fa94-04c1-424b-9868-57a2d4851a1d" relativeResultsDirectory="e2b05c2f-e35a-4c20-9900-d5a59c48d520" />
    <UnitTestResult executionId="045c9ade-f475-467b-83cd-68e203ad552f" testId="0881d3ff-4d9b-71c6-0f90-5a52706880e9" testName="Task.Tests.PostgresProductApiTests.ProductApi_LinksInteractionsAndFileChecksRoundTrip" computerName="TIM" duration="00:00:00.0012301" startTime="2026-09-09T22:27:55.7956145+03:00" endTime="2026-09-09T22:27:55.7956314+03:00" testType="13cdc9d9-ddb5-4fa4-a97d-d965ccfc6d4b" outcome="Passed" testListId="8c84fa94-04c1-424b-9868-57a2d4851a1d" relativeResultsDirectory="045c9ade-f475-467b-83cd-68e203ad552f" />
    <UnitTestResult executionId="49888b40-cf41-4516-80ba-b5cbd32728bf" testId="a09acf15-59f4-f8b1-3e49-8d7c73f5c762" testName="Task.Tests.PostgresProductApiTests.Authorization_SystemRolesHaveExplicitMatrixAndDenyWins" computerName="TIM" duration="00:00:00.0013390" startTime="2026-09-09T22:27:55.7954767+03:00" endTime="2026-09-09T22:27:55.7954983+03:00" testType="13cdc9d9-ddb5-4fa4-a97d-d965ccfc6d4b" outcome="Passed" testListId="8c84fa94-04c1-424b-9868-57a2d4851a1d" relativeResultsDirectory="49888b40-cf41-4516-80ba-b5cbd32728bf" />
    <UnitTestResult executionId="67e5ab20-23a3-4e0b-88aa-59d38a1072d9" testId="9a92c938-9253-c1f9-6a4f-474fe01c26d6" testName="Task.Tests.PostgresProductApiTests.ProductApi_SettingsNotificationsAndDiscovery" computerName="TIM" duration="00:00:00.0011891" startTime="2026-09-09T22:27:55.7760798+03:00" endTime="2026-09-09T22:27:55.7760955+03:00" testType="13cdc9d9-ddb5-4fa4-a97d-d965ccfc6d4b" outcome="Passed" testListId="8c84fa94-04c1-424b-9868-57a2d4851a1d" relativeResultsDirectory="67e5ab20-23a3-4e0b-88aa-59d38a1072d9" />
    <UnitTestResult executionId="f95d8fca-e5ac-4457-a7c6-08c9f23f6922" testId="f56ec44c-3bd2-5500-8382-da0516573118" testName="Task.Tests.PostgresProductApiTests.ProductApi_MembershipAndFilePathSafety" computerName="TIM" duration="00:00:00.0009927" startTime="2026-09-09T22:27:55.7758395+03:00" endTime="2026-09-09T22:27:55.7758585+03:00" testType="13cdc9d9-ddb5-4fa4-a97d-d965ccfc6d4b" outcome="Passed" testListId="8c84fa94-04c1-424b-9868-57a2d4851a1d" relativeResultsDirectory="f95d8fca-e5ac-4457-a7c6-08c9f23f6922" />
    <UnitTestResult executionId="527b3ec6-df40-40af-8b56-0cbbb2d9480f" testId="0be4cce9-4412-f2dc-01b1-b541ca060f5a" testName="Task.Tests.PostgresProductApiTests.Authorization_ProjectSharingRevocationAndDenyWinForOwnerAndAdmin" computerName="TIM" duration="00:00:00.0008264" startTime="2026-09-09T22:27:55.7759034+03:00" endTime="2026-09-09T22:27:55.7759210+03:00" testType="13cdc9d9-ddb5-4fa4-a97d-d965ccfc6d4b" outcome="Passed" testListId="8c84fa94-04c1-424b-9868-57a2d4851a1d" relativeResultsDirectory="527b3ec6-df40-40af-8b56-0cbbb2d9480f" />
    <UnitTestResult executionId="3ceb881f-dedc-456d-aec8-854ad77c7aba" testId="e60a9656-3862-178e-1e81-d646003610db" testName="Task.Tests.PostgresProductApiTests.ProductApi_ProjectsCrmCatalogLifecycleAndIdempotency" computerName="TIM" duration="00:00:00.0011731" startTime="2026-09-09T22:27:55.7957271+03:00" endTime="2026-09-09T22:27:55.7957419+03:00" testType="13cdc9d9-ddb5-4fa4-a97d-d965ccfc6d4b" outcome="Passed" testListId="8c84fa94-04c1-424b-9868-57a2d4851a1d" relativeResultsDirectory="3ceb881f-dedc-456d-aec8-854ad77c7aba" />
    <UnitTestResult executionId="92e7d960-b267-498e-abc5-b9663350ccf0" testId="bdd47cbd-8a3d-8aef-cc0c-2c249404c57f" testName="Task.Tests.PostgresProductApiTests.TaskCard_TransactionalValidationRejectsInvalidRelationsAndUnauthorizedProjectDetach" computerName="TIM" duration="00:00:00.0007312" startTime="2026-09-09T22:27:55.7956696+03:00" endTime="2026-09-09T22:27:55.7956877+03:00" testType="13cdc9d9-ddb5-4fa4-a97d-d965ccfc6d4b" outcome="Passed" testListId="8c84fa94-04c1-424b-9868-57a2d4851a1d" relativeResultsDirectory="92e7d960-b267-498e-abc5-b9663350ccf0" />
    <UnitTestResult executionId="fc69e02f-53de-4bb5-9c77-9cc913320a98" testId="2e43f9a4-f686-3684-aea3-8858d6094c8c" testName="Task.Tests.PostgresProductApiTests.ProductApi_ConcurrentWritesAndSearchSnapshotsAreSafe" computerName="TIM" duration="00:00:00.0011917" startTime="2026-09-09T22:27:55.7753456+03:00" endTime="2026-09-09T22:27:55.7753908+03:00" testType="13cdc9d9-ddb5-4fa4-a97d-d965ccfc6d4b" outcome="Passed" testListId="8c84fa94-04c1-424b-9868-57a2d4851a1d" relativeResultsDirectory="fc69e02f-53de-4bb5-9c77-9cc913320a98" />
    <UnitTestResult executionId="0c543747-5d02-411d-b4c1-b8ce94b9b56f" testId="24120f81-50e5-6a43-5a24-1c9111e7fc1e" testName="Task.Tests.PostgresProductApiTests.Authorization_PersonalTasksCalendarAndRecurrenceArePrivate" computerName="TIM" duration="00:00:00.0016218" startTime="2026-09-09T22:27:55.7955530+03:00" endTime="2026-09-09T22:27:55.7955716+03:00" testType="13cdc9d9-ddb5-4fa4-a97d-d965ccfc6d4b" outcome="Passed" testListId="8c84fa94-04c1-424b-9868-57a2d4851a1d" relativeResultsDirectory="0c543747-5d02-411d-b4c1-b8ce94b9b56f" />
    <UnitTestResult executionId="f65cabbf-c49d-4aac-b626-4d0c3a8205a5" testId="f133a7c8-4568-e12d-6782-9aedd08a91d1" testName="Task.Tests.PostgresProductApiTests.TaskCard_RealPostgres_ReadWriteChildrenAndCompletion" computerName="TIM" duration="00:00:00.0047531" startTime="2026-09-09T22:27:55.7584445+03:00" endTime="2026-09-09T22:27:55.7682223+03:00" testType="13cdc9d9-ddb5-4fa4-a97d-d965ccfc6d4b" outcome="Passed" testListId="8c84fa94-04c1-424b-9868-57a2d4851a1d" relativeResultsDirectory="f65cabbf-c49d-4aac-b626-4d0c3a8205a5" />
  </Results>
  <TestDefinitions>
    <UnitTest name="Task.Tests.PostgresProductApiTests.Authorization_DepartmentAndExpiryDoNotBecomeGlobalPermanentGrants" storage="c:\users\novik\таск\work\production\tests\task.tests\bin\debug\net10.0\task.tests.dll" id="d84143cf-a248-362e-63dd-7a03f3265d98">
      <Execution id="e2b05c2f-e35a-4c20-9900-d5a59c48d520" />
      <TestMethod codeBase="C:\Users\novik\Таск\work\production\tests\Task.Tests\bin\Debug\net10.0\Task.Tests.dll" adapterTypeName="executor://xunit/VsTestRunner3/netcore/" className="Task.Tests.PostgresProductApiTests" name="Authorization_DepartmentAndExpiryDoNotBecomeGlobalPermanentGrants" />
    </UnitTest>
    <UnitTest name="Task.Tests.PostgresProductApiTests.ProductApi_MembershipAndFilePathSafety" storage="c:\users\novik\таск\work\production\tests\task.tests\bin\debug\net10.0\task.tests.dll" id="f56ec44c-3bd2-5500-8382-da0516573118">
      <Execution id="f95d8fca-e5ac-4457-a7c6-08c9f23f6922" />
      <TestMethod codeBase="C:\Users\novik\Таск\work\production\tests\Task.Tests\bin\Debug\net10.0\Task.Tests.dll" adapterTypeName="executor://xunit/VsTestRunner3/netcore/" className="Task.Tests.PostgresProductApiTests" name="ProductApi_MembershipAndFilePathSafety" />
    </UnitTest>
    <UnitTest name="Task.Tests.PostgresProductApiTests.TaskCard_RealPostgres_VisibilityAndOptionsArePermissionBound" storage="c:\users\novik\таск\work\production\tests\task.tests\bin\debug\net10.0\task.tests.dll" id="20fc59eb-08a4-24f4-6e43-578a2dbc1632">
      <Execution id="06821099-1f47-4080-940e-1333e551c316" />
      <TestMethod codeBase="C:\Users\novik\Таск\work\production\tests\Task.Tests\bin\Debug\net10.0\Task.Tests.dll" adapterTypeName="executor://xunit/VsTestRunner3/netcore/" className="Task.Tests.PostgresProductApiTests" name="TaskCard_RealPostgres_VisibilityAndOptionsArePermissionBound" />
    </UnitTest>
    <UnitTest name="Task.Tests.PostgresProductApiTests.TaskCard_TransactionalValidationRejectsInvalidRelationsAndUnauthorizedProjectDetach" storage="c:\users\novik\таск\work\production\tests\task.tests\bin\debug\net10.0\task.tests.dll" id="bdd47cbd-8a3d-8aef-cc0c-2c249404c57f">
      <Execution id="92e7d960-b267-498e-abc5-b9663350ccf0" />
      <TestMethod codeBase="C:\Users\novik\Таск\work\production\tests\Task.Tests\bin\Debug\net10.0\Task.Tests.dll" adapterTypeName="executor://xunit/VsTestRunner3/netcore/" className="Task.Tests.PostgresProductApiTests" name="TaskCard_TransactionalValidationRejectsInvalidRelationsAndUnauthorizedProjectDetach" />
    </UnitTest>
    <UnitTest name="Task.Tests.PostgresProductApiTests.Authorization_RevokedCapabilityCannotUseAnOldRequestSnapshot" storage="c:\users\novik\таск\work\production\tests\task.tests\bin\debug\net10.0\task.tests.dll" id="1d5eb056-13fe-0157-8c15-87f4d9c520a0">
      <Execution id="33a1f4fc-5299-4cba-8829-223025d6efe1" />
      <TestMethod codeBase="C:\Users\novik\Таск\work\production\tests\Task.Tests\bin\Debug\net10.0\Task.Tests.dll" adapterTypeName="executor://xunit/VsTestRunner3/netcore/" className="Task.Tests.PostgresProductApiTests" name="Authorization_RevokedCapabilityCannotUseAnOldRequestSnapshot" />
    </UnitTest>
    <UnitTest name="Task.Tests.PostgresProductApiTests.Authorization_RoleAssignmentIsVersionedAuditedAndCannotRemoveLastAdmin" storage="c:\users\novik\таск\work\production\tests\task.tests\bin\debug\net10.0\task.tests.dll" id="d83e3605-8b06-549b-a34b-18bb39ba21aa">
      <Execution id="2b5b2640-6f5d-43a9-be27-d8f3820e95a9" />
      <TestMethod codeBase="C:\Users\novik\Таск\work\production\tests\Task.Tests\bin\Debug\net10.0\Task.Tests.dll" adapterTypeName="executor://xunit/VsTestRunner3/netcore/" className="Task.Tests.PostgresProductApiTests" name="Authorization_RoleAssignmentIsVersionedAuditedAndCannotRemoveLastAdmin" />
    </UnitTest>
    <UnitTest name="Task.Tests.PostgresProductApiTests.Authorization_PersonalTasksCalendarAndRecurrenceArePrivate" storage="c:\users\novik\таск\work\production\tests\task.tests\bin\debug\net10.0\task.tests.dll" id="24120f81-50e5-6a43-5a24-1c9111e7fc1e">
      <Execution id="0c543747-5d02-411d-b4c1-b8ce94b9b56f" />
      <TestMethod codeBase="C:\Users\novik\Таск\work\production\tests\Task.Tests\bin\Debug\net10.0\Task.Tests.dll" adapterTypeName="executor://xunit/VsTestRunner3/netcore/" className="Task.Tests.PostgresProductApiTests" name="Authorization_PersonalTasksCalendarAndRecurrenceArePrivate" />
    </UnitTest>
    <UnitTest name="Task.Tests.PostgresProductApiTests.Authorization_ProjectSharingRevocationAndDenyWinForOwnerAndAdmin" storage="c:\users\novik\таск\work\production\tests\task.tests\bin\debug\net10.0\task.tests.dll" id="0be4cce9-4412-f2dc-01b1-b541ca060f5a">
      <Execution id="527b3ec6-df40-40af-8b56-0cbbb2d9480f" />
      <TestMethod codeBase="C:\Users\novik\Таск\work\production\tests\Task.Tests\bin\Debug\net10.0\Task.Tests.dll" adapterTypeName="executor://xunit/VsTestRunner3/netcore/" className="Task.Tests.PostgresProductApiTests" name="Authorization_ProjectSharingRevocationAndDenyWinForOwnerAndAdmin" />
    </UnitTest>
    <UnitTest name="Task.Tests.PostgresProductApiTests.Authorization_PrivateObjectsStayHiddenAcrossEveryProjection" storage="c:\users\novik\таск\work\production\tests\task.tests\bin\debug\net10.0\task.tests.dll" id="cf513b2c-a5e6-2683-35f2-c1b2b9aaf381">
      <Execution id="2ed26185-f3ad-422a-b675-90d2fd55d537" />
      <TestMethod codeBase="C:\Users\novik\Таск\work\production\tests\Task.Tests\bin\Debug\net10.0\Task.Tests.dll" adapterTypeName="executor://xunit/VsTestRunner3/netcore/" className="Task.Tests.PostgresProductApiTests" name="Authorization_PrivateObjectsStayHiddenAcrossEveryProjection" />
    </UnitTest>
    <UnitTest name="Task.Tests.PostgresProductApiTests.Authorization_SystemRolesHaveExplicitMatrixAndDenyWins" storage="c:\users\novik\таск\work\production\tests\task.tests\bin\debug\net10.0\task.tests.dll" id="a09acf15-59f4-f8b1-3e49-8d7c73f5c762">
      <Execution id="49888b40-cf41-4516-80ba-b5cbd32728bf" />
      <TestMethod codeBase="C:\Users\novik\Таск\work\production\tests\Task.Tests\bin\Debug\net10.0\Task.Tests.dll" adapterTypeName="executor://xunit/VsTestRunner3/netcore/" className="Task.Tests.PostgresProductApiTests" name="Authorization_SystemRolesHaveExplicitMatrixAndDenyWins" />
    </UnitTest>
    <UnitTest name="Task.Tests.PostgresProductApiTests.ProductApi_SettingsNotificationsAndDiscovery" storage="c:\users\novik\таск\work\production\tests\task.tests\bin\debug\net10.0\task.tests.dll" id="9a92c938-9253-c1f9-6a4f-474fe01c26d6">
      <Execution id="67e5ab20-23a3-4e0b-88aa-59d38a1072d9" />
      <TestMethod codeBase="C:\Users\novik\Таск\work\production\tests\Task.Tests\bin\Debug\net10.0\Task.Tests.dll" adapterTypeName="executor://xunit/VsTestRunner3/netcore/" className="Task.Tests.PostgresProductApiTests" name="ProductApi_SettingsNotificationsAndDiscovery" />
    </UnitTest>
    <UnitTest name="Task.Tests.PostgresProductApiTests.ProductApi_LinksInteractionsAndFileChecksRoundTrip" storage="c:\users\novik\таск\work\production\tests\task.tests\bin\debug\net10.0\task.tests.dll" id="0881d3ff-4d9b-71c6-0f90-5a52706880e9">
      <Execution id="045c9ade-f475-467b-83cd-68e203ad552f" />
      <TestMethod codeBase="C:\Users\novik\Таск\work\production\tests\Task.Tests\bin\Debug\net10.0\Task.Tests.dll" adapterTypeName="executor://xunit/VsTestRunner3/netcore/" className="Task.Tests.PostgresProductApiTests" name="ProductApi_LinksInteractionsAndFileChecksRoundTrip" />
    </UnitTest>
    <UnitTest name="Task.Tests.PostgresProductApiTests.ProductApi_ConcurrentWritesAndSearchSnapshotsAreSafe" storage="c:\users\novik\таск\work\production\tests\task.tests\bin\debug\net10.0\task.tests.dll" id="2e43f9a4-f686-3684-aea3-8858d6094c8c">
      <Execution id="fc69e02f-53de-4bb5-9c77-9cc913320a98" />
      <TestMethod codeBase="C:\Users\novik\Таск\work\production\tests\Task.Tests\bin\Debug\net10.0\Task.Tests.dll" adapterTypeName="executor://xunit/VsTestRunner3/netcore/" className="Task.Tests.PostgresProductApiTests" name="ProductApi_ConcurrentWritesAndSearchSnapshotsAreSafe" />
    </UnitTest>
    <UnitTest name="Task.Tests.PostgresProductApiTests.TaskCard_RealPostgres_ReadWriteChildrenAndCompletion" storage="c:\users\novik\таск\work\production\tests\task.tests\bin\debug\net10.0\task.tests.dll" id="f133a7c8-4568-e12d-6782-9aedd08a91d1">
      <Execution id="f65cabbf-c49d-4aac-b626-4d0c3a8205a5" />
      <TestMethod codeBase="C:\Users\novik\Таск\work\production\tests\Task.Tests\bin\Debug\net10.0\Task.Tests.dll" adapterTypeName="executor://xunit/VsTestRunner3/netcore/" className="Task.Tests.PostgresProductApiTests" name="TaskCard_RealPostgres_ReadWriteChildrenAndCompletion" />
    </UnitTest>
    <UnitTest name="Task.Tests.PostgresProductApiTests.ProductApi_ProjectsCrmCatalogLifecycleAndIdempotency" storage="c:\users\novik\таск\work\production\tests\task.tests\bin\debug\net10.0\task.tests.dll" id="e60a9656-3862-178e-1e81-d646003610db">
      <Execution id="3ceb881f-dedc-456d-aec8-854ad77c7aba" />
      <TestMethod codeBase="C:\Users\novik\Таск\work\production\tests\Task.Tests\bin\Debug\net10.0\Task.Tests.dll" adapterTypeName="executor://xunit/VsTestRunner3/netcore/" className="Task.Tests.PostgresProductApiTests" name="ProductApi_ProjectsCrmCatalogLifecycleAndIdempotency" />
    </UnitTest>
  </TestDefinitions>
  <TestEntries>
    <TestEntry testId="1d5eb056-13fe-0157-8c15-87f4d9c520a0" executionId="33a1f4fc-5299-4cba-8829-223025d6efe1" testListId="8c84fa94-04c1-424b-9868-57a2d4851a1d" />
    <TestEntry testId="20fc59eb-08a4-24f4-6e43-578a2dbc1632" executionId="06821099-1f47-4080-940e-1333e551c316" testListId="8c84fa94-04c1-424b-9868-57a2d4851a1d" />
    <TestEntry testId="cf513b2c-a5e6-2683-35f2-c1b2b9aaf381" executionId="2ed26185-f3ad-422a-b675-90d2fd55d537" testListId="8c84fa94-04c1-424b-9868-57a2d4851a1d" />
    <TestEntry testId="d83e3605-8b06-549b-a34b-18bb39ba21aa" executionId="2b5b2640-6f5d-43a9-be27-d8f3820e95a9" testListId="8c84fa94-04c1-424b-9868-57a2d4851a1d" />
    <TestEntry testId="d84143cf-a248-362e-63dd-7a03f3265d98" executionId="e2b05c2f-e35a-4c20-9900-d5a59c48d520" testListId="8c84fa94-04c1-424b-9868-57a2d4851a1d" />
    <TestEntry testId="0881d3ff-4d9b-71c6-0f90-5a52706880e9" executionId="045c9ade-f475-467b-83cd-68e203ad552f" testListId="8c84fa94-04c1-424b-9868-57a2d4851a1d" />
    <TestEntry testId="a09acf15-59f4-f8b1-3e49-8d7c73f5c762" executionId="49888b40-cf41-4516-80ba-b5cbd32728bf" testListId="8c84fa94-04c1-424b-9868-57a2d4851a1d" />
    <TestEntry testId="9a92c938-9253-c1f9-6a4f-474fe01c26d6" executionId="67e5ab20-23a3-4e0b-88aa-59d38a1072d9" testListId="8c84fa94-04c1-424b-9868-57a2d4851a1d" />
    <TestEntry testId="f56ec44c-3bd2-5500-8382-da0516573118" executionId="f95d8fca-e5ac-4457-a7c6-08c9f23f6922" testListId="8c84fa94-04c1-424b-9868-57a2d4851a1d" />
    <TestEntry testId="0be4cce9-4412-f2dc-01b1-b541ca060f5a" executionId="527b3ec6-df40-40af-8b56-0cbbb2d9480f" testListId="8c84fa94-04c1-424b-9868-57a2d4851a1d" />
    <TestEntry testId="e60a9656-3862-178e-1e81-d646003610db" executionId="3ceb881f-dedc-456d-aec8-854ad77c7aba" testListId="8c84fa94-04c1-424b-9868-57a2d4851a1d" />
    <TestEntry testId="bdd47cbd-8a3d-8aef-cc0c-2c249404c57f" executionId="92e7d960-b267-498e-abc5-b9663350ccf0" testListId="8c84fa94-04c1-424b-9868-57a2d4851a1d" />
    <TestEntry testId="2e43f9a4-f686-3684-aea3-8858d6094c8c" executionId="fc69e02f-53de-4bb5-9c77-9cc913320a98" testListId="8c84fa94-04c1-424b-9868-57a2d4851a1d" />
    <TestEntry testId="24120f81-50e5-6a43-5a24-1c9111e7fc1e" executionId="0c543747-5d02-411d-b4c1-b8ce94b9b56f" testListId="8c84fa94-04c1-424b-9868-57a2d4851a1d" />
    <TestEntry testId="f133a7c8-4568-e12d-6782-9aedd08a91d1" executionId="f65cabbf-c49d-4aac-b626-4d0c3a8205a5" testListId="8c84fa94-04c1-424b-9868-57a2d4851a1d" />
  </TestEntries>
  <TestLists>
    <TestList name="Ergebnisse nicht in einer Liste" id="8c84fa94-04c1-424b-9868-57a2d4851a1d" />
    <TestList name="Alle geladenen Ergebnisse" id="19431567-8539-422a-85d7-44ee4e166bda" />
  </TestLists>
  <ResultSummary outcome="Completed">
    <Counters total="15" executed="15" passed="15" failed="0" error="0" timeout="0" aborted="0" inconclusive="0" passedButRunAborted="0" notRunnable="0" notExecuted="0" disconnected="0" warning="0" completed="0" inProgress="0" pending="0" />
    <Output>
      <StdOut>[xUnit.net 00:00:00.00] xUnit.net VSTest Adapter v3.1.4+50e68bbb8b (64-bit .NET 10.0.11)&#xD;
[xUnit.net 00:00:00.11]   Discovering: Task.Tests&#xD;
[xUnit.net 00:00:00.20]   Discovered:  Task.Tests&#xD;
[xUnit.net 00:00:00.22]   Starting:    Task.Tests&#xD;
[xUnit.net 00:00:00.28]   Finished:    Task.Tests&#xD;
</StdOut>
    </Output>
  </ResultSummary>
</TestRun>