<?xml version="1.0" encoding="utf-8"?>
<TestRun id="842cec71-54cf-4aff-b73e-b0e92ca64111" name="novik@TIM 2026-09-20 00:38:33" runUser="TIM\novik" xmlns="http://microsoft.com/schemas/VisualStudio/TeamTest/2010">
  <Times creation="2026-09-20T00:38:33.9593482+03:00" queuing="2026-09-20T00:38:33.9593492+03:00" start="2026-09-20T00:38:33.2495305+03:00" finish="2026-09-20T00:38:33.9668495+03:00" />
  <TestSettings name="default" id="5a3f3115-be56-4c46-bfbc-d6ad56ff08a2">
    <Deployment runDeploymentRoot="novik_TIM_2026-09-20_00_38_33" />
  </TestSettings>
  <Results>
    <UnitTestResult executionId="f16ed225-fc3c-4a8e-9166-e0270eeb6d4b" testId="02a54b5f-9a75-ae01-c8c4-b990a21353ba" testName="Task.Desktop.Tests.WindowsUxAccessibilityTests.DesktopManifest_DeclaresPerMonitorV2AndAsInvoker" computerName="TIM" duration="00:00:00.0004736" startTime="2026-09-20T00:38:33.8589216+03:00" endTime="2026-09-20T00:38:33.8589690+03:00" testType="13cdc9d9-ddb5-4fa4-a97d-d965ccfc6d4b" outcome="Passed" testListId="8c84fa94-04c1-424b-9868-57a2d4851a1d" relativeResultsDirectory="f16ed225-fc3c-4a8e-9166-e0270eeb6d4b" />
    <UnitTestResult executionId="eace2710-cdb7-4388-9479-304583534d9d" testId="489b83bd-97e4-6e53-1fed-9beb667b544e" testName="Task.Desktop.Tests.WindowsUxAccessibilityTests.PrimaryDesktopSurfaces_ExposeStableWindowsAutomationRoots" computerName="TIM" duration="00:00:00.0025826" startTime="2026-09-20T00:38:33.8631997+03:00" endTime="2026-09-20T00:38:33.8657820+03:00" testType="13cdc9d9-ddb5-4fa4-a97d-d965ccfc6d4b" outcome="Passed" testListId="8c84fa94-04c1-424b-9868-57a2d4851a1d" relativeResultsDirectory="eace2710-cdb7-4388-9479-304583534d9d" />
    <UnitTestResult executionId="50600015-2dd5-464b-8c34-6163359ea44e" testId="b55c8710-68f2-4bf2-ca8f-2e6bb8557864" testName="Task.Desktop.Tests.WindowsUxAccessibilityTests.CriticalWindowsHeadingsAndLiveRegions_AreDeclaredForScreenReaders" computerName="TIM" duration="00:00:00.0007883" startTime="2026-09-20T00:38:33.8593456+03:00" endTime="2026-09-20T00:38:33.8593711+03:00" testType="13cdc9d9-ddb5-4fa4-a97d-d965ccfc6d4b" outcome="Passed" testListId="8c84fa94-04c1-424b-9868-57a2d4851a1d" relativeResultsDirectory="50600015-2dd5-464b-8c34-6163359ea44e" />
    <UnitTestResult executionId="d438608d-342c-49fa-b051-42f93b81fab4" testId="e686392e-e3b8-638d-11a6-2ee832a269f7" testName="Task.Desktop.Tests.WindowsUxAccessibilityTests.WindowsUxRunner_UsesAnIsolatedDesktopDataDirectory" computerName="TIM" duration="00:00:00.0008088" startTime="2026-09-20T00:38:33.8623055+03:00" endTime="2026-09-20T00:38:33.8631167+03:00" testType="13cdc9d9-ddb5-4fa4-a97d-d965ccfc6d4b" outcome="Passed" testListId="8c84fa94-04c1-424b-9868-57a2d4851a1d" relativeResultsDirectory="d438608d-342c-49fa-b051-42f93b81fab4" />
    <UnitTestResult executionId="bd47ae6a-d7d8-477c-96db-a06537c1aa38" testId="53057d28-aa08-de26-679c-1e0c8ad95916" testName="Task.Desktop.Tests.WindowsUxAccessibilityTests.WindowContracts_FitAtTwoHundredPercentAndExposeKeyboardHelp" computerName="TIM" duration="00:00:00.0065893" startTime="2026-09-20T00:38:33.8594251+03:00" endTime="2026-09-20T00:38:33.8602797+03:00" testType="13cdc9d9-ddb5-4fa4-a97d-d965ccfc6d4b" outcome="Passed" testListId="8c84fa94-04c1-424b-9868-57a2d4851a1d" relativeResultsDirectory="bd47ae6a-d7d8-477c-96db-a06537c1aa38" />
    <UnitTestResult executionId="ba6ca097-877b-4de4-8fa0-7063162eb364" testId="7bc2afde-2ef0-be63-4390-7fb1bec9ea39" testName="Task.Desktop.Tests.WindowsUxAccessibilityTests.StartupSizing_FitsSupportedWindowsScaleMatrix(desiredWidth: 1120, desiredHeight: 700)" computerName="TIM" duration="00:00:00.0001845" startTime="2026-09-20T00:38:33.8621286+03:00" endTime="2026-09-20T00:38:33.8622495+03:00" testType="13cdc9d9-ddb5-4fa4-a97d-d965ccfc6d4b" outcome="Passed" testListId="8c84fa94-04c1-424b-9868-57a2d4851a1d" relativeResultsDirectory="ba6ca097-877b-4de4-8fa0-7063162eb364" />
    <UnitTestResult executionId="b4f871ab-4fc1-4030-85e1-3b11b242f96b" testId="90839013-3998-69b9-a796-6eaa0f46dee8" testName="Task.Desktop.Tests.WindowsUxAccessibilityTests.StartupSizing_FitsSupportedWindowsScaleMatrix(desiredWidth: 1200, desiredHeight: 900)" computerName="TIM" duration="00:00:00.0016888" startTime="2026-09-20T00:38:33.8603418+03:00" endTime="2026-09-20T00:38:33.8620586+03:00" testType="13cdc9d9-ddb5-4fa4-a97d-d965ccfc6d4b" outcome="Passed" testListId="8c84fa94-04c1-424b-9868-57a2d4851a1d" relativeResultsDirectory="b4f871ab-4fc1-4030-85e1-3b11b242f96b" />
    <UnitTestResult executionId="356ab185-2b77-4812-bd82-49e0d5ba3320" testId="f9285966-ed4e-ae45-4a60-94a8fad52053" testName="Task.Desktop.Tests.WindowsUxAccessibilityTests.NotificationCenterOverlay_ExposesUrgencyLabelsAndSemanticAccents" computerName="TIM" duration="00:00:00.0037585" startTime="2026-09-20T00:38:33.8440057+03:00" endTime="2026-09-20T00:38:33.8520632+03:00" testType="13cdc9d9-ddb5-4fa4-a97d-d965ccfc6d4b" outcome="Passed" testListId="8c84fa94-04c1-424b-9868-57a2d4851a1d" relativeResultsDirectory="356ab185-2b77-4812-bd82-49e0d5ba3320" />
  </Results>
  <TestDefinitions>
    <UnitTest name="Task.Desktop.Tests.WindowsUxAccessibilityTests.WindowsUxRunner_UsesAnIsolatedDesktopDataDirectory" storage="c:\users\novik\таск\work\production\tests\task.desktop.tests\bin\release\net10.0-windows\task.desktop.tests.dll" id="e686392e-e3b8-638d-11a6-2ee832a269f7">
      <Execution id="d438608d-342c-49fa-b051-42f93b81fab4" />
      <TestMethod codeBase="C:\Users\novik\Таск\work\production\tests\Task.Desktop.Tests\bin\Release\net10.0-windows\Task.Desktop.Tests.dll" adapterTypeName="executor://xunit/VsTestRunner3/netcore/" className="Task.Desktop.Tests.WindowsUxAccessibilityTests" name="WindowsUxRunner_UsesAnIsolatedDesktopDataDirectory" />
    </UnitTest>
    <UnitTest name="Task.Desktop.Tests.WindowsUxAccessibilityTests.CriticalWindowsHeadingsAndLiveRegions_AreDeclaredForScreenReaders" storage="c:\users\novik\таск\work\production\tests\task.desktop.tests\bin\release\net10.0-windows\task.desktop.tests.dll" id="b55c8710-68f2-4bf2-ca8f-2e6bb8557864">
      <Execution id="50600015-2dd5-464b-8c34-6163359ea44e" />
      <TestMethod codeBase="C:\Users\novik\Таск\work\production\tests\Task.Desktop.Tests\bin\Release\net10.0-windows\Task.Desktop.Tests.dll" adapterTypeName="executor://xunit/VsTestRunner3/netcore/" className="Task.Desktop.Tests.WindowsUxAccessibilityTests" name="CriticalWindowsHeadingsAndLiveRegions_AreDeclaredForScreenReaders" />
    </UnitTest>
    <UnitTest name="Task.Desktop.Tests.WindowsUxAccessibilityTests.StartupSizing_FitsSupportedWindowsScaleMatrix(desiredWidth: 1200, desiredHeight: 900)" storage="c:\users\novik\таск\work\production\tests\task.desktop.tests\bin\release\net10.0-windows\task.desktop.tests.dll" id="90839013-3998-69b9-a796-6eaa0f46dee8">
      <Execution id="b4f871ab-4fc1-4030-85e1-3b11b242f96b" />
      <TestMethod codeBase="C:\Users\novik\Таск\work\production\tests\Task.Desktop.Tests\bin\Release\net10.0-windows\Task.Desktop.Tests.dll" adapterTypeName="executor://xunit/VsTestRunner3/netcore/" className="Task.Desktop.Tests.WindowsUxAccessibilityTests" name="StartupSizing_FitsSupportedWindowsScaleMatrix" />
    </UnitTest>
    <UnitTest name="Task.Desktop.Tests.WindowsUxAccessibilityTests.NotificationCenterOverlay_ExposesUrgencyLabelsAndSemanticAccents" storage="c:\users\novik\таск\work\production\tests\task.desktop.tests\bin\release\net10.0-windows\task.desktop.tests.dll" id="f9285966-ed4e-ae45-4a60-94a8fad52053">
      <Execution id="356ab185-2b77-4812-bd82-49e0d5ba3320" />
      <TestMethod codeBase="C:\Users\novik\Таск\work\production\tests\Task.Desktop.Tests\bin\Release\net10.0-windows\Task.Desktop.Tests.dll" adapterTypeName="executor://xunit/VsTestRunner3/netcore/" className="Task.Desktop.Tests.WindowsUxAccessibilityTests" name="NotificationCenterOverlay_ExposesUrgencyLabelsAndSemanticAccents" />
    </UnitTest>
    <UnitTest name="Task.Desktop.Tests.WindowsUxAccessibilityTests.PrimaryDesktopSurfaces_ExposeStableWindowsAutomationRoots" storage="c:\users\novik\таск\work\production\tests\task.desktop.tests\bin\release\net10.0-windows\task.desktop.tests.dll" id="489b83bd-97e4-6e53-1fed-9beb667b544e">
      <Execution id="eace2710-cdb7-4388-9479-304583534d9d" />
      <TestMethod codeBase="C:\Users\novik\Таск\work\production\tests\Task.Desktop.Tests\bin\Release\net10.0-windows\Task.Desktop.Tests.dll" adapterTypeName="executor://xunit/VsTestRunner3/netcore/" className="Task.Desktop.Tests.WindowsUxAccessibilityTests" name="PrimaryDesktopSurfaces_ExposeStableWindowsAutomationRoots" />
    </UnitTest>
    <UnitTest name="Task.Desktop.Tests.WindowsUxAccessibilityTests.DesktopManifest_DeclaresPerMonitorV2AndAsInvoker" storage="c:\users\novik\таск\work\production\tests\task.desktop.tests\bin\release\net10.0-windows\task.desktop.tests.dll" id="02a54b5f-9a75-ae01-c8c4-b990a21353ba">
      <Execution id="f16ed225-fc3c-4a8e-9166-e0270eeb6d4b" />
      <TestMethod codeBase="C:\Users\novik\Таск\work\production\tests\Task.Desktop.Tests\bin\Release\net10.0-windows\Task.Desktop.Tests.dll" adapterTypeName="executor://xunit/VsTestRunner3/netcore/" className="Task.Desktop.Tests.WindowsUxAccessibilityTests" name="DesktopManifest_DeclaresPerMonitorV2AndAsInvoker" />
    </UnitTest>
    <UnitTest name="Task.Desktop.Tests.WindowsUxAccessibilityTests.StartupSizing_FitsSupportedWindowsScaleMatrix(desiredWidth: 1120, desiredHeight: 700)" storage="c:\users\novik\таск\work\production\tests\task.desktop.tests\bin\release\net10.0-windows\task.desktop.tests.dll" id="7bc2afde-2ef0-be63-4390-7fb1bec9ea39">
      <Execution id="ba6ca097-877b-4de4-8fa0-7063162eb364" />
      <TestMethod codeBase="C:\Users\novik\Таск\work\production\tests\Task.Desktop.Tests\bin\Release\net10.0-windows\Task.Desktop.Tests.dll" adapterTypeName="executor://xunit/VsTestRunner3/netcore/" className="Task.Desktop.Tests.WindowsUxAccessibilityTests" name="StartupSizing_FitsSupportedWindowsScaleMatrix" />
    </UnitTest>
    <UnitTest name="Task.Desktop.Tests.WindowsUxAccessibilityTests.WindowContracts_FitAtTwoHundredPercentAndExposeKeyboardHelp" storage="c:\users\novik\таск\work\production\tests\task.desktop.tests\bin\release\net10.0-windows\task.desktop.tests.dll" id="53057d28-aa08-de26-679c-1e0c8ad95916">
      <Execution id="bd47ae6a-d7d8-477c-96db-a06537c1aa38" />
      <TestMethod codeBase="C:\Users\novik\Таск\work\production\tests\Task.Desktop.Tests\bin\Release\net10.0-windows\Task.Desktop.Tests.dll" adapterTypeName="executor://xunit/VsTestRunner3/netcore/" className="Task.Desktop.Tests.WindowsUxAccessibilityTests" name="WindowContracts_FitAtTwoHundredPercentAndExposeKeyboardHelp" />
    </UnitTest>
  </TestDefinitions>
  <TestEntries>
    <TestEntry testId="02a54b5f-9a75-ae01-c8c4-b990a21353ba" executionId="f16ed225-fc3c-4a8e-9166-e0270eeb6d4b" testListId="8c84fa94-04c1-424b-9868-57a2d4851a1d" />
    <TestEntry testId="489b83bd-97e4-6e53-1fed-9beb667b544e" executionId="eace2710-cdb7-4388-9479-304583534d9d" testListId="8c84fa94-04c1-424b-9868-57a2d4851a1d" />
    <TestEntry testId="b55c8710-68f2-4bf2-ca8f-2e6bb8557864" executionId="50600015-2dd5-464b-8c34-6163359ea44e" testListId="8c84fa94-04c1-424b-9868-57a2d4851a1d" />
    <TestEntry testId="e686392e-e3b8-638d-11a6-2ee832a269f7" executionId="d438608d-342c-49fa-b051-42f93b81fab4" testListId="8c84fa94-04c1-424b-9868-57a2d4851a1d" />
    <TestEntry testId="53057d28-aa08-de26-679c-1e0c8ad95916" executionId="bd47ae6a-d7d8-477c-96db-a06537c1aa38" testListId="8c84fa94-04c1-424b-9868-57a2d4851a1d" />
    <TestEntry testId="7bc2afde-2ef0-be63-4390-7fb1bec9ea39" executionId="ba6ca097-877b-4de4-8fa0-7063162eb364" testListId="8c84fa94-04c1-424b-9868-57a2d4851a1d" />
    <TestEntry testId="90839013-3998-69b9-a796-6eaa0f46dee8" executionId="b4f871ab-4fc1-4030-85e1-3b11b242f96b" testListId="8c84fa94-04c1-424b-9868-57a2d4851a1d" />
    <TestEntry testId="f9285966-ed4e-ae45-4a60-94a8fad52053" executionId="356ab185-2b77-4812-bd82-49e0d5ba3320" testListId="8c84fa94-04c1-424b-9868-57a2d4851a1d" />
  </TestEntries>
  <TestLists>
    <TestList name="Список результатов" id="8c84fa94-04c1-424b-9868-57a2d4851a1d" />
    <TestList name="Все загруженные результаты" id="19431567-8539-422a-85d7-44ee4e166bda" />
  </TestLists>
  <ResultSummary outcome="Completed">
    <Counters total="8" executed="8" passed="8" failed="0" error="0" timeout="0" aborted="0" inconclusive="0" passedButRunAborted="0" notRunnable="0" notExecuted="0" disconnected="0" warning="0" completed="0" inProgress="0" pending="0" />
    <Output>
      <StdOut>[xUnit.net 00:00:00.00] xUnit.net VSTest Adapter v3.1.4+50e68bbb8b (64-bit .NET 10.0.11)&#xD;
[xUnit.net 00:00:00.05]   Discovering: Task.Desktop.Tests&#xD;
[xUnit.net 00:00:00.11]   Discovered:  Task.Desktop.Tests&#xD;
[xUnit.net 00:00:00.12]   Starting:    Task.Desktop.Tests&#xD;
[xUnit.net 00:00:00.17]   Finished:    Task.Desktop.Tests&#xD;
</StdOut>
    </Output>
  </ResultSummary>
</TestRun>