<?xml version="1.0" encoding="utf-8"?>
<TestRun id="b770dc4f-85bb-4e89-b78a-b721ab092f0d" name="novik@TIM 2026-10-07 23:25:51" runUser="TIM\novik" xmlns="http://microsoft.com/schemas/VisualStudio/TeamTest/2010">
  <Times creation="2026-10-07T23:25:51.2806417+03:00" queuing="2026-10-07T23:25:51.2806420+03:00" start="2026-10-07T23:25:50.4287530+03:00" finish="2026-10-07T23:25:51.4394183+03:00" />
  <TestSettings name="default" id="7d97ce04-a596-4190-907c-57bdf76a2b7d">
    <Deployment runDeploymentRoot="novik_TIM_2026-10-07_23_25_51" />
  </TestSettings>
  <Results>
    <UnitTestResult executionId="25d31fcc-bd9e-45bf-9456-d9cf23216226" testId="a3798c68-67d8-cab4-cdfa-3b4f26dc7f61" testName="Task.Desktop.Tests.Work.WorkHubViewModelTests.ArchiveAndTrashUseDedicatedServerLifecycleAndRestore" computerName="TIM" duration="00:00:00.0029397" startTime="2026-10-07T23:25:51.2669069+03:00" endTime="2026-10-07T23:25:51.2695120+03:00" testType="13cdc9d9-ddb5-4fa4-a97d-d965ccfc6d4b" outcome="Passed" testListId="8c84fa94-04c1-424b-9868-57a2d4851a1d" relativeResultsDirectory="25d31fcc-bd9e-45bf-9456-d9cf23216226" />
    <UnitTestResult executionId="b9a71cd6-0e50-4416-930c-5d1fb9be8779" testId="0dc14ebe-e439-98a1-8c02-d53285da97f6" testName="Task.Desktop.Tests.Work.DesktopWorkApiClientTests.MoveMapsStableErrorsToControlledResults(status: UnprocessableEntity, code: &quot;VALIDATION_FAILED&quot;, kind: &quot;ValidationFailure&quot;)" computerName="TIM" duration="00:00:00.0014652" startTime="2026-10-07T23:25:51.2583314+03:00" endTime="2026-10-07T23:25:51.2583550+03:00" testType="13cdc9d9-ddb5-4fa4-a97d-d965ccfc6d4b" outcome="Passed" testListId="8c84fa94-04c1-424b-9868-57a2d4851a1d" relativeResultsDirectory="b9a71cd6-0e50-4416-930c-5d1fb9be8779" />
    <UnitTestResult executionId="59804f18-8523-4c55-b735-a20874dc1141" testId="c54c9fa0-94e3-efaf-42dd-ebda305bff52" testName="Task.Desktop.Tests.Work.CatalogTreeViewModelTests.RejectsSelfDescendantAndRegularItemParentsInUiAndStore" computerName="TIM" duration="00:00:00.0140266" startTime="2026-10-07T23:25:51.3278957+03:00" endTime="2026-10-07T23:25:51.3419064+03:00" testType="13cdc9d9-ddb5-4fa4-a97d-d965ccfc6d4b" outcome="Passed" testListId="8c84fa94-04c1-424b-9868-57a2d4851a1d" relativeResultsDirectory="59804f18-8523-4c55-b735-a20874dc1141" />
    <UnitTestResult executionId="08a389bf-28ca-4d53-b6d1-aa182416e617" testId="01c24ae6-4db7-eff4-ef6c-60cbc5dbf5b0" testName="Task.Desktop.Tests.Work.CatalogTreeViewModelTests.EmptyCatalogHasNoSelectionAndCanCreateInRoot" computerName="TIM" duration="00:00:00.0075493" startTime="2026-10-07T23:25:51.2701103+03:00" endTime="2026-10-07T23:25:51.2782014+03:00" testType="13cdc9d9-ddb5-4fa4-a97d-d965ccfc6d4b" outcome="Passed" testListId="8c84fa94-04c1-424b-9868-57a2d4851a1d" relativeResultsDirectory="08a389bf-28ca-4d53-b6d1-aa182416e617" />
    <UnitTestResult executionId="a389d436-564a-481b-a3b9-ff8a86e0b2cd" testId="b81ec398-2a5a-9d7e-70db-31fb84830773" testName="Task.Desktop.Tests.Work.WorkHubViewModelTests.CatalogScenarioCreatesLocationAndOpensOnlyResolvedPath" computerName="TIM" duration="00:00:00.0212688" startTime="2026-10-07T23:25:51.1727532+03:00" endTime="2026-10-07T23:25:51.1980922+03:00" testType="13cdc9d9-ddb5-4fa4-a97d-d965ccfc6d4b" outcome="Passed" testListId="8c84fa94-04c1-424b-9868-57a2d4851a1d" relativeResultsDirectory="a389d436-564a-481b-a3b9-ff8a86e0b2cd" />
    <UnitTestResult executionId="73404fef-b092-4051-980e-f48c787e50dd" testId="cc31b5c3-0c0b-d2cb-ff3b-94667a374dca" testName="Task.Desktop.Tests.Work.WorkHubViewModelTests.FileAdapterRejectsExecutableAndNonFileLocations(path: &quot;relative.docx&quot;)" computerName="TIM" duration="00:00:00.0001403" startTime="2026-10-07T23:25:51.2586739+03:00" endTime="2026-10-07T23:25:51.2586883+03:00" testType="13cdc9d9-ddb5-4fa4-a97d-d965ccfc6d4b" outcome="Passed" testListId="8c84fa94-04c1-424b-9868-57a2d4851a1d" relativeResultsDirectory="73404fef-b092-4051-980e-f48c787e50dd" />
    <UnitTestResult executionId="d8612de9-07df-4f6d-816e-72a43a2a55d9" testId="179bc546-7f44-828d-d27c-e15c72988f1d" testName="Task.Desktop.Tests.Work.DesktopWorkApiClientTests.MoveMapsStableErrorsToControlledResults(status: NotFound, code: &quot;OBJECT_NOT_VISIBLE&quot;, kind: &quot;NotFound&quot;)" computerName="TIM" duration="00:00:00.0623838" startTime="2026-10-07T23:25:51.1727756+03:00" endTime="2026-10-07T23:25:51.2374641+03:00" testType="13cdc9d9-ddb5-4fa4-a97d-d965ccfc6d4b" outcome="Passed" testListId="8c84fa94-04c1-424b-9868-57a2d4851a1d" relativeResultsDirectory="d8612de9-07df-4f6d-816e-72a43a2a55d9" />
    <UnitTestResult executionId="10243cff-a54a-4344-9593-092a8b0ace0e" testId="790c7af3-5489-e170-8bd2-e75aa6407a07" testName="Task.Desktop.Tests.Work.WorkHubViewModelTests.OfflineSearchKeepsConfirmedResultsAndBlocksNewRequest" computerName="TIM" duration="00:00:00.0097975" startTime="2026-10-07T23:25:51.2080751+03:00" endTime="2026-10-07T23:25:51.2178126+03:00" testType="13cdc9d9-ddb5-4fa4-a97d-d965ccfc6d4b" outcome="Passed" testListId="8c84fa94-04c1-424b-9868-57a2d4851a1d" relativeResultsDirectory="10243cff-a54a-4344-9593-092a8b0ace0e" />
    <UnitTestResult executionId="1f6aa27f-18dd-41e1-8e6b-cc2416a26c6e" testId="60ddee60-02fb-790b-e358-a81b361cddda" testName="Task.Desktop.Tests.Work.CatalogTreeViewModelTests.ConflictRefreshesVersionAndKeepsWorkingForRetry" computerName="TIM" duration="00:00:00.0145165" startTime="2026-10-07T23:25:51.3557050+03:00" endTime="2026-10-07T23:25:51.3701804+03:00" testType="13cdc9d9-ddb5-4fa4-a97d-d965ccfc6d4b" outcome="Passed" testListId="8c84fa94-04c1-424b-9868-57a2d4851a1d" relativeResultsDirectory="1f6aa27f-18dd-41e1-8e6b-cc2416a26c6e" />
    <UnitTestResult executionId="b19f5d1a-a71e-4a51-b90e-49f5f31aaf91" testId="f4a937ab-d8da-7f8f-c56b-78ea9df5dcbe" testName="Task.Desktop.Tests.Work.WorkHubViewModelTests.FileAdapterRejectsExecutableAndNonFileLocations(path: &quot;https://example.test/document&quot;)" computerName="TIM" duration="00:00:00.0025536" startTime="2026-10-07T23:25:51.2586321+03:00" endTime="2026-10-07T23:25:51.2586478+03:00" testType="13cdc9d9-ddb5-4fa4-a97d-d965ccfc6d4b" outcome="Passed" testListId="8c84fa94-04c1-424b-9868-57a2d4851a1d" relativeResultsDirectory="b19f5d1a-a71e-4a51-b90e-49f5f31aaf91" />
    <UnitTestResult executionId="ff5bcfdd-f57b-450a-a39e-9934720a0d04" testId="af81db11-aa30-20ff-8550-df5169efef0f" testName="Task.Desktop.Tests.Work.DesktopWorkApiClientTests.ObjectLinksUseExistingRoutesEtagAndKeys" computerName="TIM" duration="00:00:00.0048542" startTime="2026-10-07T23:25:51.3257864+03:00" endTime="2026-10-07T23:25:51.3305591+03:00" testType="13cdc9d9-ddb5-4fa4-a97d-d965ccfc6d4b" outcome="Passed" testListId="8c84fa94-04c1-424b-9868-57a2d4851a1d" relativeResultsDirectory="ff5bcfdd-f57b-450a-a39e-9934720a0d04" />
    <UnitTestResult executionId="12f3a6c4-6f79-4ae6-af12-18a97a2044f4" testId="e0276b56-eba8-b46b-3b69-9a965f6ca736" testName="Task.Desktop.Tests.Work.WorkHubViewModelTests.NetworkLoss_PreservesSettingsDraftAndBlocksServerWritesUntilReconnect" computerName="TIM" duration="00:00:00.0005333" startTime="2026-10-07T23:25:51.2609471+03:00" endTime="2026-10-07T23:25:51.2614336+03:00" testType="13cdc9d9-ddb5-4fa4-a97d-d965ccfc6d4b" outcome="Passed" testListId="8c84fa94-04c1-424b-9868-57a2d4851a1d" relativeResultsDirectory="12f3a6c4-6f79-4ae6-af12-18a97a2044f4" />
    <UnitTestResult executionId="567d0793-50ed-4929-b773-13bd2255b5ed" testId="2f713f7c-8ef9-e6c2-78f0-f4b99d4f1526" testName="Task.Desktop.Tests.Work.CatalogTreeViewModelTests.LocationMutationAlsoRefreshesItemVersionBeforeMove" computerName="TIM" duration="00:00:00.0177072" startTime="2026-10-07T23:25:51.2978571+03:00" endTime="2026-10-07T23:25:51.3155173+03:00" testType="13cdc9d9-ddb5-4fa4-a97d-d965ccfc6d4b" outcome="Passed" testListId="8c84fa94-04c1-424b-9868-57a2d4851a1d" relativeResultsDirectory="567d0793-50ed-4929-b773-13bd2255b5ed" />
    <UnitTestResult executionId="a58bd882-6770-4598-96eb-29e78d073880" testId="1fdf3403-cfce-c6fc-85a3-563856adde7e" testName="Task.Desktop.Tests.Work.DesktopWorkApiClientTests.CorporateAndPersonalMarkersStayInTheirOwnBackend" computerName="TIM" duration="00:00:00.0204836" startTime="2026-10-07T23:25:51.2910410+03:00" endTime="2026-10-07T23:25:51.3114674+03:00" testType="13cdc9d9-ddb5-4fa4-a97d-d965ccfc6d4b" outcome="Passed" testListId="8c84fa94-04c1-424b-9868-57a2d4851a1d" relativeResultsDirectory="a58bd882-6770-4598-96eb-29e78d073880" />
    <UnitTestResult executionId="1061a630-c8d7-42e7-9cb8-f49b87b643a5" testId="b1c7be66-8127-f942-7177-b031f197e7df" testName="Task.Desktop.Tests.Work.WorkHubViewModelTests.FileAdapterRejectsExecutableAndNonFileLocations(path: &quot;C:\\Temp\\setup.exe&quot;)" computerName="TIM" duration="00:00:00.0001810" startTime="2026-10-07T23:25:51.2597842+03:00" endTime="2026-10-07T23:25:51.2598106+03:00" testType="13cdc9d9-ddb5-4fa4-a97d-d965ccfc6d4b" outcome="Passed" testListId="8c84fa94-04c1-424b-9868-57a2d4851a1d" relativeResultsDirectory="1061a630-c8d7-42e7-9cb8-f49b87b643a5" />
    <UnitTestResult executionId="2d3c3b9d-0272-4ce6-8e47-94418d03f35e" testId="6b00ddac-40f8-d081-c3b0-c1d0b54b49fa" testName="Task.Desktop.Tests.Work.DesktopWorkApiClientTests.CreateAndMoveUseRuntimeParentContractIfMatchAndNewVersion" computerName="TIM" duration="00:00:00.0038221" startTime="2026-10-07T23:25:51.2668261+03:00" endTime="2026-10-07T23:25:51.2701301+03:00" testType="13cdc9d9-ddb5-4fa4-a97d-d965ccfc6d4b" outcome="Passed" testListId="8c84fa94-04c1-424b-9868-57a2d4851a1d" relativeResultsDirectory="2d3c3b9d-0272-4ce6-8e47-94418d03f35e" />
    <UnitTestResult executionId="fb898181-3cbb-4310-aeff-172919f2b40d" testId="9cf88e84-091f-2d9c-6974-9a2c33153aeb" testName="Task.Desktop.Tests.Work.DesktopWorkApiClientTests.CatalogRejectsMalformedPages(body: &quot;{\&quot;items\&quot;:[{\&quot;id\&quot;:\&quot;bad\&quot;}],\&quot;hasMore\&quot;:false}&quot;)" computerName="TIM" duration="00:00:00.0016544" startTime="2026-10-07T23:25:51.2840038+03:00" endTime="2026-10-07T23:25:51.2856469+03:00" testType="13cdc9d9-ddb5-4fa4-a97d-d965ccfc6d4b" outcome="Passed" testListId="8c84fa94-04c1-424b-9868-57a2d4851a1d" relativeResultsDirectory="fb898181-3cbb-4310-aeff-172919f2b40d" />
    <UnitTestResult executionId="24a9a1a2-34bc-4d8d-a774-82df49abc5a0" testId="0c753041-3430-855a-a0a1-e3ed60381bde" testName="Task.Desktop.Tests.Work.CatalogTreeViewModelTests.MovesBetweenFoldersAndBackToRootUsingFreshVersions(type: &quot;virtual_folder&quot;)" computerName="TIM" duration="00:00:00.0266274" startTime="2026-10-07T23:25:51.2263110+03:00" endTime="2026-10-07T23:25:51.2599141+03:00" testType="13cdc9d9-ddb5-4fa4-a97d-d965ccfc6d4b" outcome="Passed" testListId="8c84fa94-04c1-424b-9868-57a2d4851a1d" relativeResultsDirectory="24a9a1a2-34bc-4d8d-a774-82df49abc5a0" />
    <UnitTestResult executionId="0f6ac180-e5b1-4779-99e5-15bb6b9f2e17" testId="a33ca0ae-137e-4fcd-eef6-8815b137115a" testName="Task.Desktop.Tests.Work.CatalogTreeViewModelTests.PersonalHierarchyAndMovedRootPersistAcrossReopen" computerName="TIM" duration="00:00:00.0243132" startTime="2026-10-07T23:25:51.3702756+03:00" endTime="2026-10-07T23:25:51.3946445+03:00" testType="13cdc9d9-ddb5-4fa4-a97d-d965ccfc6d4b" outcome="Passed" testListId="8c84fa94-04c1-424b-9868-57a2d4851a1d" relativeResultsDirectory="0f6ac180-e5b1-4779-99e5-15bb6b9f2e17" />
    <UnitTestResult executionId="d68f9578-3cd6-4d35-83f4-21542b069da0" testId="04998c7f-bb6f-10fc-a8fa-a98f641643da" testName="Task.Desktop.Tests.Work.WorkHubViewModelTests.AreaChange_LoadsNewAreaAfterCancelledRefreshReleasesCommand" computerName="TIM" duration="00:00:00.0258399" startTime="2026-10-07T23:25:51.2185598+03:00" endTime="2026-10-07T23:25:51.2585153+03:00" testType="13cdc9d9-ddb5-4fa4-a97d-d965ccfc6d4b" outcome="Passed" testListId="8c84fa94-04c1-424b-9868-57a2d4851a1d" relativeResultsDirectory="d68f9578-3cd6-4d35-83f4-21542b069da0" />
    <UnitTestResult executionId="a1309f34-4e25-4767-b23f-02104971ab7e" testId="2231f0e6-f3e6-91a4-5d01-cdc28b9458ea" testName="Task.Desktop.Tests.Work.DesktopWorkApiClientTests.CorporateCreationUsesSelectionAndFailedMutationRefreshDisablesWritesUntilFreshRead" computerName="TIM" duration="00:00:00.0041694" startTime="2026-10-07T23:25:51.3306276+03:00" endTime="2026-10-07T23:25:51.3348262+03:00" testType="13cdc9d9-ddb5-4fa4-a97d-d965ccfc6d4b" outcome="Passed" testListId="8c84fa94-04c1-424b-9868-57a2d4851a1d" relativeResultsDirectory="a1309f34-4e25-4767-b23f-02104971ab7e" />
    <UnitTestResult executionId="35a09c3f-382c-4584-b585-b28e631f7521" testId="80701ff4-077f-6288-e82b-43f3ef91ee5c" testName="Task.Desktop.Tests.Work.CatalogTreeViewModelTests.MovesBetweenFoldersAndBackToRootUsingFreshVersions(type: &quot;file_reference&quot;)" computerName="TIM" duration="00:00:00.0172884" startTime="2026-10-07T23:25:51.2599498+03:00" endTime="2026-10-07T23:25:51.2700507+03:00" testType="13cdc9d9-ddb5-4fa4-a97d-d965ccfc6d4b" outcome="Passed" testListId="8c84fa94-04c1-424b-9868-57a2d4851a1d" relativeResultsDirectory="35a09c3f-382c-4584-b585-b28e631f7521" />
    <UnitTestResult executionId="fa64d639-59f7-4f7a-978b-8c3c54b247da" testId="5fc30a4e-0890-bf1f-39b4-2c270be6471f" testName="Task.Desktop.Tests.Work.WorkHubViewModelTests.NotificationCommandsMaintainUnreadCount" computerName="TIM" duration="00:00:00.0050587" startTime="2026-10-07T23:25:51.2615210+03:00" endTime="2026-10-07T23:25:51.2668515+03:00" testType="13cdc9d9-ddb5-4fa4-a97d-d965ccfc6d4b" outcome="Passed" testListId="8c84fa94-04c1-424b-9868-57a2d4851a1d" relativeResultsDirectory="fa64d639-59f7-4f7a-978b-8c3c54b247da" />
    <UnitTestResult executionId="037f589c-4675-4b72-8f17-9239865edfa2" testId="a35bcac9-7121-4042-9109-49883e1ea14e" testName="Task.Desktop.Tests.Work.WorkHubViewModelTests.MissingCapabilityProducesLimitedRoleStateWithoutCounts" computerName="TIM" duration="00:00:00.0070707" startTime="2026-10-07T23:25:51.2058293+03:00" endTime="2026-10-07T23:25:51.2058643+03:00" testType="13cdc9d9-ddb5-4fa4-a97d-d965ccfc6d4b" outcome="Passed" testListId="8c84fa94-04c1-424b-9868-57a2d4851a1d" relativeResultsDirectory="037f589c-4675-4b72-8f17-9239865edfa2" />
    <UnitTestResult executionId="2b2e7600-e6c9-4d8f-a977-126f69d72801" testId="2262953b-cddd-cff3-6de3-a2f10c24f7e4" testName="Task.Desktop.Tests.Work.DesktopWorkApiClientTests.MoveMapsStableErrorsToControlledResults(status: PreconditionFailed, code: &quot;VERSION_CONFLICT&quot;, kind: &quot;Conflict&quot;)" computerName="TIM" duration="00:00:00.0018627" startTime="2026-10-07T23:25:51.2580350+03:00" endTime="2026-10-07T23:25:51.2580854+03:00" testType="13cdc9d9-ddb5-4fa4-a97d-d965ccfc6d4b" outcome="Passed" testListId="8c84fa94-04c1-424b-9868-57a2d4851a1d" relativeResultsDirectory="2b2e7600-e6c9-4d8f-a977-126f69d72801" />
    <UnitTestResult executionId="f43ef230-34b3-4445-9eed-47aad4aec405" testId="a757bde5-043f-d9b3-653a-7a6eff53dd82" testName="Task.Desktop.Tests.Work.WorkHubViewModelTests.SearchPresentationGroupsAndHighlightsOnlyAuthorizedResults" computerName="TIM" duration="00:00:00.0006130" startTime="2026-10-07T23:25:51.2179248+03:00" endTime="2026-10-07T23:25:51.2184713+03:00" testType="13cdc9d9-ddb5-4fa4-a97d-d965ccfc6d4b" outcome="Passed" testListId="8c84fa94-04c1-424b-9868-57a2d4851a1d" relativeResultsDirectory="f43ef230-34b3-4445-9eed-47aad4aec405" />
    <UnitTestResult executionId="1f4b4d8a-6757-4068-b786-a14e0f2a7a90" testId="27bd8e90-ebee-6148-8171-b677b28a89c0" testName="Task.Desktop.Tests.Work.DesktopWorkApiClientTests.ReadScenariosUseCanonicalRoutesAndStrictlyMapPayloads" computerName="TIM" duration="00:00:00.0082756" startTime="2026-10-07T23:25:51.2701736+03:00" endTime="2026-10-07T23:25:51.2784392+03:00" testType="13cdc9d9-ddb5-4fa4-a97d-d965ccfc6d4b" outcome="Passed" testListId="8c84fa94-04c1-424b-9868-57a2d4851a1d" relativeResultsDirectory="1f4b4d8a-6757-4068-b786-a14e0f2a7a90" />
    <UnitTestResult executionId="a8d12887-c4ef-465b-bd3f-4d9324bfd2eb" testId="3997fc38-91a8-d72f-e807-562a86db4ece" testName="Task.Desktop.Tests.Work.DesktopWorkApiClientTests.MoveMapsStableErrorsToControlledResults(status: ServiceUnavailable, code: &quot;INTERNAL_ERROR&quot;, kind: &quot;ServerUnavailable&quot;)" computerName="TIM" duration="00:00:00.0016431" startTime="2026-10-07T23:25:51.2584531+03:00" endTime="2026-10-07T23:25:51.2584694+03:00" testType="13cdc9d9-ddb5-4fa4-a97d-d965ccfc6d4b" outcome="Passed" testListId="8c84fa94-04c1-424b-9868-57a2d4851a1d" relativeResultsDirectory="a8d12887-c4ef-465b-bd3f-4d9324bfd2eb" />
    <UnitTestResult executionId="296fe1d0-0949-4af0-a096-8a93f10e2208" testId="b907ca9e-af3d-a437-ce0e-ed2af153eacd" testName="Task.Desktop.Tests.Work.CatalogTreeViewModelTests.BuildsMultipleLevelsAndRevealsSelectedParentChain" computerName="TIM" duration="00:00:00.0509634" startTime="2026-10-07T23:25:51.1718767+03:00" endTime="2026-10-07T23:25:51.2261974+03:00" testType="13cdc9d9-ddb5-4fa4-a97d-d965ccfc6d4b" outcome="Passed" testListId="8c84fa94-04c1-424b-9868-57a2d4851a1d" relativeResultsDirectory="296fe1d0-0949-4af0-a096-8a93f10e2208" />
    <UnitTestResult executionId="280a3eb0-bafa-4143-809f-dd3b755c5f34" testId="15b525bc-1cc7-1216-4696-54f3dedb1477" testName="Task.Desktop.Tests.Work.DesktopWorkApiClientTests.MalformedAndForbiddenResponsesAreControlled" computerName="TIM" duration="00:00:00.0029802" startTime="2026-10-07T23:25:51.2790811+03:00" endTime="2026-10-07T23:25:51.2815152+03:00" testType="13cdc9d9-ddb5-4fa4-a97d-d965ccfc6d4b" outcome="Passed" testListId="8c84fa94-04c1-424b-9868-57a2d4851a1d" relativeResultsDirectory="280a3eb0-bafa-4143-809f-dd3b755c5f34" />
    <UnitTestResult executionId="7acbdac1-9a3c-4960-b7e8-367dfcaaabaf" testId="d3f07e8a-54ad-31e7-dee6-6295c8d67f7c" testName="Task.Desktop.Tests.Work.CatalogTreeViewModelTests.RefreshPreservesExpansionAndSelectionAndFallsBackToParent" computerName="TIM" duration="00:00:00.0135839" startTime="2026-10-07T23:25:51.3420244+03:00" endTime="2026-10-07T23:25:51.3555963+03:00" testType="13cdc9d9-ddb5-4fa4-a97d-d965ccfc6d4b" outcome="Passed" testListId="8c84fa94-04c1-424b-9868-57a2d4851a1d" relativeResultsDirectory="7acbdac1-9a3c-4960-b7e8-367dfcaaabaf" />
    <UnitTestResult executionId="d341d535-00bc-4dc9-a680-fedc95cdf838" testId="2dbc5de6-c253-b37d-bcca-9563411b42c0" testName="Task.Desktop.Tests.Work.DesktopWorkApiClientTests.CatalogLoadsAllPagesAndMoreThanEightLevelsWithoutDuplicates" computerName="TIM" duration="00:00:00.0196740" startTime="2026-10-07T23:25:51.2585915+03:00" endTime="2026-10-07T23:25:51.2662654+03:00" testType="13cdc9d9-ddb5-4fa4-a97d-d965ccfc6d4b" outcome="Passed" testListId="8c84fa94-04c1-424b-9868-57a2d4851a1d" relativeResultsDirectory="d341d535-00bc-4dc9-a680-fedc95cdf838" />
    <UnitTestResult executionId="21f83441-446e-4a02-ad39-61decaa6087e" testId="f5885494-2892-2897-7cde-7514f1ce9632" testName="Task.Desktop.Tests.Work.WorkHubViewModelTests.SearchResultRaisesTypedNavigationRequest" computerName="TIM" duration="00:00:00.0027818" startTime="2026-10-07T23:25:51.2600633+03:00" endTime="2026-10-07T23:25:51.2608504+03:00" testType="13cdc9d9-ddb5-4fa4-a97d-d965ccfc6d4b" outcome="Passed" testListId="8c84fa94-04c1-424b-9868-57a2d4851a1d" relativeResultsDirectory="21f83441-446e-4a02-ad39-61decaa6087e" />
    <UnitTestResult executionId="59228718-4bc2-4608-ac51-8bfbed39bbee" testId="b905054a-a83e-303d-3c7e-ce7871f62d88" testName="Task.Desktop.Tests.Work.CatalogTreeViewModelTests.MissingPermissionsAndUnavailableServerDisableWritesWithoutClearingTree" computerName="TIM" duration="00:00:00.0121927" startTime="2026-10-07T23:25:51.3156769+03:00" endTime="2026-10-07T23:25:51.3277941+03:00" testType="13cdc9d9-ddb5-4fa4-a97d-d965ccfc6d4b" outcome="Passed" testListId="8c84fa94-04c1-424b-9868-57a2d4851a1d" relativeResultsDirectory="59228718-4bc2-4608-ac51-8bfbed39bbee" />
    <UnitTestResult executionId="c643936f-2e98-4da9-a7f8-d2be41af4a77" testId="7a4b96c4-0be1-c4d1-9b2d-c9f67d0fdc0c" testName="Task.Desktop.Tests.Work.DesktopWorkApiClientTests.WritesSendEtagKeysAndBoundedNotificationIds" computerName="TIM" duration="00:00:00.0047361" startTime="2026-10-07T23:25:51.3215074+03:00" endTime="2026-10-07T23:25:51.3256677+03:00" testType="13cdc9d9-ddb5-4fa4-a97d-d965ccfc6d4b" outcome="Passed" testListId="8c84fa94-04c1-424b-9868-57a2d4851a1d" relativeResultsDirectory="c643936f-2e98-4da9-a7f8-d2be41af4a77" />
    <UnitTestResult executionId="0f5650a8-bab2-4660-b18c-a2fcd0921793" testId="e79e24b2-daa4-8d76-6ef2-bc97cf371967" testName="Task.Desktop.Tests.Work.CatalogTreeViewModelTests.CreatesFoldersInRootAndSelectedFolderAndFilesBesideSelectedFile" computerName="TIM" duration="00:00:00.0199901" startTime="2026-10-07T23:25:51.2782974+03:00" endTime="2026-10-07T23:25:51.2977500+03:00" testType="13cdc9d9-ddb5-4fa4-a97d-d965ccfc6d4b" outcome="Passed" testListId="8c84fa94-04c1-424b-9868-57a2d4851a1d" relativeResultsDirectory="0f5650a8-bab2-4660-b18c-a2fcd0921793" />
    <UnitTestResult executionId="4e598fa1-f2fd-45a3-9e69-41b088caf896" testId="aec0362c-aed9-e1bb-30d7-f7558bdc2b87" testName="Task.Desktop.Tests.Work.DesktopWorkApiClientTests.MoveMapsStableErrorsToControlledResults(status: Forbidden, code: &quot;FORBIDDEN&quot;, kind: &quot;Forbidden&quot;)" computerName="TIM" duration="00:00:00.0016142" startTime="2026-10-07T23:25:51.2584025+03:00" endTime="2026-10-07T23:25:51.2584206+03:00" testType="13cdc9d9-ddb5-4fa4-a97d-d965ccfc6d4b" outcome="Passed" testListId="8c84fa94-04c1-424b-9868-57a2d4851a1d" relativeResultsDirectory="4e598fa1-f2fd-45a3-9e69-41b088caf896" />
    <UnitTestResult executionId="d13f8898-177a-45ea-bd59-48114e9b5f26" testId="ce02bd5c-2016-176e-42bf-ce01128b50f6" testName="Task.Desktop.Tests.Work.WorkHubViewModelTests.SettingsLoadAndSaveOnlyThroughCapabilityGuardedApi" computerName="TIM" duration="00:00:00.0071313" startTime="2026-10-07T23:25:51.2598804+03:00" endTime="2026-10-07T23:25:51.2599660+03:00" testType="13cdc9d9-ddb5-4fa4-a97d-d965ccfc6d4b" outcome="Passed" testListId="8c84fa94-04c1-424b-9868-57a2d4851a1d" relativeResultsDirectory="d13f8898-177a-45ea-bd59-48114e9b5f26" />
    <UnitTestResult executionId="ff395afa-64f7-4b20-bede-9bcdd50f9a4b" testId="c7c1f652-c682-ea09-cd32-c67fb2c6fc45" testName="Task.Desktop.Tests.Work.DesktopWorkApiClientTests.CatalogRejectsMalformedPages(body: &quot;{\&quot;items\&quot;:[],\&quot;hasMore\&quot;:true,\&quot;nextCursor\&quot;:null&quot;···)" computerName="TIM" duration="00:00:00.0023304" startTime="2026-10-07T23:25:51.2816473+03:00" endTime="2026-10-07T23:25:51.2839181+03:00" testType="13cdc9d9-ddb5-4fa4-a97d-d965ccfc6d4b" outcome="Passed" testListId="8c84fa94-04c1-424b-9868-57a2d4851a1d" relativeResultsDirectory="ff395afa-64f7-4b20-bede-9bcdd50f9a4b" />
    <UnitTestResult executionId="714984a6-884c-43cb-b80d-fbe9e71cade8" testId="e34d5d74-acd7-a557-46da-74f529505533" testName="Task.Desktop.Tests.Work.DesktopWorkApiClientTests.CorporateTreeMovesRecoversConflictAndPreservesCacheOnServerFailure" computerName="TIM" duration="00:00:00.0051367" startTime="2026-10-07T23:25:51.2857380+03:00" endTime="2026-10-07T23:25:51.2908963+03:00" testType="13cdc9d9-ddb5-4fa4-a97d-d965ccfc6d4b" outcome="Passed" testListId="8c84fa94-04c1-424b-9868-57a2d4851a1d" relativeResultsDirectory="714984a6-884c-43cb-b80d-fbe9e71cade8" />
    <UnitTestResult executionId="175181ee-ac1c-46a9-8645-f9f7058cebc4" testId="7045b03d-0ed3-b0fa-bef4-96a3bef6be61" testName="Task.Desktop.Tests.Work.DesktopWorkApiClientTests.LifecycleAndSettingsUseCanonicalRoutesVersionsAndStrictPayloads" computerName="TIM" duration="00:00:00.0092636" startTime="2026-10-07T23:25:51.3115889+03:00" endTime="2026-10-07T23:25:51.3208396+03:00" testType="13cdc9d9-ddb5-4fa4-a97d-d965ccfc6d4b" outcome="Passed" testListId="8c84fa94-04c1-424b-9868-57a2d4851a1d" relativeResultsDirectory="175181ee-ac1c-46a9-8645-f9f7058cebc4" />
    <UnitTestResult executionId="783a722d-064f-44d5-846e-744d2fe2b287" testId="8e80d861-41ca-533e-87c0-15bab75af09d" testName="Task.Desktop.Tests.Work.WorkHubViewModelTests.CapabilityRefreshRevokesPresentationActionsImmediately" computerName="TIM" duration="00:00:00.0003646" startTime="2026-10-07T23:25:51.2760397+03:00" endTime="2026-10-07T23:25:51.2762747+03:00" testType="13cdc9d9-ddb5-4fa4-a97d-d965ccfc6d4b" outcome="Passed" testListId="8c84fa94-04c1-424b-9868-57a2d4851a1d" relativeResultsDirectory="783a722d-064f-44d5-846e-744d2fe2b287" />
    <UnitTestResult executionId="faf7b50c-a70d-49e4-be0a-1f32574889d1" testId="d0728258-ad09-4613-be3a-23ab6fe4cce1" testName="Task.Desktop.Tests.Work.DesktopWorkApiClientTests.MoveMapsStableErrorsToControlledResults(status: Conflict, code: &quot;CATALOG_CYCLE&quot;, kind: &quot;ValidationFailure&quot;)" computerName="TIM" duration="00:00:00.0022475" startTime="2026-10-07T23:25:51.2584957+03:00" endTime="2026-10-07T23:25:51.2585382+03:00" testType="13cdc9d9-ddb5-4fa4-a97d-d965ccfc6d4b" outcome="Passed" testListId="8c84fa94-04c1-424b-9868-57a2d4851a1d" relativeResultsDirectory="faf7b50c-a70d-49e4-be0a-1f32574889d1" />
    <UnitTestResult executionId="deaf0af3-f0dd-486f-992c-b95053baf414" testId="e7626d35-f201-6685-f6fe-3315eca64c51" testName="Task.Desktop.Tests.Work.WorkHubViewModelTests.ModeSwitchCancel_PreservesSettingsAndContactDrafts" computerName="TIM" duration="00:00:00.0062651" startTime="2026-10-07T23:25:51.2696088+03:00" endTime="2026-10-07T23:25:51.2758894+03:00" testType="13cdc9d9-ddb5-4fa4-a97d-d965ccfc6d4b" outcome="Passed" testListId="8c84fa94-04c1-424b-9868-57a2d4851a1d" relativeResultsDirectory="deaf0af3-f0dd-486f-992c-b95053baf414" />
    <UnitTestResult executionId="b7fcd680-2da3-4fdd-b635-e8c8eaa99b85" testId="64900be5-92c9-f395-7075-69c8831e5e4b" testName="Task.Desktop.Tests.Work.WorkHubViewModelTests.SuccessfulRefreshClearsStaleServerUnavailableFeedback" computerName="TIM" duration="00:00:00.0024060" startTime="2026-10-07T23:25:51.2062613+03:00" endTime="2026-10-07T23:25:51.2079606+03:00" testType="13cdc9d9-ddb5-4fa4-a97d-d965ccfc6d4b" outcome="Passed" testListId="8c84fa94-04c1-424b-9868-57a2d4851a1d" relativeResultsDirectory="b7fcd680-2da3-4fdd-b635-e8c8eaa99b85" />
    <UnitTestResult executionId="c379edb7-a4fa-4611-b5d3-ea967635bee6" testId="5b040112-01de-7a9c-f0b4-e34e90f7e992" testName="Task.Desktop.Tests.Work.WorkHubViewModelTests.SuccessfulSearchClearsStaleValidationFeedback" computerName="TIM" duration="00:00:00.0005264" startTime="2026-10-07T23:25:51.2600084+03:00" endTime="2026-10-07T23:25:51.2600259+03:00" testType="13cdc9d9-ddb5-4fa4-a97d-d965ccfc6d4b" outcome="Passed" testListId="8c84fa94-04c1-424b-9868-57a2d4851a1d" relativeResultsDirectory="c379edb7-a4fa-4611-b5d3-ea967635bee6" />
  </Results>
  <TestDefinitions>
    <UnitTest name="Task.Desktop.Tests.Work.DesktopWorkApiClientTests.CatalogRejectsMalformedPages(body: &quot;{\&quot;items\&quot;:[],\&quot;hasMore\&quot;:true,\&quot;nextCursor\&quot;:null&quot;···)" storage="c:\users\novik\таск\work\production\tests\task.desktop.tests\bin\release\net10.0-windows\task.desktop.tests.dll" id="c7c1f652-c682-ea09-cd32-c67fb2c6fc45">
      <Execution id="ff395afa-64f7-4b20-bede-9bcdd50f9a4b" />
      <TestMethod codeBase="C:\Users\novik\Таск\work\production\tests\Task.Desktop.Tests\bin\Release\net10.0-windows\Task.Desktop.Tests.dll" adapterTypeName="executor://xunit/VsTestRunner3/netcore/" className="Task.Desktop.Tests.Work.DesktopWorkApiClientTests" name="CatalogRejectsMalformedPages" />
    </UnitTest>
    <UnitTest name="Task.Desktop.Tests.Work.DesktopWorkApiClientTests.MoveMapsStableErrorsToControlledResults(status: Forbidden, code: &quot;FORBIDDEN&quot;, kind: &quot;Forbidden&quot;)" storage="c:\users\novik\таск\work\production\tests\task.desktop.tests\bin\release\net10.0-windows\task.desktop.tests.dll" id="aec0362c-aed9-e1bb-30d7-f7558bdc2b87">
      <Execution id="4e598fa1-f2fd-45a3-9e69-41b088caf896" />
      <TestMethod codeBase="C:\Users\novik\Таск\work\production\tests\Task.Desktop.Tests\bin\Release\net10.0-windows\Task.Desktop.Tests.dll" adapterTypeName="executor://xunit/VsTestRunner3/netcore/" className="Task.Desktop.Tests.Work.DesktopWorkApiClientTests" name="MoveMapsStableErrorsToControlledResults" />
    </UnitTest>
    <UnitTest name="Task.Desktop.Tests.Work.WorkHubViewModelTests.FileAdapterRejectsExecutableAndNonFileLocations(path: &quot;https://example.test/document&quot;)" storage="c:\users\novik\таск\work\production\tests\task.desktop.tests\bin\release\net10.0-windows\task.desktop.tests.dll" id="f4a937ab-d8da-7f8f-c56b-78ea9df5dcbe">
      <Execution id="b19f5d1a-a71e-4a51-b90e-49f5f31aaf91" />
      <TestMethod codeBase="C:\Users\novik\Таск\work\production\tests\Task.Desktop.Tests\bin\Release\net10.0-windows\Task.Desktop.Tests.dll" adapterTypeName="executor://xunit/VsTestRunner3/netcore/" className="Task.Desktop.Tests.Work.WorkHubViewModelTests" name="FileAdapterRejectsExecutableAndNonFileLocations" />
    </UnitTest>
    <UnitTest name="Task.Desktop.Tests.Work.DesktopWorkApiClientTests.CreateAndMoveUseRuntimeParentContractIfMatchAndNewVersion" storage="c:\users\novik\таск\work\production\tests\task.desktop.tests\bin\release\net10.0-windows\task.desktop.tests.dll" id="6b00ddac-40f8-d081-c3b0-c1d0b54b49fa">
      <Execution id="2d3c3b9d-0272-4ce6-8e47-94418d03f35e" />
      <TestMethod codeBase="C:\Users\novik\Таск\work\production\tests\Task.Desktop.Tests\bin\Release\net10.0-windows\Task.Desktop.Tests.dll" adapterTypeName="executor://xunit/VsTestRunner3/netcore/" className="Task.Desktop.Tests.Work.DesktopWorkApiClientTests" name="CreateAndMoveUseRuntimeParentContractIfMatchAndNewVersion" />
    </UnitTest>
    <UnitTest name="Task.Desktop.Tests.Work.CatalogTreeViewModelTests.ConflictRefreshesVersionAndKeepsWorkingForRetry" storage="c:\users\novik\таск\work\production\tests\task.desktop.tests\bin\release\net10.0-windows\task.desktop.tests.dll" id="60ddee60-02fb-790b-e358-a81b361cddda">
      <Execution id="1f6aa27f-18dd-41e1-8e6b-cc2416a26c6e" />
      <TestMethod codeBase="C:\Users\novik\Таск\work\production\tests\Task.Desktop.Tests\bin\Release\net10.0-windows\Task.Desktop.Tests.dll" adapterTypeName="executor://xunit/VsTestRunner3/netcore/" className="Task.Desktop.Tests.Work.CatalogTreeViewModelTests" name="ConflictRefreshesVersionAndKeepsWorkingForRetry" />
    </UnitTest>
    <UnitTest name="Task.Desktop.Tests.Work.WorkHubViewModelTests.MissingCapabilityProducesLimitedRoleStateWithoutCounts" storage="c:\users\novik\таск\work\production\tests\task.desktop.tests\bin\release\net10.0-windows\task.desktop.tests.dll" id="a35bcac9-7121-4042-9109-49883e1ea14e">
      <Execution id="037f589c-4675-4b72-8f17-9239865edfa2" />
      <TestMethod codeBase="C:\Users\novik\Таск\work\production\tests\Task.Desktop.Tests\bin\Release\net10.0-windows\Task.Desktop.Tests.dll" adapterTypeName="executor://xunit/VsTestRunner3/netcore/" className="Task.Desktop.Tests.Work.WorkHubViewModelTests" name="MissingCapabilityProducesLimitedRoleStateWithoutCounts" />
    </UnitTest>
    <UnitTest name="Task.Desktop.Tests.Work.DesktopWorkApiClientTests.CatalogRejectsMalformedPages(body: &quot;{\&quot;items\&quot;:[{\&quot;id\&quot;:\&quot;bad\&quot;}],\&quot;hasMore\&quot;:false}&quot;)" storage="c:\users\novik\таск\work\production\tests\task.desktop.tests\bin\release\net10.0-windows\task.desktop.tests.dll" id="9cf88e84-091f-2d9c-6974-9a2c33153aeb">
      <Execution id="fb898181-3cbb-4310-aeff-172919f2b40d" />
      <TestMethod codeBase="C:\Users\novik\Таск\work\production\tests\Task.Desktop.Tests\bin\Release\net10.0-windows\Task.Desktop.Tests.dll" adapterTypeName="executor://xunit/VsTestRunner3/netcore/" className="Task.Desktop.Tests.Work.DesktopWorkApiClientTests" name="CatalogRejectsMalformedPages" />
    </UnitTest>
    <UnitTest name="Task.Desktop.Tests.Work.WorkHubViewModelTests.CatalogScenarioCreatesLocationAndOpensOnlyResolvedPath" storage="c:\users\novik\таск\work\production\tests\task.desktop.tests\bin\release\net10.0-windows\task.desktop.tests.dll" id="b81ec398-2a5a-9d7e-70db-31fb84830773">
      <Execution id="a389d436-564a-481b-a3b9-ff8a86e0b2cd" />
      <TestMethod codeBase="C:\Users\novik\Таск\work\production\tests\Task.Desktop.Tests\bin\Release\net10.0-windows\Task.Desktop.Tests.dll" adapterTypeName="executor://xunit/VsTestRunner3/netcore/" className="Task.Desktop.Tests.Work.WorkHubViewModelTests" name="CatalogScenarioCreatesLocationAndOpensOnlyResolvedPath" />
    </UnitTest>
    <UnitTest name="Task.Desktop.Tests.Work.CatalogTreeViewModelTests.MovesBetweenFoldersAndBackToRootUsingFreshVersions(type: &quot;virtual_folder&quot;)" storage="c:\users\novik\таск\work\production\tests\task.desktop.tests\bin\release\net10.0-windows\task.desktop.tests.dll" id="0c753041-3430-855a-a0a1-e3ed60381bde">
      <Execution id="24a9a1a2-34bc-4d8d-a774-82df49abc5a0" />
      <TestMethod codeBase="C:\Users\novik\Таск\work\production\tests\Task.Desktop.Tests\bin\Release\net10.0-windows\Task.Desktop.Tests.dll" adapterTypeName="executor://xunit/VsTestRunner3/netcore/" className="Task.Desktop.Tests.Work.CatalogTreeViewModelTests" name="MovesBetweenFoldersAndBackToRootUsingFreshVersions" />
    </UnitTest>
    <UnitTest name="Task.Desktop.Tests.Work.WorkHubViewModelTests.AreaChange_LoadsNewAreaAfterCancelledRefreshReleasesCommand" storage="c:\users\novik\таск\work\production\tests\task.desktop.tests\bin\release\net10.0-windows\task.desktop.tests.dll" id="04998c7f-bb6f-10fc-a8fa-a98f641643da">
      <Execution id="d68f9578-3cd6-4d35-83f4-21542b069da0" />
      <TestMethod codeBase="C:\Users\novik\Таск\work\production\tests\Task.Desktop.Tests\bin\Release\net10.0-windows\Task.Desktop.Tests.dll" adapterTypeName="executor://xunit/VsTestRunner3/netcore/" className="Task.Desktop.Tests.Work.WorkHubViewModelTests" name="AreaChange_LoadsNewAreaAfterCancelledRefreshReleasesCommand" />
    </UnitTest>
    <UnitTest name="Task.Desktop.Tests.Work.CatalogTreeViewModelTests.MovesBetweenFoldersAndBackToRootUsingFreshVersions(type: &quot;file_reference&quot;)" storage="c:\users\novik\таск\work\production\tests\task.desktop.tests\bin\release\net10.0-windows\task.desktop.tests.dll" id="80701ff4-077f-6288-e82b-43f3ef91ee5c">
      <Execution id="35a09c3f-382c-4584-b585-b28e631f7521" />
      <TestMethod codeBase="C:\Users\novik\Таск\work\production\tests\Task.Desktop.Tests\bin\Release\net10.0-windows\Task.Desktop.Tests.dll" adapterTypeName="executor://xunit/VsTestRunner3/netcore/" className="Task.Desktop.Tests.Work.CatalogTreeViewModelTests" name="MovesBetweenFoldersAndBackToRootUsingFreshVersions" />
    </UnitTest>
    <UnitTest name="Task.Desktop.Tests.Work.DesktopWorkApiClientTests.MoveMapsStableErrorsToControlledResults(status: Conflict, code: &quot;CATALOG_CYCLE&quot;, kind: &quot;ValidationFailure&quot;)" storage="c:\users\novik\таск\work\production\tests\task.desktop.tests\bin\release\net10.0-windows\task.desktop.tests.dll" id="d0728258-ad09-4613-be3a-23ab6fe4cce1">
      <Execution id="faf7b50c-a70d-49e4-be0a-1f32574889d1" />
      <TestMethod codeBase="C:\Users\novik\Таск\work\production\tests\Task.Desktop.Tests\bin\Release\net10.0-windows\Task.Desktop.Tests.dll" adapterTypeName="executor://xunit/VsTestRunner3/netcore/" className="Task.Desktop.Tests.Work.DesktopWorkApiClientTests" name="MoveMapsStableErrorsToControlledResults" />
    </UnitTest>
    <UnitTest name="Task.Desktop.Tests.Work.DesktopWorkApiClientTests.WritesSendEtagKeysAndBoundedNotificationIds" storage="c:\users\novik\таск\work\production\tests\task.desktop.tests\bin\release\net10.0-windows\task.desktop.tests.dll" id="7a4b96c4-0be1-c4d1-9b2d-c9f67d0fdc0c">
      <Execution id="c643936f-2e98-4da9-a7f8-d2be41af4a77" />
      <TestMethod codeBase="C:\Users\novik\Таск\work\production\tests\Task.Desktop.Tests\bin\Release\net10.0-windows\Task.Desktop.Tests.dll" adapterTypeName="executor://xunit/VsTestRunner3/netcore/" className="Task.Desktop.Tests.Work.DesktopWorkApiClientTests" name="WritesSendEtagKeysAndBoundedNotificationIds" />
    </UnitTest>
    <UnitTest name="Task.Desktop.Tests.Work.CatalogTreeViewModelTests.CreatesFoldersInRootAndSelectedFolderAndFilesBesideSelectedFile" storage="c:\users\novik\таск\work\production\tests\task.desktop.tests\bin\release\net10.0-windows\task.desktop.tests.dll" id="e79e24b2-daa4-8d76-6ef2-bc97cf371967">
      <Execution id="0f5650a8-bab2-4660-b18c-a2fcd0921793" />
      <TestMethod codeBase="C:\Users\novik\Таск\work\production\tests\Task.Desktop.Tests\bin\Release\net10.0-windows\Task.Desktop.Tests.dll" adapterTypeName="executor://xunit/VsTestRunner3/netcore/" className="Task.Desktop.Tests.Work.CatalogTreeViewModelTests" name="CreatesFoldersInRootAndSelectedFolderAndFilesBesideSelectedFile" />
    </UnitTest>
    <UnitTest name="Task.Desktop.Tests.Work.CatalogTreeViewModelTests.RejectsSelfDescendantAndRegularItemParentsInUiAndStore" storage="c:\users\novik\таск\work\production\tests\task.desktop.tests\bin\release\net10.0-windows\task.desktop.tests.dll" id="c54c9fa0-94e3-efaf-42dd-ebda305bff52">
      <Execution id="59804f18-8523-4c55-b735-a20874dc1141" />
      <TestMethod codeBase="C:\Users\novik\Таск\work\production\tests\Task.Desktop.Tests\bin\Release\net10.0-windows\Task.Desktop.Tests.dll" adapterTypeName="executor://xunit/VsTestRunner3/netcore/" className="Task.Desktop.Tests.Work.CatalogTreeViewModelTests" name="RejectsSelfDescendantAndRegularItemParentsInUiAndStore" />
    </UnitTest>
    <UnitTest name="Task.Desktop.Tests.Work.WorkHubViewModelTests.SearchPresentationGroupsAndHighlightsOnlyAuthorizedResults" storage="c:\users\novik\таск\work\production\tests\task.desktop.tests\bin\release\net10.0-windows\task.desktop.tests.dll" id="a757bde5-043f-d9b3-653a-7a6eff53dd82">
      <Execution id="f43ef230-34b3-4445-9eed-47aad4aec405" />
      <TestMethod codeBase="C:\Users\novik\Таск\work\production\tests\Task.Desktop.Tests\bin\Release\net10.0-windows\Task.Desktop.Tests.dll" adapterTypeName="executor://xunit/VsTestRunner3/netcore/" className="Task.Desktop.Tests.Work.WorkHubViewModelTests" name="SearchPresentationGroupsAndHighlightsOnlyAuthorizedResults" />
    </UnitTest>
    <UnitTest name="Task.Desktop.Tests.Work.DesktopWorkApiClientTests.MoveMapsStableErrorsToControlledResults(status: NotFound, code: &quot;OBJECT_NOT_VISIBLE&quot;, kind: &quot;NotFound&quot;)" storage="c:\users\novik\таск\work\production\tests\task.desktop.tests\bin\release\net10.0-windows\task.desktop.tests.dll" id="179bc546-7f44-828d-d27c-e15c72988f1d">
      <Execution id="d8612de9-07df-4f6d-816e-72a43a2a55d9" />
      <TestMethod codeBase="C:\Users\novik\Таск\work\production\tests\Task.Desktop.Tests\bin\Release\net10.0-windows\Task.Desktop.Tests.dll" adapterTypeName="executor://xunit/VsTestRunner3/netcore/" className="Task.Desktop.Tests.Work.DesktopWorkApiClientTests" name="MoveMapsStableErrorsToControlledResults" />
    </UnitTest>
    <UnitTest name="Task.Desktop.Tests.Work.WorkHubViewModelTests.NetworkLoss_PreservesSettingsDraftAndBlocksServerWritesUntilReconnect" storage="c:\users\novik\таск\work\production\tests\task.desktop.tests\bin\release\net10.0-windows\task.desktop.tests.dll" id="e0276b56-eba8-b46b-3b69-9a965f6ca736">
      <Execution id="12f3a6c4-6f79-4ae6-af12-18a97a2044f4" />
      <TestMethod codeBase="C:\Users\novik\Таск\work\production\tests\Task.Desktop.Tests\bin\Release\net10.0-windows\Task.Desktop.Tests.dll" adapterTypeName="executor://xunit/VsTestRunner3/netcore/" className="Task.Desktop.Tests.Work.WorkHubViewModelTests" name="NetworkLoss_PreservesSettingsDraftAndBlocksServerWritesUntilReconnect" />
    </UnitTest>
    <UnitTest name="Task.Desktop.Tests.Work.DesktopWorkApiClientTests.ObjectLinksUseExistingRoutesEtagAndKeys" storage="c:\users\novik\таск\work\production\tests\task.desktop.tests\bin\release\net10.0-windows\task.desktop.tests.dll" id="af81db11-aa30-20ff-8550-df5169efef0f">
      <Execution id="ff5bcfdd-f57b-450a-a39e-9934720a0d04" />
      <TestMethod codeBase="C:\Users\novik\Таск\work\production\tests\Task.Desktop.Tests\bin\Release\net10.0-windows\Task.Desktop.Tests.dll" adapterTypeName="executor://xunit/VsTestRunner3/netcore/" className="Task.Desktop.Tests.Work.DesktopWorkApiClientTests" name="ObjectLinksUseExistingRoutesEtagAndKeys" />
    </UnitTest>
    <UnitTest name="Task.Desktop.Tests.Work.WorkHubViewModelTests.SettingsLoadAndSaveOnlyThroughCapabilityGuardedApi" storage="c:\users\novik\таск\work\production\tests\task.desktop.tests\bin\release\net10.0-windows\task.desktop.tests.dll" id="ce02bd5c-2016-176e-42bf-ce01128b50f6">
      <Execution id="d13f8898-177a-45ea-bd59-48114e9b5f26" />
      <TestMethod codeBase="C:\Users\novik\Таск\work\production\tests\Task.Desktop.Tests\bin\Release\net10.0-windows\Task.Desktop.Tests.dll" adapterTypeName="executor://xunit/VsTestRunner3/netcore/" className="Task.Desktop.Tests.Work.WorkHubViewModelTests" name="SettingsLoadAndSaveOnlyThroughCapabilityGuardedApi" />
    </UnitTest>
    <UnitTest name="Task.Desktop.Tests.Work.CatalogTreeViewModelTests.PersonalHierarchyAndMovedRootPersistAcrossReopen" storage="c:\users\novik\таск\work\production\tests\task.desktop.tests\bin\release\net10.0-windows\task.desktop.tests.dll" id="a33ca0ae-137e-4fcd-eef6-8815b137115a">
      <Execution id="0f6ac180-e5b1-4779-99e5-15bb6b9f2e17" />
      <TestMethod codeBase="C:\Users\novik\Таск\work\production\tests\Task.Desktop.Tests\bin\Release\net10.0-windows\Task.Desktop.Tests.dll" adapterTypeName="executor://xunit/VsTestRunner3/netcore/" className="Task.Desktop.Tests.Work.CatalogTreeViewModelTests" name="PersonalHierarchyAndMovedRootPersistAcrossReopen" />
    </UnitTest>
    <UnitTest name="Task.Desktop.Tests.Work.CatalogTreeViewModelTests.LocationMutationAlsoRefreshesItemVersionBeforeMove" storage="c:\users\novik\таск\work\production\tests\task.desktop.tests\bin\release\net10.0-windows\task.desktop.tests.dll" id="2f713f7c-8ef9-e6c2-78f0-f4b99d4f1526">
      <Execution id="567d0793-50ed-4929-b773-13bd2255b5ed" />
      <TestMethod codeBase="C:\Users\novik\Таск\work\production\tests\Task.Desktop.Tests\bin\Release\net10.0-windows\Task.Desktop.Tests.dll" adapterTypeName="executor://xunit/VsTestRunner3/netcore/" className="Task.Desktop.Tests.Work.CatalogTreeViewModelTests" name="LocationMutationAlsoRefreshesItemVersionBeforeMove" />
    </UnitTest>
    <UnitTest name="Task.Desktop.Tests.Work.WorkHubViewModelTests.ArchiveAndTrashUseDedicatedServerLifecycleAndRestore" storage="c:\users\novik\таск\work\production\tests\task.desktop.tests\bin\release\net10.0-windows\task.desktop.tests.dll" id="a3798c68-67d8-cab4-cdfa-3b4f26dc7f61">
      <Execution id="25d31fcc-bd9e-45bf-9456-d9cf23216226" />
      <TestMethod codeBase="C:\Users\novik\Таск\work\production\tests\Task.Desktop.Tests\bin\Release\net10.0-windows\Task.Desktop.Tests.dll" adapterTypeName="executor://xunit/VsTestRunner3/netcore/" className="Task.Desktop.Tests.Work.WorkHubViewModelTests" name="ArchiveAndTrashUseDedicatedServerLifecycleAndRestore" />
    </UnitTest>
    <UnitTest name="Task.Desktop.Tests.Work.WorkHubViewModelTests.OfflineSearchKeepsConfirmedResultsAndBlocksNewRequest" storage="c:\users\novik\таск\work\production\tests\task.desktop.tests\bin\release\net10.0-windows\task.desktop.tests.dll" id="790c7af3-5489-e170-8bd2-e75aa6407a07">
      <Execution id="10243cff-a54a-4344-9593-092a8b0ace0e" />
      <TestMethod codeBase="C:\Users\novik\Таск\work\production\tests\Task.Desktop.Tests\bin\Release\net10.0-windows\Task.Desktop.Tests.dll" adapterTypeName="executor://xunit/VsTestRunner3/netcore/" className="Task.Desktop.Tests.Work.WorkHubViewModelTests" name="OfflineSearchKeepsConfirmedResultsAndBlocksNewRequest" />
    </UnitTest>
    <UnitTest name="Task.Desktop.Tests.Work.DesktopWorkApiClientTests.ReadScenariosUseCanonicalRoutesAndStrictlyMapPayloads" storage="c:\users\novik\таск\work\production\tests\task.desktop.tests\bin\release\net10.0-windows\task.desktop.tests.dll" id="27bd8e90-ebee-6148-8171-b677b28a89c0">
      <Execution id="1f4b4d8a-6757-4068-b786-a14e0f2a7a90" />
      <TestMethod codeBase="C:\Users\novik\Таск\work\production\tests\Task.Desktop.Tests\bin\Release\net10.0-windows\Task.Desktop.Tests.dll" adapterTypeName="executor://xunit/VsTestRunner3/netcore/" className="Task.Desktop.Tests.Work.DesktopWorkApiClientTests" name="ReadScenariosUseCanonicalRoutesAndStrictlyMapPayloads" />
    </UnitTest>
    <UnitTest name="Task.Desktop.Tests.Work.CatalogTreeViewModelTests.RefreshPreservesExpansionAndSelectionAndFallsBackToParent" storage="c:\users\novik\таск\work\production\tests\task.desktop.tests\bin\release\net10.0-windows\task.desktop.tests.dll" id="d3f07e8a-54ad-31e7-dee6-6295c8d67f7c">
      <Execution id="7acbdac1-9a3c-4960-b7e8-367dfcaaabaf" />
      <TestMethod codeBase="C:\Users\novik\Таск\work\production\tests\Task.Desktop.Tests\bin\Release\net10.0-windows\Task.Desktop.Tests.dll" adapterTypeName="executor://xunit/VsTestRunner3/netcore/" className="Task.Desktop.Tests.Work.CatalogTreeViewModelTests" name="RefreshPreservesExpansionAndSelectionAndFallsBackToParent" />
    </UnitTest>
    <UnitTest name="Task.Desktop.Tests.Work.CatalogTreeViewModelTests.MissingPermissionsAndUnavailableServerDisableWritesWithoutClearingTree" storage="c:\users\novik\таск\work\production\tests\task.desktop.tests\bin\release\net10.0-windows\task.desktop.tests.dll" id="b905054a-a83e-303d-3c7e-ce7871f62d88">
      <Execution id="59228718-4bc2-4608-ac51-8bfbed39bbee" />
      <TestMethod codeBase="C:\Users\novik\Таск\work\production\tests\Task.Desktop.Tests\bin\Release\net10.0-windows\Task.Desktop.Tests.dll" adapterTypeName="executor://xunit/VsTestRunner3/netcore/" className="Task.Desktop.Tests.Work.CatalogTreeViewModelTests" name="MissingPermissionsAndUnavailableServerDisableWritesWithoutClearingTree" />
    </UnitTest>
    <UnitTest name="Task.Desktop.Tests.Work.WorkHubViewModelTests.SuccessfulSearchClearsStaleValidationFeedback" storage="c:\users\novik\таск\work\production\tests\task.desktop.tests\bin\release\net10.0-windows\task.desktop.tests.dll" id="5b040112-01de-7a9c-f0b4-e34e90f7e992">
      <Execution id="c379edb7-a4fa-4611-b5d3-ea967635bee6" />
      <TestMethod codeBase="C:\Users\novik\Таск\work\production\tests\Task.Desktop.Tests\bin\Release\net10.0-windows\Task.Desktop.Tests.dll" adapterTypeName="executor://xunit/VsTestRunner3/netcore/" className="Task.Desktop.Tests.Work.WorkHubViewModelTests" name="SuccessfulSearchClearsStaleValidationFeedback" />
    </UnitTest>
    <UnitTest name="Task.Desktop.Tests.Work.DesktopWorkApiClientTests.CorporateCreationUsesSelectionAndFailedMutationRefreshDisablesWritesUntilFreshRead" storage="c:\users\novik\таск\work\production\tests\task.desktop.tests\bin\release\net10.0-windows\task.desktop.tests.dll" id="2231f0e6-f3e6-91a4-5d01-cdc28b9458ea">
      <Execution id="a1309f34-4e25-4767-b23f-02104971ab7e" />
      <TestMethod codeBase="C:\Users\novik\Таск\work\production\tests\Task.Desktop.Tests\bin\Release\net10.0-windows\Task.Desktop.Tests.dll" adapterTypeName="executor://xunit/VsTestRunner3/netcore/" className="Task.Desktop.Tests.Work.DesktopWorkApiClientTests" name="CorporateCreationUsesSelectionAndFailedMutationRefreshDisablesWritesUntilFreshRead" />
    </UnitTest>
    <UnitTest name="Task.Desktop.Tests.Work.DesktopWorkApiClientTests.CorporateTreeMovesRecoversConflictAndPreservesCacheOnServerFailure" storage="c:\users\novik\таск\work\production\tests\task.desktop.tests\bin\release\net10.0-windows\task.desktop.tests.dll" id="e34d5d74-acd7-a557-46da-74f529505533">
      <Execution id="714984a6-884c-43cb-b80d-fbe9e71cade8" />
      <TestMethod codeBase="C:\Users\novik\Таск\work\production\tests\Task.Desktop.Tests\bin\Release\net10.0-windows\Task.Desktop.Tests.dll" adapterTypeName="executor://xunit/VsTestRunner3/netcore/" className="Task.Desktop.Tests.Work.DesktopWorkApiClientTests" name="CorporateTreeMovesRecoversConflictAndPreservesCacheOnServerFailure" />
    </UnitTest>
    <UnitTest name="Task.Desktop.Tests.Work.CatalogTreeViewModelTests.BuildsMultipleLevelsAndRevealsSelectedParentChain" storage="c:\users\novik\таск\work\production\tests\task.desktop.tests\bin\release\net10.0-windows\task.desktop.tests.dll" id="b907ca9e-af3d-a437-ce0e-ed2af153eacd">
      <Execution id="296fe1d0-0949-4af0-a096-8a93f10e2208" />
      <TestMethod codeBase="C:\Users\novik\Таск\work\production\tests\Task.Desktop.Tests\bin\Release\net10.0-windows\Task.Desktop.Tests.dll" adapterTypeName="executor://xunit/VsTestRunner3/netcore/" className="Task.Desktop.Tests.Work.CatalogTreeViewModelTests" name="BuildsMultipleLevelsAndRevealsSelectedParentChain" />
    </UnitTest>
    <UnitTest name="Task.Desktop.Tests.Work.WorkHubViewModelTests.ModeSwitchCancel_PreservesSettingsAndContactDrafts" storage="c:\users\novik\таск\work\production\tests\task.desktop.tests\bin\release\net10.0-windows\task.desktop.tests.dll" id="e7626d35-f201-6685-f6fe-3315eca64c51">
      <Execution id="deaf0af3-f0dd-486f-992c-b95053baf414" />
      <TestMethod codeBase="C:\Users\novik\Таск\work\production\tests\Task.Desktop.Tests\bin\Release\net10.0-windows\Task.Desktop.Tests.dll" adapterTypeName="executor://xunit/VsTestRunner3/netcore/" className="Task.Desktop.Tests.Work.WorkHubViewModelTests" name="ModeSwitchCancel_PreservesSettingsAndContactDrafts" />
    </UnitTest>
    <UnitTest name="Task.Desktop.Tests.Work.WorkHubViewModelTests.SearchResultRaisesTypedNavigationRequest" storage="c:\users\novik\таск\work\production\tests\task.desktop.tests\bin\release\net10.0-windows\task.desktop.tests.dll" id="f5885494-2892-2897-7cde-7514f1ce9632">
      <Execution id="21f83441-446e-4a02-ad39-61decaa6087e" />
      <TestMethod codeBase="C:\Users\novik\Таск\work\production\tests\Task.Desktop.Tests\bin\Release\net10.0-windows\Task.Desktop.Tests.dll" adapterTypeName="executor://xunit/VsTestRunner3/netcore/" className="Task.Desktop.Tests.Work.WorkHubViewModelTests" name="SearchResultRaisesTypedNavigationRequest" />
    </UnitTest>
    <UnitTest name="Task.Desktop.Tests.Work.DesktopWorkApiClientTests.LifecycleAndSettingsUseCanonicalRoutesVersionsAndStrictPayloads" storage="c:\users\novik\таск\work\production\tests\task.desktop.tests\bin\release\net10.0-windows\task.desktop.tests.dll" id="7045b03d-0ed3-b0fa-bef4-96a3bef6be61">
      <Execution id="175181ee-ac1c-46a9-8645-f9f7058cebc4" />
      <TestMethod codeBase="C:\Users\novik\Таск\work\production\tests\Task.Desktop.Tests\bin\Release\net10.0-windows\Task.Desktop.Tests.dll" adapterTypeName="executor://xunit/VsTestRunner3/netcore/" className="Task.Desktop.Tests.Work.DesktopWorkApiClientTests" name="LifecycleAndSettingsUseCanonicalRoutesVersionsAndStrictPayloads" />
    </UnitTest>
    <UnitTest name="Task.Desktop.Tests.Work.WorkHubViewModelTests.SuccessfulRefreshClearsStaleServerUnavailableFeedback" storage="c:\users\novik\таск\work\production\tests\task.desktop.tests\bin\release\net10.0-windows\task.desktop.tests.dll" id="64900be5-92c9-f395-7075-69c8831e5e4b">
      <Execution id="b7fcd680-2da3-4fdd-b635-e8c8eaa99b85" />
      <TestMethod codeBase="C:\Users\novik\Таск\work\production\tests\Task.Desktop.Tests\bin\Release\net10.0-windows\Task.Desktop.Tests.dll" adapterTypeName="executor://xunit/VsTestRunner3/netcore/" className="Task.Desktop.Tests.Work.WorkHubViewModelTests" name="SuccessfulRefreshClearsStaleServerUnavailableFeedback" />
    </UnitTest>
    <UnitTest name="Task.Desktop.Tests.Work.DesktopWorkApiClientTests.MalformedAndForbiddenResponsesAreControlled" storage="c:\users\novik\таск\work\production\tests\task.desktop.tests\bin\release\net10.0-windows\task.desktop.tests.dll" id="15b525bc-1cc7-1216-4696-54f3dedb1477">
      <Execution id="280a3eb0-bafa-4143-809f-dd3b755c5f34" />
      <TestMethod codeBase="C:\Users\novik\Таск\work\production\tests\Task.Desktop.Tests\bin\Release\net10.0-windows\Task.Desktop.Tests.dll" adapterTypeName="executor://xunit/VsTestRunner3/netcore/" className="Task.Desktop.Tests.Work.DesktopWorkApiClientTests" name="MalformedAndForbiddenResponsesAreControlled" />
    </UnitTest>
    <UnitTest name="Task.Desktop.Tests.Work.DesktopWorkApiClientTests.MoveMapsStableErrorsToControlledResults(status: PreconditionFailed, code: &quot;VERSION_CONFLICT&quot;, kind: &quot;Conflict&quot;)" storage="c:\users\novik\таск\work\production\tests\task.desktop.tests\bin\release\net10.0-windows\task.desktop.tests.dll" id="2262953b-cddd-cff3-6de3-a2f10c24f7e4">
      <Execution id="2b2e7600-e6c9-4d8f-a977-126f69d72801" />
      <TestMethod codeBase="C:\Users\novik\Таск\work\production\tests\Task.Desktop.Tests\bin\Release\net10.0-windows\Task.Desktop.Tests.dll" adapterTypeName="executor://xunit/VsTestRunner3/netcore/" className="Task.Desktop.Tests.Work.DesktopWorkApiClientTests" name="MoveMapsStableErrorsToControlledResults" />
    </UnitTest>
    <UnitTest name="Task.Desktop.Tests.Work.DesktopWorkApiClientTests.MoveMapsStableErrorsToControlledResults(status: UnprocessableEntity, code: &quot;VALIDATION_FAILED&quot;, kind: &quot;ValidationFailure&quot;)" storage="c:\users\novik\таск\work\production\tests\task.desktop.tests\bin\release\net10.0-windows\task.desktop.tests.dll" id="0dc14ebe-e439-98a1-8c02-d53285da97f6">
      <Execution id="b9a71cd6-0e50-4416-930c-5d1fb9be8779" />
      <TestMethod codeBase="C:\Users\novik\Таск\work\production\tests\Task.Desktop.Tests\bin\Release\net10.0-windows\Task.Desktop.Tests.dll" adapterTypeName="executor://xunit/VsTestRunner3/netcore/" className="Task.Desktop.Tests.Work.DesktopWorkApiClientTests" name="MoveMapsStableErrorsToControlledResults" />
    </UnitTest>
    <UnitTest name="Task.Desktop.Tests.Work.DesktopWorkApiClientTests.MoveMapsStableErrorsToControlledResults(status: ServiceUnavailable, code: &quot;INTERNAL_ERROR&quot;, kind: &quot;ServerUnavailable&quot;)" storage="c:\users\novik\таск\work\production\tests\task.desktop.tests\bin\release\net10.0-windows\task.desktop.tests.dll" id="3997fc38-91a8-d72f-e807-562a86db4ece">
      <Execution id="a8d12887-c4ef-465b-bd3f-4d9324bfd2eb" />
      <TestMethod codeBase="C:\Users\novik\Таск\work\production\tests\Task.Desktop.Tests\bin\Release\net10.0-windows\Task.Desktop.Tests.dll" adapterTypeName="executor://xunit/VsTestRunner3/netcore/" className="Task.Desktop.Tests.Work.DesktopWorkApiClientTests" name="MoveMapsStableErrorsToControlledResults" />
    </UnitTest>
    <UnitTest name="Task.Desktop.Tests.Work.DesktopWorkApiClientTests.CorporateAndPersonalMarkersStayInTheirOwnBackend" storage="c:\users\novik\таск\work\production\tests\task.desktop.tests\bin\release\net10.0-windows\task.desktop.tests.dll" id="1fdf3403-cfce-c6fc-85a3-563856adde7e">
      <Execution id="a58bd882-6770-4598-96eb-29e78d073880" />
      <TestMethod codeBase="C:\Users\novik\Таск\work\production\tests\Task.Desktop.Tests\bin\Release\net10.0-windows\Task.Desktop.Tests.dll" adapterTypeName="executor://xunit/VsTestRunner3/netcore/" className="Task.Desktop.Tests.Work.DesktopWorkApiClientTests" name="CorporateAndPersonalMarkersStayInTheirOwnBackend" />
    </UnitTest>
    <UnitTest name="Task.Desktop.Tests.Work.WorkHubViewModelTests.NotificationCommandsMaintainUnreadCount" storage="c:\users\novik\таск\work\production\tests\task.desktop.tests\bin\release\net10.0-windows\task.desktop.tests.dll" id="5fc30a4e-0890-bf1f-39b4-2c270be6471f">
      <Execution id="fa64d639-59f7-4f7a-978b-8c3c54b247da" />
      <TestMethod codeBase="C:\Users\novik\Таск\work\production\tests\Task.Desktop.Tests\bin\Release\net10.0-windows\Task.Desktop.Tests.dll" adapterTypeName="executor://xunit/VsTestRunner3/netcore/" className="Task.Desktop.Tests.Work.WorkHubViewModelTests" name="NotificationCommandsMaintainUnreadCount" />
    </UnitTest>
    <UnitTest name="Task.Desktop.Tests.Work.WorkHubViewModelTests.CapabilityRefreshRevokesPresentationActionsImmediately" storage="c:\users\novik\таск\work\production\tests\task.desktop.tests\bin\release\net10.0-windows\task.desktop.tests.dll" id="8e80d861-41ca-533e-87c0-15bab75af09d">
      <Execution id="783a722d-064f-44d5-846e-744d2fe2b287" />
      <TestMethod codeBase="C:\Users\novik\Таск\work\production\tests\Task.Desktop.Tests\bin\Release\net10.0-windows\Task.Desktop.Tests.dll" adapterTypeName="executor://xunit/VsTestRunner3/netcore/" className="Task.Desktop.Tests.Work.WorkHubViewModelTests" name="CapabilityRefreshRevokesPresentationActionsImmediately" />
    </UnitTest>
    <UnitTest name="Task.Desktop.Tests.Work.WorkHubViewModelTests.FileAdapterRejectsExecutableAndNonFileLocations(path: &quot;relative.docx&quot;)" storage="c:\users\novik\таск\work\production\tests\task.desktop.tests\bin\release\net10.0-windows\task.desktop.tests.dll" id="cc31b5c3-0c0b-d2cb-ff3b-94667a374dca">
      <Execution id="73404fef-b092-4051-980e-f48c787e50dd" />
      <TestMethod codeBase="C:\Users\novik\Таск\work\production\tests\Task.Desktop.Tests\bin\Release\net10.0-windows\Task.Desktop.Tests.dll" adapterTypeName="executor://xunit/VsTestRunner3/netcore/" className="Task.Desktop.Tests.Work.WorkHubViewModelTests" name="FileAdapterRejectsExecutableAndNonFileLocations" />
    </UnitTest>
    <UnitTest name="Task.Desktop.Tests.Work.WorkHubViewModelTests.FileAdapterRejectsExecutableAndNonFileLocations(path: &quot;C:\\Temp\\setup.exe&quot;)" storage="c:\users\novik\таск\work\production\tests\task.desktop.tests\bin\release\net10.0-windows\task.desktop.tests.dll" id="b1c7be66-8127-f942-7177-b031f197e7df">
      <Execution id="1061a630-c8d7-42e7-9cb8-f49b87b643a5" />
      <TestMethod codeBase="C:\Users\novik\Таск\work\production\tests\Task.Desktop.Tests\bin\Release\net10.0-windows\Task.Desktop.Tests.dll" adapterTypeName="executor://xunit/VsTestRunner3/netcore/" className="Task.Desktop.Tests.Work.WorkHubViewModelTests" name="FileAdapterRejectsExecutableAndNonFileLocations" />
    </UnitTest>
    <UnitTest name="Task.Desktop.Tests.Work.CatalogTreeViewModelTests.EmptyCatalogHasNoSelectionAndCanCreateInRoot" storage="c:\users\novik\таск\work\production\tests\task.desktop.tests\bin\release\net10.0-windows\task.desktop.tests.dll" id="01c24ae6-4db7-eff4-ef6c-60cbc5dbf5b0">
      <Execution id="08a389bf-28ca-4d53-b6d1-aa182416e617" />
      <TestMethod codeBase="C:\Users\novik\Таск\work\production\tests\Task.Desktop.Tests\bin\Release\net10.0-windows\Task.Desktop.Tests.dll" adapterTypeName="executor://xunit/VsTestRunner3/netcore/" className="Task.Desktop.Tests.Work.CatalogTreeViewModelTests" name="EmptyCatalogHasNoSelectionAndCanCreateInRoot" />
    </UnitTest>
    <UnitTest name="Task.Desktop.Tests.Work.DesktopWorkApiClientTests.CatalogLoadsAllPagesAndMoreThanEightLevelsWithoutDuplicates" storage="c:\users\novik\таск\work\production\tests\task.desktop.tests\bin\release\net10.0-windows\task.desktop.tests.dll" id="2dbc5de6-c253-b37d-bcca-9563411b42c0">
      <Execution id="d341d535-00bc-4dc9-a680-fedc95cdf838" />
      <TestMethod codeBase="C:\Users\novik\Таск\work\production\tests\Task.Desktop.Tests\bin\Release\net10.0-windows\Task.Desktop.Tests.dll" adapterTypeName="executor://xunit/VsTestRunner3/netcore/" className="Task.Desktop.Tests.Work.DesktopWorkApiClientTests" name="CatalogLoadsAllPagesAndMoreThanEightLevelsWithoutDuplicates" />
    </UnitTest>
  </TestDefinitions>
  <TestEntries>
    <TestEntry testId="a3798c68-67d8-cab4-cdfa-3b4f26dc7f61" executionId="25d31fcc-bd9e-45bf-9456-d9cf23216226" testListId="8c84fa94-04c1-424b-9868-57a2d4851a1d" />
    <TestEntry testId="0dc14ebe-e439-98a1-8c02-d53285da97f6" executionId="b9a71cd6-0e50-4416-930c-5d1fb9be8779" testListId="8c84fa94-04c1-424b-9868-57a2d4851a1d" />
    <TestEntry testId="c54c9fa0-94e3-efaf-42dd-ebda305bff52" executionId="59804f18-8523-4c55-b735-a20874dc1141" testListId="8c84fa94-04c1-424b-9868-57a2d4851a1d" />
    <TestEntry testId="01c24ae6-4db7-eff4-ef6c-60cbc5dbf5b0" executionId="08a389bf-28ca-4d53-b6d1-aa182416e617" testListId="8c84fa94-04c1-424b-9868-57a2d4851a1d" />
    <TestEntry testId="b81ec398-2a5a-9d7e-70db-31fb84830773" executionId="a389d436-564a-481b-a3b9-ff8a86e0b2cd" testListId="8c84fa94-04c1-424b-9868-57a2d4851a1d" />
    <TestEntry testId="cc31b5c3-0c0b-d2cb-ff3b-94667a374dca" executionId="73404fef-b092-4051-980e-f48c787e50dd" testListId="8c84fa94-04c1-424b-9868-57a2d4851a1d" />
    <TestEntry testId="179bc546-7f44-828d-d27c-e15c72988f1d" executionId="d8612de9-07df-4f6d-816e-72a43a2a55d9" testListId="8c84fa94-04c1-424b-9868-57a2d4851a1d" />
    <TestEntry testId="790c7af3-5489-e170-8bd2-e75aa6407a07" executionId="10243cff-a54a-4344-9593-092a8b0ace0e" testListId="8c84fa94-04c1-424b-9868-57a2d4851a1d" />
    <TestEntry testId="60ddee60-02fb-790b-e358-a81b361cddda" executionId="1f6aa27f-18dd-41e1-8e6b-cc2416a26c6e" testListId="8c84fa94-04c1-424b-9868-57a2d4851a1d" />
    <TestEntry testId="f4a937ab-d8da-7f8f-c56b-78ea9df5dcbe" executionId="b19f5d1a-a71e-4a51-b90e-49f5f31aaf91" testListId="8c84fa94-04c1-424b-9868-57a2d4851a1d" />
    <TestEntry testId="af81db11-aa30-20ff-8550-df5169efef0f" executionId="ff5bcfdd-f57b-450a-a39e-9934720a0d04" testListId="8c84fa94-04c1-424b-9868-57a2d4851a1d" />
    <TestEntry testId="e0276b56-eba8-b46b-3b69-9a965f6ca736" executionId="12f3a6c4-6f79-4ae6-af12-18a97a2044f4" testListId="8c84fa94-04c1-424b-9868-57a2d4851a1d" />
    <TestEntry testId="2f713f7c-8ef9-e6c2-78f0-f4b99d4f1526" executionId="567d0793-50ed-4929-b773-13bd2255b5ed" testListId="8c84fa94-04c1-424b-9868-57a2d4851a1d" />
    <TestEntry testId="1fdf3403-cfce-c6fc-85a3-563856adde7e" executionId="a58bd882-6770-4598-96eb-29e78d073880" testListId="8c84fa94-04c1-424b-9868-57a2d4851a1d" />
    <TestEntry testId="b1c7be66-8127-f942-7177-b031f197e7df" executionId="1061a630-c8d7-42e7-9cb8-f49b87b643a5" testListId="8c84fa94-04c1-424b-9868-57a2d4851a1d" />
    <TestEntry testId="6b00ddac-40f8-d081-c3b0-c1d0b54b49fa" executionId="2d3c3b9d-0272-4ce6-8e47-94418d03f35e" testListId="8c84fa94-04c1-424b-9868-57a2d4851a1d" />
    <TestEntry testId="9cf88e84-091f-2d9c-6974-9a2c33153aeb" executionId="fb898181-3cbb-4310-aeff-172919f2b40d" testListId="8c84fa94-04c1-424b-9868-57a2d4851a1d" />
    <TestEntry testId="0c753041-3430-855a-a0a1-e3ed60381bde" executionId="24a9a1a2-34bc-4d8d-a774-82df49abc5a0" testListId="8c84fa94-04c1-424b-9868-57a2d4851a1d" />
    <TestEntry testId="a33ca0ae-137e-4fcd-eef6-8815b137115a" executionId="0f6ac180-e5b1-4779-99e5-15bb6b9f2e17" testListId="8c84fa94-04c1-424b-9868-57a2d4851a1d" />
    <TestEntry testId="04998c7f-bb6f-10fc-a8fa-a98f641643da" executionId="d68f9578-3cd6-4d35-83f4-21542b069da0" testListId="8c84fa94-04c1-424b-9868-57a2d4851a1d" />
    <TestEntry testId="2231f0e6-f3e6-91a4-5d01-cdc28b9458ea" executionId="a1309f34-4e25-4767-b23f-02104971ab7e" testListId="8c84fa94-04c1-424b-9868-57a2d4851a1d" />
    <TestEntry testId="80701ff4-077f-6288-e82b-43f3ef91ee5c" executionId="35a09c3f-382c-4584-b585-b28e631f7521" testListId="8c84fa94-04c1-424b-9868-57a2d4851a1d" />
    <TestEntry testId="5fc30a4e-0890-bf1f-39b4-2c270be6471f" executionId="fa64d639-59f7-4f7a-978b-8c3c54b247da" testListId="8c84fa94-04c1-424b-9868-57a2d4851a1d" />
    <TestEntry testId="a35bcac9-7121-4042-9109-49883e1ea14e" executionId="037f589c-4675-4b72-8f17-9239865edfa2" testListId="8c84fa94-04c1-424b-9868-57a2d4851a1d" />
    <TestEntry testId="2262953b-cddd-cff3-6de3-a2f10c24f7e4" executionId="2b2e7600-e6c9-4d8f-a977-126f69d72801" testListId="8c84fa94-04c1-424b-9868-57a2d4851a1d" />
    <TestEntry testId="a757bde5-043f-d9b3-653a-7a6eff53dd82" executionId="f43ef230-34b3-4445-9eed-47aad4aec405" testListId="8c84fa94-04c1-424b-9868-57a2d4851a1d" />
    <TestEntry testId="27bd8e90-ebee-6148-8171-b677b28a89c0" executionId="1f4b4d8a-6757-4068-b786-a14e0f2a7a90" testListId="8c84fa94-04c1-424b-9868-57a2d4851a1d" />
    <TestEntry testId="3997fc38-91a8-d72f-e807-562a86db4ece" executionId="a8d12887-c4ef-465b-bd3f-4d9324bfd2eb" testListId="8c84fa94-04c1-424b-9868-57a2d4851a1d" />
    <TestEntry testId="b907ca9e-af3d-a437-ce0e-ed2af153eacd" executionId="296fe1d0-0949-4af0-a096-8a93f10e2208" testListId="8c84fa94-04c1-424b-9868-57a2d4851a1d" />
    <TestEntry testId="15b525bc-1cc7-1216-4696-54f3dedb1477" executionId="280a3eb0-bafa-4143-809f-dd3b755c5f34" testListId="8c84fa94-04c1-424b-9868-57a2d4851a1d" />
    <TestEntry testId="d3f07e8a-54ad-31e7-dee6-6295c8d67f7c" executionId="7acbdac1-9a3c-4960-b7e8-367dfcaaabaf" testListId="8c84fa94-04c1-424b-9868-57a2d4851a1d" />
    <TestEntry testId="2dbc5de6-c253-b37d-bcca-9563411b42c0" executionId="d341d535-00bc-4dc9-a680-fedc95cdf838" testListId="8c84fa94-04c1-424b-9868-57a2d4851a1d" />
    <TestEntry testId="f5885494-2892-2897-7cde-7514f1ce9632" executionId="21f83441-446e-4a02-ad39-61decaa6087e" testListId="8c84fa94-04c1-424b-9868-57a2d4851a1d" />
    <TestEntry testId="b905054a-a83e-303d-3c7e-ce7871f62d88" executionId="59228718-4bc2-4608-ac51-8bfbed39bbee" testListId="8c84fa94-04c1-424b-9868-57a2d4851a1d" />
    <TestEntry testId="7a4b96c4-0be1-c4d1-9b2d-c9f67d0fdc0c" executionId="c643936f-2e98-4da9-a7f8-d2be41af4a77" testListId="8c84fa94-04c1-424b-9868-57a2d4851a1d" />
    <TestEntry testId="e79e24b2-daa4-8d76-6ef2-bc97cf371967" executionId="0f5650a8-bab2-4660-b18c-a2fcd0921793" testListId="8c84fa94-04c1-424b-9868-57a2d4851a1d" />
    <TestEntry testId="aec0362c-aed9-e1bb-30d7-f7558bdc2b87" executionId="4e598fa1-f2fd-45a3-9e69-41b088caf896" testListId="8c84fa94-04c1-424b-9868-57a2d4851a1d" />
    <TestEntry testId="ce02bd5c-2016-176e-42bf-ce01128b50f6" executionId="d13f8898-177a-45ea-bd59-48114e9b5f26" testListId="8c84fa94-04c1-424b-9868-57a2d4851a1d" />
    <TestEntry testId="c7c1f652-c682-ea09-cd32-c67fb2c6fc45" executionId="ff395afa-64f7-4b20-bede-9bcdd50f9a4b" testListId="8c84fa94-04c1-424b-9868-57a2d4851a1d" />
    <TestEntry testId="e34d5d74-acd7-a557-46da-74f529505533" executionId="714984a6-884c-43cb-b80d-fbe9e71cade8" testListId="8c84fa94-04c1-424b-9868-57a2d4851a1d" />
    <TestEntry testId="7045b03d-0ed3-b0fa-bef4-96a3bef6be61" executionId="175181ee-ac1c-46a9-8645-f9f7058cebc4" testListId="8c84fa94-04c1-424b-9868-57a2d4851a1d" />
    <TestEntry testId="8e80d861-41ca-533e-87c0-15bab75af09d" executionId="783a722d-064f-44d5-846e-744d2fe2b287" testListId="8c84fa94-04c1-424b-9868-57a2d4851a1d" />
    <TestEntry testId="d0728258-ad09-4613-be3a-23ab6fe4cce1" executionId="faf7b50c-a70d-49e4-be0a-1f32574889d1" testListId="8c84fa94-04c1-424b-9868-57a2d4851a1d" />
    <TestEntry testId="e7626d35-f201-6685-f6fe-3315eca64c51" executionId="deaf0af3-f0dd-486f-992c-b95053baf414" testListId="8c84fa94-04c1-424b-9868-57a2d4851a1d" />
    <TestEntry testId="64900be5-92c9-f395-7075-69c8831e5e4b" executionId="b7fcd680-2da3-4fdd-b635-e8c8eaa99b85" testListId="8c84fa94-04c1-424b-9868-57a2d4851a1d" />
    <TestEntry testId="5b040112-01de-7a9c-f0b4-e34e90f7e992" executionId="c379edb7-a4fa-4611-b5d3-ea967635bee6" testListId="8c84fa94-04c1-424b-9868-57a2d4851a1d" />
  </TestEntries>
  <TestLists>
    <TestList name="Список результатов" id="8c84fa94-04c1-424b-9868-57a2d4851a1d" />
    <TestList name="Все загруженные результаты" id="19431567-8539-422a-85d7-44ee4e166bda" />
  </TestLists>
  <ResultSummary outcome="Completed">
    <Counters total="46" executed="46" passed="46" failed="0" error="0" timeout="0" aborted="0" inconclusive="0" passedButRunAborted="0" notRunnable="0" notExecuted="0" disconnected="0" warning="0" completed="0" inProgress="0" pending="0" />
    <Output>
      <StdOut>[xUnit.net 00:00:00.00] xUnit.net VSTest Adapter v3.1.4+50e68bbb8b (64-bit .NET 10.0.11)&#xD;
[xUnit.net 00:00:00.14]   Discovering: Task.Desktop.Tests&#xD;
[xUnit.net 00:00:00.21]   Discovered:  Task.Desktop.Tests&#xD;
[xUnit.net 00:00:00.23]   Starting:    Task.Desktop.Tests&#xD;
[xUnit.net 00:00:00.47]   Finished:    Task.Desktop.Tests&#xD;
</StdOut>
    </Output>
  </ResultSummary>
</TestRun>