<?xml version="1.0" encoding="utf-8"?>
<TestRun id="b313c62d-8fea-432e-b74d-799e3a5965e4" name="novik@TIM 2026-09-12 13:28:01" runUser="TIM\novik" xmlns="http://microsoft.com/schemas/VisualStudio/TeamTest/2010">
  <Times creation="2026-09-12T13:28:01.2620348+03:00" queuing="2026-09-12T13:28:01.2620352+03:00" start="2026-09-12T13:28:00.4783229+03:00" finish="2026-09-12T13:28:01.4436958+03:00" />
  <TestSettings name="default" id="b883c460-0cae-4f59-afc3-2dec92c4a0a2">
    <Deployment runDeploymentRoot="novik_TIM_2026-09-12_13_28_01" />
  </TestSettings>
  <Results>
    <UnitTestResult executionId="2465112e-e45a-4f65-bf2d-8f8427dafe1b" testId="ef353bb6-a5b9-4a69-2fd0-3551edca32c3" testName="Task.ServiceHosts.Tests.AuditEndpointsTests.GetAudit_WhenActorOrObjectIsInvalid_Returns422(query: &quot;?actor=not-a-guid&quot;)" computerName="TIM" duration="00:00:00.0181083" startTime="2026-09-12T13:28:01.3727674+03:00" endTime="2026-09-12T13:28:01.3911227+03:00" testType="13cdc9d9-ddb5-4fa4-a97d-d965ccfc6d4b" outcome="Passed" testListId="8c84fa94-04c1-424b-9868-57a2d4851a1d" relativeResultsDirectory="2465112e-e45a-4f65-bf2d-8f8427dafe1b" />
    <UnitTestResult executionId="906a2801-15ab-4f5e-9ffc-b94d19a6e064" testId="7e82091b-13e7-6588-0ee6-7abda49008d1" testName="Task.ServiceHosts.Tests.CapabilitiesEndpointsTests.GetCapabilities_ServiceNotRegistered_Returns503" computerName="TIM" duration="00:00:00.0143206" startTime="2026-09-12T13:28:01.2002268+03:00" endTime="2026-09-12T13:28:01.2148802+03:00" testType="13cdc9d9-ddb5-4fa4-a97d-d965ccfc6d4b" outcome="Passed" testListId="8c84fa94-04c1-424b-9868-57a2d4851a1d" relativeResultsDirectory="906a2801-15ab-4f5e-9ffc-b94d19a6e064" />
    <UnitTestResult executionId="2b4ad688-0f15-408a-8d56-9e15a7e580f5" testId="2dce0a4d-2a53-a681-694e-cac21a2f56cf" testName="Task.ServiceHosts.Tests.AuditEndpointsTests.GetAudit_WithTokenWithoutPermission_Returns403" computerName="TIM" duration="00:00:00.0085561" startTime="2026-09-12T13:28:01.2705593+03:00" endTime="2026-09-12T13:28:01.2780828+03:00" testType="13cdc9d9-ddb5-4fa4-a97d-d965ccfc6d4b" outcome="Passed" testListId="8c84fa94-04c1-424b-9868-57a2d4851a1d" relativeResultsDirectory="2b4ad688-0f15-408a-8d56-9e15a7e580f5" />
    <UnitTestResult executionId="43acdd91-761f-46e0-b070-08f293ff8227" testId="ab64618c-7b73-3628-d876-ac3ef33d7050" testName="Task.ServiceHosts.Tests.AuditEndpointsTests.GetAudit_ReturnsObjectIdentity_WhenEntryHasOne" computerName="TIM" duration="00:00:00.0102063" startTime="2026-09-12T13:28:01.3525779+03:00" endTime="2026-09-12T13:28:01.3630785+03:00" testType="13cdc9d9-ddb5-4fa4-a97d-d965ccfc6d4b" outcome="Passed" testListId="8c84fa94-04c1-424b-9868-57a2d4851a1d" relativeResultsDirectory="43acdd91-761f-46e0-b070-08f293ff8227" />
    <UnitTestResult executionId="e37a5386-87da-45b0-ad8b-377c449e0287" testId="1f25bac0-977c-c3fa-994c-cac8ea756474" testName="Task.ServiceHosts.Tests.SystemVersionEndpointsTests.GetSystemVersion_WithToken_ReturnsCanonicalFields" computerName="TIM" duration="00:00:00.0105200" startTime="2026-09-12T13:28:01.2413139+03:00" endTime="2026-09-12T13:28:01.2414500+03:00" testType="13cdc9d9-ddb5-4fa4-a97d-d965ccfc6d4b" outcome="Passed" testListId="8c84fa94-04c1-424b-9868-57a2d4851a1d" relativeResultsDirectory="e37a5386-87da-45b0-ad8b-377c449e0287" />
    <UnitTestResult executionId="3f11f646-48df-463c-a32b-0448d2093968" testId="b2f6035b-6424-1755-d407-d17f1cc856d8" testName="Task.ServiceHosts.Tests.ClientVersionCompatibilityMiddlewareTests.UnsupportedClient_ReturnsStable426Problem(version: &quot;1.9.9&quot;)" computerName="TIM" duration="00:00:00.0480012" startTime="2026-09-12T13:28:01.0490868+03:00" endTime="2026-09-12T13:28:01.1084218+03:00" testType="13cdc9d9-ddb5-4fa4-a97d-d965ccfc6d4b" outcome="Passed" testListId="8c84fa94-04c1-424b-9868-57a2d4851a1d" relativeResultsDirectory="3f11f646-48df-463c-a32b-0448d2093968" />
    <UnitTestResult executionId="52df7539-2ca4-4f7b-98a5-617a899bb246" testId="5681db7b-2ca6-33a9-4cb2-b4d8a2d87d2c" testName="Task.ServiceHosts.Tests.SystemVersionEndpointsTests.GetSystemVersion_WithoutToken_Returns401" computerName="TIM" duration="00:00:00.0077350" startTime="2026-09-12T13:28:01.2408620+03:00" endTime="2026-09-12T13:28:01.2412669+03:00" testType="13cdc9d9-ddb5-4fa4-a97d-d965ccfc6d4b" outcome="Passed" testListId="8c84fa94-04c1-424b-9868-57a2d4851a1d" relativeResultsDirectory="52df7539-2ca4-4f7b-98a5-617a899bb246" />
    <UnitTestResult executionId="7f5cbe53-f730-430d-86c3-724a3aab8138" testId="7007e8c0-8755-3923-d3f0-465622d22f0a" testName="Task.ServiceHosts.Tests.AuditEndpointsTests.GetAudit_WithoutStore_Returns503" computerName="TIM" duration="00:00:00.0115116" startTime="2026-09-12T13:28:01.2411580+03:00" endTime="2026-09-12T13:28:01.2413312+03:00" testType="13cdc9d9-ddb5-4fa4-a97d-d965ccfc6d4b" outcome="Passed" testListId="8c84fa94-04c1-424b-9868-57a2d4851a1d" relativeResultsDirectory="7f5cbe53-f730-430d-86c3-724a3aab8138" />
    <UnitTestResult executionId="e4710a5d-3044-49f4-ac7e-f7c7e7b8cca1" testId="5d313955-45f6-7ca0-bdb9-32fb8ad2b895" testName="Task.ServiceHosts.Tests.AuditEndpointsTests.GetAudit_WhenActorOrObjectIsInvalid_Returns422(query: &quot;?object=not-a-guid&quot;)" computerName="TIM" duration="00:00:00.0092417" startTime="2026-09-12T13:28:01.3637013+03:00" endTime="2026-09-12T13:28:01.3726564+03:00" testType="13cdc9d9-ddb5-4fa4-a97d-d965ccfc6d4b" outcome="Passed" testListId="8c84fa94-04c1-424b-9868-57a2d4851a1d" relativeResultsDirectory="e4710a5d-3044-49f4-ac7e-f7c7e7b8cca1" />
    <UnitTestResult executionId="3b8abfc3-34eb-4b8a-aca0-d0b020c8f098" testId="e98b2cce-4dc2-3c1c-e089-8b677e23caf5" testName="Task.ServiceHosts.Tests.ClientVersionCompatibilityMiddlewareTests.SupportedClient_ContinuesAndReceivesPolicyHeaders" computerName="TIM" duration="00:00:00.0006386" startTime="2026-09-12T13:28:01.1167981+03:00" endTime="2026-09-12T13:28:01.1168240+03:00" testType="13cdc9d9-ddb5-4fa4-a97d-d965ccfc6d4b" outcome="Passed" testListId="8c84fa94-04c1-424b-9868-57a2d4851a1d" relativeResultsDirectory="3b8abfc3-34eb-4b8a-aca0-d0b020c8f098" />
    <UnitTestResult executionId="550933d2-ffb0-4545-b89c-7fc0cad471f5" testId="531adf9a-6161-fd85-07ab-a018e5199a5a" testName="Task.ServiceHosts.Tests.AuditEndpointsTests.GetAudit_ForwardsFiltersToStore" computerName="TIM" duration="00:00:00.0144868" startTime="2026-09-12T13:28:01.2782175+03:00" endTime="2026-09-12T13:28:01.2929207+03:00" testType="13cdc9d9-ddb5-4fa4-a97d-d965ccfc6d4b" outcome="Passed" testListId="8c84fa94-04c1-424b-9868-57a2d4851a1d" relativeResultsDirectory="550933d2-ffb0-4545-b89c-7fc0cad471f5" />
    <UnitTestResult executionId="d6ff9c1f-92cd-44af-8b0e-43c50b5f9db7" testId="10124827-5703-8633-9156-858d23475b20" testName="Task.ServiceHosts.Tests.SystemVersionEndpointsTests.GetSystemVersion_ExposesOnlyPublicFields" computerName="TIM" duration="00:00:00.1597487" startTime="2026-09-12T13:28:01.0503964+03:00" endTime="2026-09-12T13:28:01.2185972+03:00" testType="13cdc9d9-ddb5-4fa4-a97d-d965ccfc6d4b" outcome="Passed" testListId="8c84fa94-04c1-424b-9868-57a2d4851a1d" relativeResultsDirectory="d6ff9c1f-92cd-44af-8b0e-43c50b5f9db7" />
    <UnitTestResult executionId="5cd43c01-c073-4fce-bc05-0152c1d876dc" testId="7e13ab73-0cf9-acaa-e914-5997fcedbf00" testName="Task.ServiceHosts.Tests.AuditEndpointsTests.GetAudit_WithoutToken_Returns401" computerName="TIM" duration="00:00:00.0082596" startTime="2026-09-12T13:28:01.2930596+03:00" endTime="2026-09-12T13:28:01.3014634+03:00" testType="13cdc9d9-ddb5-4fa4-a97d-d965ccfc6d4b" outcome="Passed" testListId="8c84fa94-04c1-424b-9868-57a2d4851a1d" relativeResultsDirectory="5cd43c01-c073-4fce-bc05-0152c1d876dc" />
    <UnitTestResult executionId="d49bcb0b-d1ef-495a-897d-ae027e351cde" testId="91d1f22f-0a90-cc2c-de1a-9c9628ab5541" testName="Task.ServiceHosts.Tests.ClientVersionCompatibilityMiddlewareTests.UnsupportedClient_ReturnsStable426Problem(version: &quot;not-a-version&quot;)" computerName="TIM" duration="00:00:00.0005315" startTime="2026-09-12T13:28:01.1158418+03:00" endTime="2026-09-12T13:28:01.1158935+03:00" testType="13cdc9d9-ddb5-4fa4-a97d-d965ccfc6d4b" outcome="Passed" testListId="8c84fa94-04c1-424b-9868-57a2d4851a1d" relativeResultsDirectory="d49bcb0b-d1ef-495a-897d-ae027e351cde" />
    <UnitTestResult executionId="fda08ae2-4e2f-41a7-84a1-c6a06757ac4a" testId="39fd4a8b-514e-a72e-7eca-29409da80154" testName="Task.ServiceHosts.Tests.CapabilitiesEndpointsTests.GetAdminServerCapabilities_WithoutAdminPermission_Returns403" computerName="TIM" duration="00:00:00.0112747" startTime="2026-09-12T13:28:01.2150148+03:00" endTime="2026-09-12T13:28:01.2411822+03:00" testType="13cdc9d9-ddb5-4fa4-a97d-d965ccfc6d4b" outcome="Passed" testListId="8c84fa94-04c1-424b-9868-57a2d4851a1d" relativeResultsDirectory="fda08ae2-4e2f-41a7-84a1-c6a06757ac4a" />
    <UnitTestResult executionId="92f0d933-4d73-4e7d-87e6-24a5edc95559" testId="6fcf41a3-4004-8701-7867-333c59f7c6ac" testName="Task.ServiceHosts.Tests.AuditEndpointsTests.GetAudit_WhenFromAfterTo_Returns422" computerName="TIM" duration="00:00:00.0352410" startTime="2026-09-12T13:28:01.2413723+03:00" endTime="2026-09-12T13:28:01.2692459+03:00" testType="13cdc9d9-ddb5-4fa4-a97d-d965ccfc6d4b" outcome="Passed" testListId="8c84fa94-04c1-424b-9868-57a2d4851a1d" relativeResultsDirectory="92f0d933-4d73-4e7d-87e6-24a5edc95559" />
    <UnitTestResult executionId="b5c6c8a0-3be1-4ccd-896e-179014a7b478" testId="1a125add-e6a8-c21b-8486-857634ba2a49" testName="Task.ServiceHosts.Tests.SystemVersionEndpointsTests.GetSystemVersion_ServiceNotRegistered_Returns503" computerName="TIM" duration="00:00:00.0099921" startTime="2026-09-12T13:28:01.2414882+03:00" endTime="2026-09-12T13:28:01.2480869+03:00" testType="13cdc9d9-ddb5-4fa4-a97d-d965ccfc6d4b" outcome="Passed" testListId="8c84fa94-04c1-424b-9868-57a2d4851a1d" relativeResultsDirectory="b5c6c8a0-3be1-4ccd-896e-179014a7b478" />
    <UnitTestResult executionId="4c55d7ad-138b-4093-b8d1-d0df4a5f779f" testId="20b71f8c-6b50-845a-54ce-03aa864a0030" testName="Task.ServiceHosts.Tests.AuditEndpointsTests.GetAudit_WhenQueryIsInvalid_Returns422ValidationProblem(query: &quot;?to=2026-01-01&quot;)" computerName="TIM" duration="00:00:00.0086426" startTime="2026-09-12T13:28:01.3122877+03:00" endTime="2026-09-12T13:28:01.3211683+03:00" testType="13cdc9d9-ddb5-4fa4-a97d-d965ccfc6d4b" outcome="Passed" testListId="8c84fa94-04c1-424b-9868-57a2d4851a1d" relativeResultsDirectory="4c55d7ad-138b-4093-b8d1-d0df4a5f779f" />
    <UnitTestResult executionId="fb3e8ba3-07f1-43df-ae4c-8b131418efb9" testId="01ecff95-fa82-3509-cf15-9349d7ca0df4" testName="Task.ServiceHosts.Tests.CapabilitiesEndpointsTests.GetCapabilities_WithValidToken_Returns200_WithExpectedFields" computerName="TIM" duration="00:00:00.0124446" startTime="2026-09-12T13:28:01.2414324+03:00" endTime="2026-09-12T13:28:01.2493847+03:00" testType="13cdc9d9-ddb5-4fa4-a97d-d965ccfc6d4b" outcome="Passed" testListId="8c84fa94-04c1-424b-9868-57a2d4851a1d" relativeResultsDirectory="fb3e8ba3-07f1-43df-ae4c-8b131418efb9" />
    <UnitTestResult executionId="ee881eac-6ea2-41f0-9faf-ec74d79190f7" testId="0e923f9b-62b3-5373-caca-e9057bbc0484" testName="Task.ServiceHosts.Tests.AuditEndpointsTests.GetAudit_ResponseItemExposesOnlySafeFields" computerName="TIM" duration="00:00:00.1629670" startTime="2026-09-12T13:28:01.0504108+03:00" endTime="2026-09-12T13:28:01.2409062+03:00" testType="13cdc9d9-ddb5-4fa4-a97d-d965ccfc6d4b" outcome="Passed" testListId="8c84fa94-04c1-424b-9868-57a2d4851a1d" relativeResultsDirectory="ee881eac-6ea2-41f0-9faf-ec74d79190f7" />
    <UnitTestResult executionId="237f043f-fe50-4d5e-a3d6-adeeb6d4ea84" testId="416accae-19f6-04b3-7a21-5bdae131458b" testName="Task.ServiceHosts.Tests.AuditEndpointsTests.GetAudit_WhenQueryIsInvalid_Returns422ValidationProblem(query: &quot;?pageSize=201&quot;)" computerName="TIM" duration="00:00:00.0146625" startTime="2026-09-12T13:28:01.3213385+03:00" endTime="2026-09-12T13:28:01.3361366+03:00" testType="13cdc9d9-ddb5-4fa4-a97d-d965ccfc6d4b" outcome="Passed" testListId="8c84fa94-04c1-424b-9868-57a2d4851a1d" relativeResultsDirectory="237f043f-fe50-4d5e-a3d6-adeeb6d4ea84" />
    <UnitTestResult executionId="a45c7531-e151-497b-a470-6ef07f2f439b" testId="dc9cb35f-6f42-7a3d-a6f6-85b01003ca4e" testName="Task.ServiceHosts.Tests.ClientVersionCompatibilityMiddlewareTests.NonDesktopRequestWithoutHeader_RemainsCompatible" computerName="TIM" duration="00:00:00.0005379" startTime="2026-09-12T13:28:01.1169029+03:00" endTime="2026-09-12T13:28:01.1169238+03:00" testType="13cdc9d9-ddb5-4fa4-a97d-d965ccfc6d4b" outcome="Passed" testListId="8c84fa94-04c1-424b-9868-57a2d4851a1d" relativeResultsDirectory="a45c7531-e151-497b-a470-6ef07f2f439b" />
    <UnitTestResult executionId="003aecfb-b5ea-4ec9-8427-8af84345e58e" testId="2407155d-20b2-3f56-8bde-75ec6ae45455" testName="Task.ServiceHosts.Tests.AuditEndpointsTests.GetAudit_WithPermission_Returns200_WithExpectedShape" computerName="TIM" duration="00:00:00.0103920" startTime="2026-09-12T13:28:01.3015719+03:00" endTime="2026-09-12T13:28:01.3121688+03:00" testType="13cdc9d9-ddb5-4fa4-a97d-d965ccfc6d4b" outcome="Passed" testListId="8c84fa94-04c1-424b-9868-57a2d4851a1d" relativeResultsDirectory="003aecfb-b5ea-4ec9-8427-8af84345e58e" />
    <UnitTestResult executionId="2f417559-575f-41c5-bd31-b2ec7a3a8294" testId="587e9891-9b1a-a3da-a25a-c820f6d58477" testName="Task.ServiceHosts.Tests.AuditEndpointsTests.GetAudit_WhenQueryIsInvalid_Returns422ValidationProblem(query: &quot;?from=not-a-date&quot;)" computerName="TIM" duration="00:00:00.0075266" startTime="2026-09-12T13:28:01.3447322+03:00" endTime="2026-09-12T13:28:01.3524612+03:00" testType="13cdc9d9-ddb5-4fa4-a97d-d965ccfc6d4b" outcome="Passed" testListId="8c84fa94-04c1-424b-9868-57a2d4851a1d" relativeResultsDirectory="2f417559-575f-41c5-bd31-b2ec7a3a8294" />
    <UnitTestResult executionId="3d983811-102a-451a-af9d-4e4211126508" testId="d33d8c6e-9249-a75d-929e-d2d7b38451ac" testName="Task.ServiceHosts.Tests.CapabilitiesEndpointsTests.GetCapabilities_WithoutToken_Returns401" computerName="TIM" duration="00:00:00.1390810" startTime="2026-09-12T13:28:01.0503593+03:00" endTime="2026-09-12T13:28:01.1993920+03:00" testType="13cdc9d9-ddb5-4fa4-a97d-d965ccfc6d4b" outcome="Passed" testListId="8c84fa94-04c1-424b-9868-57a2d4851a1d" relativeResultsDirectory="3d983811-102a-451a-af9d-4e4211126508" />
    <UnitTestResult executionId="942fc434-ad52-4f50-b943-1b9c25d08960" testId="cbe74165-8373-a878-ca61-f9ee11a58fe0" testName="Task.ServiceHosts.Tests.CapabilitiesEndpointsTests.GetAdminServerCapabilities_WithAdminPermission_Returns200" computerName="TIM" duration="00:00:00.0096548" startTime="2026-09-12T13:28:01.2412448+03:00" endTime="2026-09-12T13:28:01.2413898+03:00" testType="13cdc9d9-ddb5-4fa4-a97d-d965ccfc6d4b" outcome="Passed" testListId="8c84fa94-04c1-424b-9868-57a2d4851a1d" relativeResultsDirectory="942fc434-ad52-4f50-b943-1b9c25d08960" />
    <UnitTestResult executionId="1d88b458-c7a4-4abe-bab4-7b214ca0c4b8" testId="ca35c579-0db2-721e-e918-944d176b7acc" testName="Task.ServiceHosts.Tests.AuditEndpointsTests.GetAudit_WhenQueryIsInvalid_Returns422ValidationProblem(query: &quot;?pageSize=not-a-number&quot;)" computerName="TIM" duration="00:00:00.0082337" startTime="2026-09-12T13:28:01.3362502+03:00" endTime="2026-09-12T13:28:01.3446244+03:00" testType="13cdc9d9-ddb5-4fa4-a97d-d965ccfc6d4b" outcome="Passed" testListId="8c84fa94-04c1-424b-9868-57a2d4851a1d" relativeResultsDirectory="1d88b458-c7a4-4abe-bab4-7b214ca0c4b8" />
  </Results>
  <TestDefinitions>
    <UnitTest name="Task.ServiceHosts.Tests.AuditEndpointsTests.GetAudit_ReturnsObjectIdentity_WhenEntryHasOne" storage="c:\users\novik\таск\work\production\tests\task.servicehosts.tests\bin\release\net10.0\task.servicehosts.tests.dll" id="ab64618c-7b73-3628-d876-ac3ef33d7050">
      <Execution id="43acdd91-761f-46e0-b070-08f293ff8227" />
      <TestMethod codeBase="C:\Users\novik\Таск\work\production\tests\Task.ServiceHosts.Tests\bin\Release\net10.0\Task.ServiceHosts.Tests.dll" adapterTypeName="executor://xunit/VsTestRunner3/netcore/" className="Task.ServiceHosts.Tests.AuditEndpointsTests" name="GetAudit_ReturnsObjectIdentity_WhenEntryHasOne" />
    </UnitTest>
    <UnitTest name="Task.ServiceHosts.Tests.AuditEndpointsTests.GetAudit_WhenActorOrObjectIsInvalid_Returns422(query: &quot;?object=not-a-guid&quot;)" storage="c:\users\novik\таск\work\production\tests\task.servicehosts.tests\bin\release\net10.0\task.servicehosts.tests.dll" id="5d313955-45f6-7ca0-bdb9-32fb8ad2b895">
      <Execution id="e4710a5d-3044-49f4-ac7e-f7c7e7b8cca1" />
      <TestMethod codeBase="C:\Users\novik\Таск\work\production\tests\Task.ServiceHosts.Tests\bin\Release\net10.0\Task.ServiceHosts.Tests.dll" adapterTypeName="executor://xunit/VsTestRunner3/netcore/" className="Task.ServiceHosts.Tests.AuditEndpointsTests" name="GetAudit_WhenActorOrObjectIsInvalid_Returns422" />
    </UnitTest>
    <UnitTest name="Task.ServiceHosts.Tests.AuditEndpointsTests.GetAudit_WithTokenWithoutPermission_Returns403" storage="c:\users\novik\таск\work\production\tests\task.servicehosts.tests\bin\release\net10.0\task.servicehosts.tests.dll" id="2dce0a4d-2a53-a681-694e-cac21a2f56cf">
      <Execution id="2b4ad688-0f15-408a-8d56-9e15a7e580f5" />
      <TestMethod codeBase="C:\Users\novik\Таск\work\production\tests\Task.ServiceHosts.Tests\bin\Release\net10.0\Task.ServiceHosts.Tests.dll" adapterTypeName="executor://xunit/VsTestRunner3/netcore/" className="Task.ServiceHosts.Tests.AuditEndpointsTests" name="GetAudit_WithTokenWithoutPermission_Returns403" />
    </UnitTest>
    <UnitTest name="Task.ServiceHosts.Tests.CapabilitiesEndpointsTests.GetCapabilities_ServiceNotRegistered_Returns503" storage="c:\users\novik\таск\work\production\tests\task.servicehosts.tests\bin\release\net10.0\task.servicehosts.tests.dll" id="7e82091b-13e7-6588-0ee6-7abda49008d1">
      <Execution id="906a2801-15ab-4f5e-9ffc-b94d19a6e064" />
      <TestMethod codeBase="C:\Users\novik\Таск\work\production\tests\Task.ServiceHosts.Tests\bin\Release\net10.0\Task.ServiceHosts.Tests.dll" adapterTypeName="executor://xunit/VsTestRunner3/netcore/" className="Task.ServiceHosts.Tests.CapabilitiesEndpointsTests" name="GetCapabilities_ServiceNotRegistered_Returns503" />
    </UnitTest>
    <UnitTest name="Task.ServiceHosts.Tests.AuditEndpointsTests.GetAudit_WhenActorOrObjectIsInvalid_Returns422(query: &quot;?actor=not-a-guid&quot;)" storage="c:\users\novik\таск\work\production\tests\task.servicehosts.tests\bin\release\net10.0\task.servicehosts.tests.dll" id="ef353bb6-a5b9-4a69-2fd0-3551edca32c3">
      <Execution id="2465112e-e45a-4f65-bf2d-8f8427dafe1b" />
      <TestMethod codeBase="C:\Users\novik\Таск\work\production\tests\Task.ServiceHosts.Tests\bin\Release\net10.0\Task.ServiceHosts.Tests.dll" adapterTypeName="executor://xunit/VsTestRunner3/netcore/" className="Task.ServiceHosts.Tests.AuditEndpointsTests" name="GetAudit_WhenActorOrObjectIsInvalid_Returns422" />
    </UnitTest>
    <UnitTest name="Task.ServiceHosts.Tests.AuditEndpointsTests.GetAudit_WhenFromAfterTo_Returns422" storage="c:\users\novik\таск\work\production\tests\task.servicehosts.tests\bin\release\net10.0\task.servicehosts.tests.dll" id="6fcf41a3-4004-8701-7867-333c59f7c6ac">
      <Execution id="92f0d933-4d73-4e7d-87e6-24a5edc95559" />
      <TestMethod codeBase="C:\Users\novik\Таск\work\production\tests\Task.ServiceHosts.Tests\bin\Release\net10.0\Task.ServiceHosts.Tests.dll" adapterTypeName="executor://xunit/VsTestRunner3/netcore/" className="Task.ServiceHosts.Tests.AuditEndpointsTests" name="GetAudit_WhenFromAfterTo_Returns422" />
    </UnitTest>
    <UnitTest name="Task.ServiceHosts.Tests.CapabilitiesEndpointsTests.GetAdminServerCapabilities_WithAdminPermission_Returns200" storage="c:\users\novik\таск\work\production\tests\task.servicehosts.tests\bin\release\net10.0\task.servicehosts.tests.dll" id="cbe74165-8373-a878-ca61-f9ee11a58fe0">
      <Execution id="942fc434-ad52-4f50-b943-1b9c25d08960" />
      <TestMethod codeBase="C:\Users\novik\Таск\work\production\tests\Task.ServiceHosts.Tests\bin\Release\net10.0\Task.ServiceHosts.Tests.dll" adapterTypeName="executor://xunit/VsTestRunner3/netcore/" className="Task.ServiceHosts.Tests.CapabilitiesEndpointsTests" name="GetAdminServerCapabilities_WithAdminPermission_Returns200" />
    </UnitTest>
    <UnitTest name="Task.ServiceHosts.Tests.AuditEndpointsTests.GetAudit_WithoutStore_Returns503" storage="c:\users\novik\таск\work\production\tests\task.servicehosts.tests\bin\release\net10.0\task.servicehosts.tests.dll" id="7007e8c0-8755-3923-d3f0-465622d22f0a">
      <Execution id="7f5cbe53-f730-430d-86c3-724a3aab8138" />
      <TestMethod codeBase="C:\Users\novik\Таск\work\production\tests\Task.ServiceHosts.Tests\bin\Release\net10.0\Task.ServiceHosts.Tests.dll" adapterTypeName="executor://xunit/VsTestRunner3/netcore/" className="Task.ServiceHosts.Tests.AuditEndpointsTests" name="GetAudit_WithoutStore_Returns503" />
    </UnitTest>
    <UnitTest name="Task.ServiceHosts.Tests.AuditEndpointsTests.GetAudit_WhenQueryIsInvalid_Returns422ValidationProblem(query: &quot;?pageSize=201&quot;)" storage="c:\users\novik\таск\work\production\tests\task.servicehosts.tests\bin\release\net10.0\task.servicehosts.tests.dll" id="416accae-19f6-04b3-7a21-5bdae131458b">
      <Execution id="237f043f-fe50-4d5e-a3d6-adeeb6d4ea84" />
      <TestMethod codeBase="C:\Users\novik\Таск\work\production\tests\Task.ServiceHosts.Tests\bin\Release\net10.0\Task.ServiceHosts.Tests.dll" adapterTypeName="executor://xunit/VsTestRunner3/netcore/" className="Task.ServiceHosts.Tests.AuditEndpointsTests" name="GetAudit_WhenQueryIsInvalid_Returns422ValidationProblem" />
    </UnitTest>
    <UnitTest name="Task.ServiceHosts.Tests.SystemVersionEndpointsTests.GetSystemVersion_ExposesOnlyPublicFields" storage="c:\users\novik\таск\work\production\tests\task.servicehosts.tests\bin\release\net10.0\task.servicehosts.tests.dll" id="10124827-5703-8633-9156-858d23475b20">
      <Execution id="d6ff9c1f-92cd-44af-8b0e-43c50b5f9db7" />
      <TestMethod codeBase="C:\Users\novik\Таск\work\production\tests\Task.ServiceHosts.Tests\bin\Release\net10.0\Task.ServiceHosts.Tests.dll" adapterTypeName="executor://xunit/VsTestRunner3/netcore/" className="Task.ServiceHosts.Tests.SystemVersionEndpointsTests" name="GetSystemVersion_ExposesOnlyPublicFields" />
    </UnitTest>
    <UnitTest name="Task.ServiceHosts.Tests.ClientVersionCompatibilityMiddlewareTests.UnsupportedClient_ReturnsStable426Problem(version: &quot;1.9.9&quot;)" storage="c:\users\novik\таск\work\production\tests\task.servicehosts.tests\bin\release\net10.0\task.servicehosts.tests.dll" id="b2f6035b-6424-1755-d407-d17f1cc856d8">
      <Execution id="3f11f646-48df-463c-a32b-0448d2093968" />
      <TestMethod codeBase="C:\Users\novik\Таск\work\production\tests\Task.ServiceHosts.Tests\bin\Release\net10.0\Task.ServiceHosts.Tests.dll" adapterTypeName="executor://xunit/VsTestRunner3/netcore/" className="Task.ServiceHosts.Tests.ClientVersionCompatibilityMiddlewareTests" name="UnsupportedClient_ReturnsStable426Problem" />
    </UnitTest>
    <UnitTest name="Task.ServiceHosts.Tests.AuditEndpointsTests.GetAudit_WhenQueryIsInvalid_Returns422ValidationProblem(query: &quot;?from=not-a-date&quot;)" storage="c:\users\novik\таск\work\production\tests\task.servicehosts.tests\bin\release\net10.0\task.servicehosts.tests.dll" id="587e9891-9b1a-a3da-a25a-c820f6d58477">
      <Execution id="2f417559-575f-41c5-bd31-b2ec7a3a8294" />
      <TestMethod codeBase="C:\Users\novik\Таск\work\production\tests\Task.ServiceHosts.Tests\bin\Release\net10.0\Task.ServiceHosts.Tests.dll" adapterTypeName="executor://xunit/VsTestRunner3/netcore/" className="Task.ServiceHosts.Tests.AuditEndpointsTests" name="GetAudit_WhenQueryIsInvalid_Returns422ValidationProblem" />
    </UnitTest>
    <UnitTest name="Task.ServiceHosts.Tests.ClientVersionCompatibilityMiddlewareTests.NonDesktopRequestWithoutHeader_RemainsCompatible" storage="c:\users\novik\таск\work\production\tests\task.servicehosts.tests\bin\release\net10.0\task.servicehosts.tests.dll" id="dc9cb35f-6f42-7a3d-a6f6-85b01003ca4e">
      <Execution id="a45c7531-e151-497b-a470-6ef07f2f439b" />
      <TestMethod codeBase="C:\Users\novik\Таск\work\production\tests\Task.ServiceHosts.Tests\bin\Release\net10.0\Task.ServiceHosts.Tests.dll" adapterTypeName="executor://xunit/VsTestRunner3/netcore/" className="Task.ServiceHosts.Tests.ClientVersionCompatibilityMiddlewareTests" name="NonDesktopRequestWithoutHeader_RemainsCompatible" />
    </UnitTest>
    <UnitTest name="Task.ServiceHosts.Tests.AuditEndpointsTests.GetAudit_WithoutToken_Returns401" storage="c:\users\novik\таск\work\production\tests\task.servicehosts.tests\bin\release\net10.0\task.servicehosts.tests.dll" id="7e13ab73-0cf9-acaa-e914-5997fcedbf00">
      <Execution id="5cd43c01-c073-4fce-bc05-0152c1d876dc" />
      <TestMethod codeBase="C:\Users\novik\Таск\work\production\tests\Task.ServiceHosts.Tests\bin\Release\net10.0\Task.ServiceHosts.Tests.dll" adapterTypeName="executor://xunit/VsTestRunner3/netcore/" className="Task.ServiceHosts.Tests.AuditEndpointsTests" name="GetAudit_WithoutToken_Returns401" />
    </UnitTest>
    <UnitTest name="Task.ServiceHosts.Tests.SystemVersionEndpointsTests.GetSystemVersion_ServiceNotRegistered_Returns503" storage="c:\users\novik\таск\work\production\tests\task.servicehosts.tests\bin\release\net10.0\task.servicehosts.tests.dll" id="1a125add-e6a8-c21b-8486-857634ba2a49">
      <Execution id="b5c6c8a0-3be1-4ccd-896e-179014a7b478" />
      <TestMethod codeBase="C:\Users\novik\Таск\work\production\tests\Task.ServiceHosts.Tests\bin\Release\net10.0\Task.ServiceHosts.Tests.dll" adapterTypeName="executor://xunit/VsTestRunner3/netcore/" className="Task.ServiceHosts.Tests.SystemVersionEndpointsTests" name="GetSystemVersion_ServiceNotRegistered_Returns503" />
    </UnitTest>
    <UnitTest name="Task.ServiceHosts.Tests.SystemVersionEndpointsTests.GetSystemVersion_WithoutToken_Returns401" storage="c:\users\novik\таск\work\production\tests\task.servicehosts.tests\bin\release\net10.0\task.servicehosts.tests.dll" id="5681db7b-2ca6-33a9-4cb2-b4d8a2d87d2c">
      <Execution id="52df7539-2ca4-4f7b-98a5-617a899bb246" />
      <TestMethod codeBase="C:\Users\novik\Таск\work\production\tests\Task.ServiceHosts.Tests\bin\Release\net10.0\Task.ServiceHosts.Tests.dll" adapterTypeName="executor://xunit/VsTestRunner3/netcore/" className="Task.ServiceHosts.Tests.SystemVersionEndpointsTests" name="GetSystemVersion_WithoutToken_Returns401" />
    </UnitTest>
    <UnitTest name="Task.ServiceHosts.Tests.CapabilitiesEndpointsTests.GetCapabilities_WithValidToken_Returns200_WithExpectedFields" storage="c:\users\novik\таск\work\production\tests\task.servicehosts.tests\bin\release\net10.0\task.servicehosts.tests.dll" id="01ecff95-fa82-3509-cf15-9349d7ca0df4">
      <Execution id="fb3e8ba3-07f1-43df-ae4c-8b131418efb9" />
      <TestMethod codeBase="C:\Users\novik\Таск\work\production\tests\Task.ServiceHosts.Tests\bin\Release\net10.0\Task.ServiceHosts.Tests.dll" adapterTypeName="executor://xunit/VsTestRunner3/netcore/" className="Task.ServiceHosts.Tests.CapabilitiesEndpointsTests" name="GetCapabilities_WithValidToken_Returns200_WithExpectedFields" />
    </UnitTest>
    <UnitTest name="Task.ServiceHosts.Tests.AuditEndpointsTests.GetAudit_ResponseItemExposesOnlySafeFields" storage="c:\users\novik\таск\work\production\tests\task.servicehosts.tests\bin\release\net10.0\task.servicehosts.tests.dll" id="0e923f9b-62b3-5373-caca-e9057bbc0484">
      <Execution id="ee881eac-6ea2-41f0-9faf-ec74d79190f7" />
      <TestMethod codeBase="C:\Users\novik\Таск\work\production\tests\Task.ServiceHosts.Tests\bin\Release\net10.0\Task.ServiceHosts.Tests.dll" adapterTypeName="executor://xunit/VsTestRunner3/netcore/" className="Task.ServiceHosts.Tests.AuditEndpointsTests" name="GetAudit_ResponseItemExposesOnlySafeFields" />
    </UnitTest>
    <UnitTest name="Task.ServiceHosts.Tests.ClientVersionCompatibilityMiddlewareTests.SupportedClient_ContinuesAndReceivesPolicyHeaders" storage="c:\users\novik\таск\work\production\tests\task.servicehosts.tests\bin\release\net10.0\task.servicehosts.tests.dll" id="e98b2cce-4dc2-3c1c-e089-8b677e23caf5">
      <Execution id="3b8abfc3-34eb-4b8a-aca0-d0b020c8f098" />
      <TestMethod codeBase="C:\Users\novik\Таск\work\production\tests\Task.ServiceHosts.Tests\bin\Release\net10.0\Task.ServiceHosts.Tests.dll" adapterTypeName="executor://xunit/VsTestRunner3/netcore/" className="Task.ServiceHosts.Tests.ClientVersionCompatibilityMiddlewareTests" name="SupportedClient_ContinuesAndReceivesPolicyHeaders" />
    </UnitTest>
    <UnitTest name="Task.ServiceHosts.Tests.ClientVersionCompatibilityMiddlewareTests.UnsupportedClient_ReturnsStable426Problem(version: &quot;not-a-version&quot;)" storage="c:\users\novik\таск\work\production\tests\task.servicehosts.tests\bin\release\net10.0\task.servicehosts.tests.dll" id="91d1f22f-0a90-cc2c-de1a-9c9628ab5541">
      <Execution id="d49bcb0b-d1ef-495a-897d-ae027e351cde" />
      <TestMethod codeBase="C:\Users\novik\Таск\work\production\tests\Task.ServiceHosts.Tests\bin\Release\net10.0\Task.ServiceHosts.Tests.dll" adapterTypeName="executor://xunit/VsTestRunner3/netcore/" className="Task.ServiceHosts.Tests.ClientVersionCompatibilityMiddlewareTests" name="UnsupportedClient_ReturnsStable426Problem" />
    </UnitTest>
    <UnitTest name="Task.ServiceHosts.Tests.AuditEndpointsTests.GetAudit_ForwardsFiltersToStore" storage="c:\users\novik\таск\work\production\tests\task.servicehosts.tests\bin\release\net10.0\task.servicehosts.tests.dll" id="531adf9a-6161-fd85-07ab-a018e5199a5a">
      <Execution id="550933d2-ffb0-4545-b89c-7fc0cad471f5" />
      <TestMethod codeBase="C:\Users\novik\Таск\work\production\tests\Task.ServiceHosts.Tests\bin\Release\net10.0\Task.ServiceHosts.Tests.dll" adapterTypeName="executor://xunit/VsTestRunner3/netcore/" className="Task.ServiceHosts.Tests.AuditEndpointsTests" name="GetAudit_ForwardsFiltersToStore" />
    </UnitTest>
    <UnitTest name="Task.ServiceHosts.Tests.SystemVersionEndpointsTests.GetSystemVersion_WithToken_ReturnsCanonicalFields" storage="c:\users\novik\таск\work\production\tests\task.servicehosts.tests\bin\release\net10.0\task.servicehosts.tests.dll" id="1f25bac0-977c-c3fa-994c-cac8ea756474">
      <Execution id="e37a5386-87da-45b0-ad8b-377c449e0287" />
      <TestMethod codeBase="C:\Users\novik\Таск\work\production\tests\Task.ServiceHosts.Tests\bin\Release\net10.0\Task.ServiceHosts.Tests.dll" adapterTypeName="executor://xunit/VsTestRunner3/netcore/" className="Task.ServiceHosts.Tests.SystemVersionEndpointsTests" name="GetSystemVersion_WithToken_ReturnsCanonicalFields" />
    </UnitTest>
    <UnitTest name="Task.ServiceHosts.Tests.AuditEndpointsTests.GetAudit_WhenQueryIsInvalid_Returns422ValidationProblem(query: &quot;?to=2026-01-01&quot;)" storage="c:\users\novik\таск\work\production\tests\task.servicehosts.tests\bin\release\net10.0\task.servicehosts.tests.dll" id="20b71f8c-6b50-845a-54ce-03aa864a0030">
      <Execution id="4c55d7ad-138b-4093-b8d1-d0df4a5f779f" />
      <TestMethod codeBase="C:\Users\novik\Таск\work\production\tests\Task.ServiceHosts.Tests\bin\Release\net10.0\Task.ServiceHosts.Tests.dll" adapterTypeName="executor://xunit/VsTestRunner3/netcore/" className="Task.ServiceHosts.Tests.AuditEndpointsTests" name="GetAudit_WhenQueryIsInvalid_Returns422ValidationProblem" />
    </UnitTest>
    <UnitTest name="Task.ServiceHosts.Tests.AuditEndpointsTests.GetAudit_WithPermission_Returns200_WithExpectedShape" storage="c:\users\novik\таск\work\production\tests\task.servicehosts.tests\bin\release\net10.0\task.servicehosts.tests.dll" id="2407155d-20b2-3f56-8bde-75ec6ae45455">
      <Execution id="003aecfb-b5ea-4ec9-8427-8af84345e58e" />
      <TestMethod codeBase="C:\Users\novik\Таск\work\production\tests\Task.ServiceHosts.Tests\bin\Release\net10.0\Task.ServiceHosts.Tests.dll" adapterTypeName="executor://xunit/VsTestRunner3/netcore/" className="Task.ServiceHosts.Tests.AuditEndpointsTests" name="GetAudit_WithPermission_Returns200_WithExpectedShape" />
    </UnitTest>
    <UnitTest name="Task.ServiceHosts.Tests.CapabilitiesEndpointsTests.GetCapabilities_WithoutToken_Returns401" storage="c:\users\novik\таск\work\production\tests\task.servicehosts.tests\bin\release\net10.0\task.servicehosts.tests.dll" id="d33d8c6e-9249-a75d-929e-d2d7b38451ac">
      <Execution id="3d983811-102a-451a-af9d-4e4211126508" />
      <TestMethod codeBase="C:\Users\novik\Таск\work\production\tests\Task.ServiceHosts.Tests\bin\Release\net10.0\Task.ServiceHosts.Tests.dll" adapterTypeName="executor://xunit/VsTestRunner3/netcore/" className="Task.ServiceHosts.Tests.CapabilitiesEndpointsTests" name="GetCapabilities_WithoutToken_Returns401" />
    </UnitTest>
    <UnitTest name="Task.ServiceHosts.Tests.AuditEndpointsTests.GetAudit_WhenQueryIsInvalid_Returns422ValidationProblem(query: &quot;?pageSize=not-a-number&quot;)" storage="c:\users\novik\таск\work\production\tests\task.servicehosts.tests\bin\release\net10.0\task.servicehosts.tests.dll" id="ca35c579-0db2-721e-e918-944d176b7acc">
      <Execution id="1d88b458-c7a4-4abe-bab4-7b214ca0c4b8" />
      <TestMethod codeBase="C:\Users\novik\Таск\work\production\tests\Task.ServiceHosts.Tests\bin\Release\net10.0\Task.ServiceHosts.Tests.dll" adapterTypeName="executor://xunit/VsTestRunner3/netcore/" className="Task.ServiceHosts.Tests.AuditEndpointsTests" name="GetAudit_WhenQueryIsInvalid_Returns422ValidationProblem" />
    </UnitTest>
    <UnitTest name="Task.ServiceHosts.Tests.CapabilitiesEndpointsTests.GetAdminServerCapabilities_WithoutAdminPermission_Returns403" storage="c:\users\novik\таск\work\production\tests\task.servicehosts.tests\bin\release\net10.0\task.servicehosts.tests.dll" id="39fd4a8b-514e-a72e-7eca-29409da80154">
      <Execution id="fda08ae2-4e2f-41a7-84a1-c6a06757ac4a" />
      <TestMethod codeBase="C:\Users\novik\Таск\work\production\tests\Task.ServiceHosts.Tests\bin\Release\net10.0\Task.ServiceHosts.Tests.dll" adapterTypeName="executor://xunit/VsTestRunner3/netcore/" className="Task.ServiceHosts.Tests.CapabilitiesEndpointsTests" name="GetAdminServerCapabilities_WithoutAdminPermission_Returns403" />
    </UnitTest>
  </TestDefinitions>
  <TestEntries>
    <TestEntry testId="ef353bb6-a5b9-4a69-2fd0-3551edca32c3" executionId="2465112e-e45a-4f65-bf2d-8f8427dafe1b" testListId="8c84fa94-04c1-424b-9868-57a2d4851a1d" />
    <TestEntry testId="7e82091b-13e7-6588-0ee6-7abda49008d1" executionId="906a2801-15ab-4f5e-9ffc-b94d19a6e064" testListId="8c84fa94-04c1-424b-9868-57a2d4851a1d" />
    <TestEntry testId="2dce0a4d-2a53-a681-694e-cac21a2f56cf" executionId="2b4ad688-0f15-408a-8d56-9e15a7e580f5" testListId="8c84fa94-04c1-424b-9868-57a2d4851a1d" />
    <TestEntry testId="ab64618c-7b73-3628-d876-ac3ef33d7050" executionId="43acdd91-761f-46e0-b070-08f293ff8227" testListId="8c84fa94-04c1-424b-9868-57a2d4851a1d" />
    <TestEntry testId="1f25bac0-977c-c3fa-994c-cac8ea756474" executionId="e37a5386-87da-45b0-ad8b-377c449e0287" testListId="8c84fa94-04c1-424b-9868-57a2d4851a1d" />
    <TestEntry testId="b2f6035b-6424-1755-d407-d17f1cc856d8" executionId="3f11f646-48df-463c-a32b-0448d2093968" testListId="8c84fa94-04c1-424b-9868-57a2d4851a1d" />
    <TestEntry testId="5681db7b-2ca6-33a9-4cb2-b4d8a2d87d2c" executionId="52df7539-2ca4-4f7b-98a5-617a899bb246" testListId="8c84fa94-04c1-424b-9868-57a2d4851a1d" />
    <TestEntry testId="7007e8c0-8755-3923-d3f0-465622d22f0a" executionId="7f5cbe53-f730-430d-86c3-724a3aab8138" testListId="8c84fa94-04c1-424b-9868-57a2d4851a1d" />
    <TestEntry testId="5d313955-45f6-7ca0-bdb9-32fb8ad2b895" executionId="e4710a5d-3044-49f4-ac7e-f7c7e7b8cca1" testListId="8c84fa94-04c1-424b-9868-57a2d4851a1d" />
    <TestEntry testId="e98b2cce-4dc2-3c1c-e089-8b677e23caf5" executionId="3b8abfc3-34eb-4b8a-aca0-d0b020c8f098" testListId="8c84fa94-04c1-424b-9868-57a2d4851a1d" />
    <TestEntry testId="531adf9a-6161-fd85-07ab-a018e5199a5a" executionId="550933d2-ffb0-4545-b89c-7fc0cad471f5" testListId="8c84fa94-04c1-424b-9868-57a2d4851a1d" />
    <TestEntry testId="10124827-5703-8633-9156-858d23475b20" executionId="d6ff9c1f-92cd-44af-8b0e-43c50b5f9db7" testListId="8c84fa94-04c1-424b-9868-57a2d4851a1d" />
    <TestEntry testId="7e13ab73-0cf9-acaa-e914-5997fcedbf00" executionId="5cd43c01-c073-4fce-bc05-0152c1d876dc" testListId="8c84fa94-04c1-424b-9868-57a2d4851a1d" />
    <TestEntry testId="91d1f22f-0a90-cc2c-de1a-9c9628ab5541" executionId="d49bcb0b-d1ef-495a-897d-ae027e351cde" testListId="8c84fa94-04c1-424b-9868-57a2d4851a1d" />
    <TestEntry testId="39fd4a8b-514e-a72e-7eca-29409da80154" executionId="fda08ae2-4e2f-41a7-84a1-c6a06757ac4a" testListId="8c84fa94-04c1-424b-9868-57a2d4851a1d" />
    <TestEntry testId="6fcf41a3-4004-8701-7867-333c59f7c6ac" executionId="92f0d933-4d73-4e7d-87e6-24a5edc95559" testListId="8c84fa94-04c1-424b-9868-57a2d4851a1d" />
    <TestEntry testId="1a125add-e6a8-c21b-8486-857634ba2a49" executionId="b5c6c8a0-3be1-4ccd-896e-179014a7b478" testListId="8c84fa94-04c1-424b-9868-57a2d4851a1d" />
    <TestEntry testId="20b71f8c-6b50-845a-54ce-03aa864a0030" executionId="4c55d7ad-138b-4093-b8d1-d0df4a5f779f" testListId="8c84fa94-04c1-424b-9868-57a2d4851a1d" />
    <TestEntry testId="01ecff95-fa82-3509-cf15-9349d7ca0df4" executionId="fb3e8ba3-07f1-43df-ae4c-8b131418efb9" testListId="8c84fa94-04c1-424b-9868-57a2d4851a1d" />
    <TestEntry testId="0e923f9b-62b3-5373-caca-e9057bbc0484" executionId="ee881eac-6ea2-41f0-9faf-ec74d79190f7" testListId="8c84fa94-04c1-424b-9868-57a2d4851a1d" />
    <TestEntry testId="416accae-19f6-04b3-7a21-5bdae131458b" executionId="237f043f-fe50-4d5e-a3d6-adeeb6d4ea84" testListId="8c84fa94-04c1-424b-9868-57a2d4851a1d" />
    <TestEntry testId="dc9cb35f-6f42-7a3d-a6f6-85b01003ca4e" executionId="a45c7531-e151-497b-a470-6ef07f2f439b" testListId="8c84fa94-04c1-424b-9868-57a2d4851a1d" />
    <TestEntry testId="2407155d-20b2-3f56-8bde-75ec6ae45455" executionId="003aecfb-b5ea-4ec9-8427-8af84345e58e" testListId="8c84fa94-04c1-424b-9868-57a2d4851a1d" />
    <TestEntry testId="587e9891-9b1a-a3da-a25a-c820f6d58477" executionId="2f417559-575f-41c5-bd31-b2ec7a3a8294" testListId="8c84fa94-04c1-424b-9868-57a2d4851a1d" />
    <TestEntry testId="d33d8c6e-9249-a75d-929e-d2d7b38451ac" executionId="3d983811-102a-451a-af9d-4e4211126508" testListId="8c84fa94-04c1-424b-9868-57a2d4851a1d" />
    <TestEntry testId="cbe74165-8373-a878-ca61-f9ee11a58fe0" executionId="942fc434-ad52-4f50-b943-1b9c25d08960" testListId="8c84fa94-04c1-424b-9868-57a2d4851a1d" />
    <TestEntry testId="ca35c579-0db2-721e-e918-944d176b7acc" executionId="1d88b458-c7a4-4abe-bab4-7b214ca0c4b8" testListId="8c84fa94-04c1-424b-9868-57a2d4851a1d" />
  </TestEntries>
  <TestLists>
    <TestList name="Список результатов" id="8c84fa94-04c1-424b-9868-57a2d4851a1d" />
    <TestList name="Все загруженные результаты" id="19431567-8539-422a-85d7-44ee4e166bda" />
  </TestLists>
  <ResultSummary outcome="Completed">
    <Counters total="27" executed="27" passed="27" failed="0" error="0" timeout="0" aborted="0" inconclusive="0" passedButRunAborted="0" notRunnable="0" notExecuted="0" disconnected="0" warning="0" completed="0" inProgress="0" pending="0" />
    <Output>
      <StdOut>[xUnit.net 00:00:00.00] xUnit.net VSTest Adapter v3.1.4+50e68bbb8b (64-bit .NET 10.0.11)&#xD;
[xUnit.net 00:00:00.07]   Discovering: Task.ServiceHosts.Tests&#xD;
[xUnit.net 00:00:00.15]   Discovered:  Task.ServiceHosts.Tests&#xD;
[xUnit.net 00:00:00.18]   Starting:    Task.ServiceHosts.Tests&#xD;
[xUnit.net 00:00:00.55]   Finished:    Task.ServiceHosts.Tests&#xD;
</StdOut>
    </Output>
  </ResultSummary>
</TestRun>