<?xml version="1.0" encoding="utf-8"?>
<TestRun id="56512073-3c37-4c65-9b4e-b244bf229680" name="novik@TIM 2026-09-11 19:30:43" runUser="TIM\novik" xmlns="http://microsoft.com/schemas/VisualStudio/TeamTest/2010">
  <Times creation="2026-09-11T19:30:43.8219700+03:00" queuing="2026-09-11T19:30:43.8219704+03:00" start="2026-09-11T19:30:42.0460314+03:00" finish="2026-09-11T19:30:43.8285156+03:00" />
  <TestSettings name="default" id="e0e0ab57-470e-4123-8525-0ffd955fec9d">
    <Deployment runDeploymentRoot="novik_TIM_2026-09-11_19_30_43" />
  </TestSettings>
  <Results>
    <UnitTestResult executionId="7cb4bba7-a97a-4cd9-abc0-229ab2fd799c" testId="7bc2afde-2ef0-be63-4390-7fb1bec9ea39" testName="Task.Desktop.Tests.WindowsUxAccessibilityTests.StartupSizing_FitsSupportedWindowsScaleMatrix(desiredWidth: 1120, desiredHeight: 700)" computerName="TIM" duration="00:00:00.0003041" startTime="2026-09-11T19:30:43.6899560+03:00" endTime="2026-09-11T19:30:43.6902181+03:00" testType="13cdc9d9-ddb5-4fa4-a97d-d965ccfc6d4b" outcome="Passed" testListId="8c84fa94-04c1-424b-9868-57a2d4851a1d" relativeResultsDirectory="7cb4bba7-a97a-4cd9-abc0-229ab2fd799c" />
    <UnitTestResult executionId="d7411727-be83-447d-85a6-4cb3798f2151" testId="489b83bd-97e4-6e53-1fed-9beb667b544e" testName="Task.Desktop.Tests.WindowsUxAccessibilityTests.PrimaryDesktopSurfaces_ExposeStableWindowsAutomationRoots" computerName="TIM" duration="00:00:00.0031410" startTime="2026-09-11T19:30:43.6917537+03:00" endTime="2026-09-11T19:30:43.6948237+03:00" testType="13cdc9d9-ddb5-4fa4-a97d-d965ccfc6d4b" outcome="Passed" testListId="8c84fa94-04c1-424b-9868-57a2d4851a1d" relativeResultsDirectory="d7411727-be83-447d-85a6-4cb3798f2151" />
    <UnitTestResult executionId="fb736c16-a80a-4e61-ad2b-b423273b53b7" testId="e686392e-e3b8-638d-11a6-2ee832a269f7" testName="Task.Desktop.Tests.WindowsUxAccessibilityTests.WindowsUxRunner_UsesAnIsolatedDesktopDataDirectory" computerName="TIM" duration="00:00:00.0013297" startTime="2026-09-11T19:30:43.6903480+03:00" endTime="2026-09-11T19:30:43.6916206+03:00" testType="13cdc9d9-ddb5-4fa4-a97d-d965ccfc6d4b" outcome="Passed" testListId="8c84fa94-04c1-424b-9868-57a2d4851a1d" relativeResultsDirectory="fb736c16-a80a-4e61-ad2b-b423273b53b7" />
    <UnitTestResult executionId="4ee92493-d235-440f-8fd5-9d58d6356b05" testId="90839013-3998-69b9-a796-6eaa0f46dee8" testName="Task.Desktop.Tests.WindowsUxAccessibilityTests.StartupSizing_FitsSupportedWindowsScaleMatrix(desiredWidth: 1200, desiredHeight: 900)" computerName="TIM" duration="00:00:00.0026545" startTime="2026-09-11T19:30:43.6872390+03:00" endTime="2026-09-11T19:30:43.6898524+03:00" testType="13cdc9d9-ddb5-4fa4-a97d-d965ccfc6d4b" outcome="Passed" testListId="8c84fa94-04c1-424b-9868-57a2d4851a1d" relativeResultsDirectory="4ee92493-d235-440f-8fd5-9d58d6356b05" />
    <UnitTestResult executionId="a8416a1e-3d81-4cc0-a11c-cf50339aa97c" testId="53057d28-aa08-de26-679c-1e0c8ad95916" testName="Task.Desktop.Tests.WindowsUxAccessibilityTests.WindowContracts_FitAtTwoHundredPercentAndExposeKeyboardHelp" computerName="TIM" duration="00:00:00.0105853" startTime="2026-09-11T19:30:43.6862332+03:00" endTime="2026-09-11T19:30:43.6871012+03:00" testType="13cdc9d9-ddb5-4fa4-a97d-d965ccfc6d4b" outcome="Passed" testListId="8c84fa94-04c1-424b-9868-57a2d4851a1d" relativeResultsDirectory="a8416a1e-3d81-4cc0-a11c-cf50339aa97c" />
    <UnitTestResult executionId="75a9022a-9b92-49e5-aa96-c1ed134629c3" testId="b55c8710-68f2-4bf2-ca8f-2e6bb8557864" testName="Task.Desktop.Tests.WindowsUxAccessibilityTests.CriticalWindowsHeadingsAndLiveRegions_AreDeclaredForScreenReaders" computerName="TIM" duration="00:00:00.0016077" startTime="2026-09-11T19:30:43.6854680+03:00" endTime="2026-09-11T19:30:43.6855416+03:00" testType="13cdc9d9-ddb5-4fa4-a97d-d965ccfc6d4b" outcome="Passed" testListId="8c84fa94-04c1-424b-9868-57a2d4851a1d" relativeResultsDirectory="75a9022a-9b92-49e5-aa96-c1ed134629c3" />
    <UnitTestResult executionId="a1efd99f-a405-4ca4-9143-730812ecf2b8" testId="02a54b5f-9a75-ae01-c8c4-b990a21353ba" testName="Task.Desktop.Tests.WindowsUxAccessibilityTests.DesktopManifest_DeclaresPerMonitorV2AndAsInvoker" computerName="TIM" duration="00:00:00.1360129" startTime="2026-09-11T19:30:43.5304547+03:00" endTime="2026-09-11T19:30:43.6746279+03:00" testType="13cdc9d9-ddb5-4fa4-a97d-d965ccfc6d4b" outcome="Passed" testListId="8c84fa94-04c1-424b-9868-57a2d4851a1d" relativeResultsDirectory="a1efd99f-a405-4ca4-9143-730812ecf2b8" />
  </Results>
  <TestDefinitions>
    <UnitTest name="Task.Desktop.Tests.WindowsUxAccessibilityTests.WindowsUxRunner_UsesAnIsolatedDesktopDataDirectory" storage="c:\users\novik\таск\work\production\tests\task.desktop.tests\bin\release\net10.0-windows\task.desktop.tests.dll" id="e686392e-e3b8-638d-11a6-2ee832a269f7">
      <Execution id="fb736c16-a80a-4e61-ad2b-b423273b53b7" />
      <TestMethod codeBase="C:\Users\novik\Таск\work\production\tests\Task.Desktop.Tests\bin\Release\net10.0-windows\Task.Desktop.Tests.dll" adapterTypeName="executor://xunit/VsTestRunner3/netcore/" className="Task.Desktop.Tests.WindowsUxAccessibilityTests" name="WindowsUxRunner_UsesAnIsolatedDesktopDataDirectory" />
    </UnitTest>
    <UnitTest name="Task.Desktop.Tests.WindowsUxAccessibilityTests.CriticalWindowsHeadingsAndLiveRegions_AreDeclaredForScreenReaders" storage="c:\users\novik\таск\work\production\tests\task.desktop.tests\bin\release\net10.0-windows\task.desktop.tests.dll" id="b55c8710-68f2-4bf2-ca8f-2e6bb8557864">
      <Execution id="75a9022a-9b92-49e5-aa96-c1ed134629c3" />
      <TestMethod codeBase="C:\Users\novik\Таск\work\production\tests\Task.Desktop.Tests\bin\Release\net10.0-windows\Task.Desktop.Tests.dll" adapterTypeName="executor://xunit/VsTestRunner3/netcore/" className="Task.Desktop.Tests.WindowsUxAccessibilityTests" name="CriticalWindowsHeadingsAndLiveRegions_AreDeclaredForScreenReaders" />
    </UnitTest>
    <UnitTest name="Task.Desktop.Tests.WindowsUxAccessibilityTests.StartupSizing_FitsSupportedWindowsScaleMatrix(desiredWidth: 1200, desiredHeight: 900)" storage="c:\users\novik\таск\work\production\tests\task.desktop.tests\bin\release\net10.0-windows\task.desktop.tests.dll" id="90839013-3998-69b9-a796-6eaa0f46dee8">
      <Execution id="4ee92493-d235-440f-8fd5-9d58d6356b05" />
      <TestMethod codeBase="C:\Users\novik\Таск\work\production\tests\Task.Desktop.Tests\bin\Release\net10.0-windows\Task.Desktop.Tests.dll" adapterTypeName="executor://xunit/VsTestRunner3/netcore/" className="Task.Desktop.Tests.WindowsUxAccessibilityTests" name="StartupSizing_FitsSupportedWindowsScaleMatrix" />
    </UnitTest>
    <UnitTest name="Task.Desktop.Tests.WindowsUxAccessibilityTests.PrimaryDesktopSurfaces_ExposeStableWindowsAutomationRoots" storage="c:\users\novik\таск\work\production\tests\task.desktop.tests\bin\release\net10.0-windows\task.desktop.tests.dll" id="489b83bd-97e4-6e53-1fed-9beb667b544e">
      <Execution id="d7411727-be83-447d-85a6-4cb3798f2151" />
      <TestMethod codeBase="C:\Users\novik\Таск\work\production\tests\Task.Desktop.Tests\bin\Release\net10.0-windows\Task.Desktop.Tests.dll" adapterTypeName="executor://xunit/VsTestRunner3/netcore/" className="Task.Desktop.Tests.WindowsUxAccessibilityTests" name="PrimaryDesktopSurfaces_ExposeStableWindowsAutomationRoots" />
    </UnitTest>
    <UnitTest name="Task.Desktop.Tests.WindowsUxAccessibilityTests.DesktopManifest_DeclaresPerMonitorV2AndAsInvoker" storage="c:\users\novik\таск\work\production\tests\task.desktop.tests\bin\release\net10.0-windows\task.desktop.tests.dll" id="02a54b5f-9a75-ae01-c8c4-b990a21353ba">
      <Execution id="a1efd99f-a405-4ca4-9143-730812ecf2b8" />
      <TestMethod codeBase="C:\Users\novik\Таск\work\production\tests\Task.Desktop.Tests\bin\Release\net10.0-windows\Task.Desktop.Tests.dll" adapterTypeName="executor://xunit/VsTestRunner3/netcore/" className="Task.Desktop.Tests.WindowsUxAccessibilityTests" name="DesktopManifest_DeclaresPerMonitorV2AndAsInvoker" />
    </UnitTest>
    <UnitTest name="Task.Desktop.Tests.WindowsUxAccessibilityTests.StartupSizing_FitsSupportedWindowsScaleMatrix(desiredWidth: 1120, desiredHeight: 700)" storage="c:\users\novik\таск\work\production\tests\task.desktop.tests\bin\release\net10.0-windows\task.desktop.tests.dll" id="7bc2afde-2ef0-be63-4390-7fb1bec9ea39">
      <Execution id="7cb4bba7-a97a-4cd9-abc0-229ab2fd799c" />
      <TestMethod codeBase="C:\Users\novik\Таск\work\production\tests\Task.Desktop.Tests\bin\Release\net10.0-windows\Task.Desktop.Tests.dll" adapterTypeName="executor://xunit/VsTestRunner3/netcore/" className="Task.Desktop.Tests.WindowsUxAccessibilityTests" name="StartupSizing_FitsSupportedWindowsScaleMatrix" />
    </UnitTest>
    <UnitTest name="Task.Desktop.Tests.WindowsUxAccessibilityTests.WindowContracts_FitAtTwoHundredPercentAndExposeKeyboardHelp" storage="c:\users\novik\таск\work\production\tests\task.desktop.tests\bin\release\net10.0-windows\task.desktop.tests.dll" id="53057d28-aa08-de26-679c-1e0c8ad95916">
      <Execution id="a8416a1e-3d81-4cc0-a11c-cf50339aa97c" />
      <TestMethod codeBase="C:\Users\novik\Таск\work\production\tests\Task.Desktop.Tests\bin\Release\net10.0-windows\Task.Desktop.Tests.dll" adapterTypeName="executor://xunit/VsTestRunner3/netcore/" className="Task.Desktop.Tests.WindowsUxAccessibilityTests" name="WindowContracts_FitAtTwoHundredPercentAndExposeKeyboardHelp" />
    </UnitTest>
  </TestDefinitions>
  <TestEntries>
    <TestEntry testId="7bc2afde-2ef0-be63-4390-7fb1bec9ea39" executionId="7cb4bba7-a97a-4cd9-abc0-229ab2fd799c" testListId="8c84fa94-04c1-424b-9868-57a2d4851a1d" />
    <TestEntry testId="489b83bd-97e4-6e53-1fed-9beb667b544e" executionId="d7411727-be83-447d-85a6-4cb3798f2151" testListId="8c84fa94-04c1-424b-9868-57a2d4851a1d" />
    <TestEntry testId="e686392e-e3b8-638d-11a6-2ee832a269f7" executionId="fb736c16-a80a-4e61-ad2b-b423273b53b7" testListId="8c84fa94-04c1-424b-9868-57a2d4851a1d" />
    <TestEntry testId="90839013-3998-69b9-a796-6eaa0f46dee8" executionId="4ee92493-d235-440f-8fd5-9d58d6356b05" testListId="8c84fa94-04c1-424b-9868-57a2d4851a1d" />
    <TestEntry testId="53057d28-aa08-de26-679c-1e0c8ad95916" executionId="a8416a1e-3d81-4cc0-a11c-cf50339aa97c" testListId="8c84fa94-04c1-424b-9868-57a2d4851a1d" />
    <TestEntry testId="b55c8710-68f2-4bf2-ca8f-2e6bb8557864" executionId="75a9022a-9b92-49e5-aa96-c1ed134629c3" testListId="8c84fa94-04c1-424b-9868-57a2d4851a1d" />
    <TestEntry testId="02a54b5f-9a75-ae01-c8c4-b990a21353ba" executionId="a1efd99f-a405-4ca4-9143-730812ecf2b8" testListId="8c84fa94-04c1-424b-9868-57a2d4851a1d" />
  </TestEntries>
  <TestLists>
    <TestList name="Список результатов" id="8c84fa94-04c1-424b-9868-57a2d4851a1d" />
    <TestList name="Все загруженные результаты" id="19431567-8539-422a-85d7-44ee4e166bda" />
  </TestLists>
  <ResultSummary outcome="Completed">
    <Counters total="7" executed="7" passed="7" failed="0" error="0" timeout="0" aborted="0" inconclusive="0" passedButRunAborted="0" notRunnable="0" notExecuted="0" disconnected="0" warning="0" completed="0" inProgress="0" pending="0" />
    <Output>
      <StdOut>[xUnit.net 00:00:00.00] xUnit.net VSTest Adapter v3.1.4+50e68bbb8b (64-bit .NET 10.0.11)&#xD;
[xUnit.net 00:00:00.47]   Discovering: Task.Desktop.Tests&#xD;
[xUnit.net 00:00:00.57]   Discovered:  Task.Desktop.Tests&#xD;
[xUnit.net 00:00:00.60]   Starting:    Task.Desktop.Tests&#xD;
[xUnit.net 00:00:00.80]   Finished:    Task.Desktop.Tests&#xD;
</StdOut>
    </Output>
  </ResultSummary>
</TestRun>